Copyright 1986-2022 Xilinx, Inc. All Rights Reserved.
--------------------------------------------------------------------------------------------------------------------------------------------------------------------------------------
| Tool Version : Vivado v.2022.2 (win64) Build 3671981 Fri Oct 14 05:00:03 MDT 2022
| Date         : Thu Nov 20 14:07:50 2025
| Host         : Aniketh_x86-64 running 64-bit major release  (build 9200)
| Command      : report_methodology -file ddr_renderer_top_methodology_drc_routed.rpt -pb ddr_renderer_top_methodology_drc_routed.pb -rpx ddr_renderer_top_methodology_drc_routed.rpx
| Design       : ddr_renderer_top
| Device       : xc7s50csga324-1
| Speed File   : -1
| Design State : Fully Routed
--------------------------------------------------------------------------------------------------------------------------------------------------------------------------------------

Report Methodology

Table of Contents
-----------------
1. REPORT SUMMARY
2. REPORT DETAILS

1. REPORT SUMMARY
-----------------
            Netlist: netlist
          Floorplan: design_1
      Design limits: <entire design considered>
             Max violations: <unlimited>
             Violations found: 198
+-----------+------------------+----------------------------------------------------+------------+
| Rule      | Severity         | Description                                        | Violations |
+-----------+------------------+----------------------------------------------------+------------+
| TIMING-2  | Critical Warning | Invalid primary clock source pin                   | 1          |
| TIMING-4  | Critical Warning | Invalid primary clock redefinition on a clock tree | 2          |
| TIMING-6  | Critical Warning | No common primary clock between related clocks     | 2          |
| TIMING-7  | Critical Warning | No common node between related clocks              | 2          |
| TIMING-17 | Critical Warning | Non-clocked sequential cell                        | 32         |
| TIMING-27 | Critical Warning | Invalid primary clock on hierarchical pin          | 1          |
| LUTAR-1   | Warning          | LUT drives async reset alert                       | 1          |
| TIMING-16 | Warning          | Large setup violation                              | 28         |
| TIMING-20 | Warning          | Non-clocked latch                                  | 128        |
| LATCH-1   | Advisory         | Existing latches in the design                     | 1          |
+-----------+------------------+----------------------------------------------------+------------+

2. REPORT DETAILS
-----------------
TIMING-2#1 Critical Warning
Invalid primary clock source pin  
A primary clock clk_wiz/inst/clk_in1 is created on an inappropriate pin clk_wiz/inst/clk_in1. It is recommended to create a primary clock only on a proper clock source (input port or primitive output pin with no timing arc)
Related violations: <none>

TIMING-4#1 Critical Warning
Invalid primary clock redefinition on a clock tree  
Invalid clock redefinition on a clock tree. The primary clock clk_wiz/inst/clk_in1 is defined downstream of clock DDR3_CLK100 and overrides its insertion delay and/or waveform definition
Related violations: <none>

TIMING-4#2 Critical Warning
Invalid primary clock redefinition on a clock tree  
Invalid clock redefinition on a clock tree. The primary clock ddr3_arbiter_inst/clkgen_ddr3ctrl_instance/inst/clk_in1 is defined downstream of clock DDR3_CLK100 and overrides its insertion delay and/or waveform definition
Related violations: <none>

TIMING-6#1 Critical Warning
No common primary clock between related clocks  
The clocks clk_out1_clk_wiz_0 and clk_out4_div_clk_wiz_1 are related (timed together) but they have no common primary clock. The design could fail in hardware. To find a timing path between these clocks, run the following command: report_timing -from [get_clocks clk_out1_clk_wiz_0] -to [get_clocks clk_out4_div_clk_wiz_1]
Related violations: <none>

TIMING-6#2 Critical Warning
No common primary clock between related clocks  
The clocks clk_out4_div_clk_wiz_1 and clk_out1_clk_wiz_0 are related (timed together) but they have no common primary clock. The design could fail in hardware. To find a timing path between these clocks, run the following command: report_timing -from [get_clocks clk_out4_div_clk_wiz_1] -to [get_clocks clk_out1_clk_wiz_0]
Related violations: <none>

TIMING-7#1 Critical Warning
No common node between related clocks  
The clocks clk_out1_clk_wiz_0 and clk_out4_div_clk_wiz_1 are related (timed together) but they have no common node. The design could fail in hardware. To find a timing path between these clocks, run the following command: report_timing -from [get_clocks clk_out1_clk_wiz_0] -to [get_clocks clk_out4_div_clk_wiz_1]
Related violations: <none>

TIMING-7#2 Critical Warning
No common node between related clocks  
The clocks clk_out4_div_clk_wiz_1 and clk_out1_clk_wiz_0 are related (timed together) but they have no common node. The design could fail in hardware. To find a timing path between these clocks, run the following command: report_timing -from [get_clocks clk_out4_div_clk_wiz_1] -to [get_clocks clk_out1_clk_wiz_0]
Related violations: <none>

TIMING-17#1 Critical Warning
Non-clocked sequential cell  
The clock pin ddr3_arbiter_inst/phy_instance/genblk11[0].iserdes_dq_inst/CLK is not reached by a timing clock
Related violations: <none>

TIMING-17#2 Critical Warning
Non-clocked sequential cell  
The clock pin ddr3_arbiter_inst/phy_instance/genblk11[0].iserdes_dq_inst/CLKB is not reached by a timing clock
Related violations: <none>

TIMING-17#3 Critical Warning
Non-clocked sequential cell  
The clock pin ddr3_arbiter_inst/phy_instance/genblk11[10].iserdes_dq_inst/CLK is not reached by a timing clock
Related violations: <none>

TIMING-17#4 Critical Warning
Non-clocked sequential cell  
The clock pin ddr3_arbiter_inst/phy_instance/genblk11[10].iserdes_dq_inst/CLKB is not reached by a timing clock
Related violations: <none>

TIMING-17#5 Critical Warning
Non-clocked sequential cell  
The clock pin ddr3_arbiter_inst/phy_instance/genblk11[11].iserdes_dq_inst/CLK is not reached by a timing clock
Related violations: <none>

TIMING-17#6 Critical Warning
Non-clocked sequential cell  
The clock pin ddr3_arbiter_inst/phy_instance/genblk11[11].iserdes_dq_inst/CLKB is not reached by a timing clock
Related violations: <none>

TIMING-17#7 Critical Warning
Non-clocked sequential cell  
The clock pin ddr3_arbiter_inst/phy_instance/genblk11[12].iserdes_dq_inst/CLK is not reached by a timing clock
Related violations: <none>

TIMING-17#8 Critical Warning
Non-clocked sequential cell  
The clock pin ddr3_arbiter_inst/phy_instance/genblk11[12].iserdes_dq_inst/CLKB is not reached by a timing clock
Related violations: <none>

TIMING-17#9 Critical Warning
Non-clocked sequential cell  
The clock pin ddr3_arbiter_inst/phy_instance/genblk11[13].iserdes_dq_inst/CLK is not reached by a timing clock
Related violations: <none>

TIMING-17#10 Critical Warning
Non-clocked sequential cell  
The clock pin ddr3_arbiter_inst/phy_instance/genblk11[13].iserdes_dq_inst/CLKB is not reached by a timing clock
Related violations: <none>

TIMING-17#11 Critical Warning
Non-clocked sequential cell  
The clock pin ddr3_arbiter_inst/phy_instance/genblk11[14].iserdes_dq_inst/CLK is not reached by a timing clock
Related violations: <none>

TIMING-17#12 Critical Warning
Non-clocked sequential cell  
The clock pin ddr3_arbiter_inst/phy_instance/genblk11[14].iserdes_dq_inst/CLKB is not reached by a timing clock
Related violations: <none>

TIMING-17#13 Critical Warning
Non-clocked sequential cell  
The clock pin ddr3_arbiter_inst/phy_instance/genblk11[15].iserdes_dq_inst/CLK is not reached by a timing clock
Related violations: <none>

TIMING-17#14 Critical Warning
Non-clocked sequential cell  
The clock pin ddr3_arbiter_inst/phy_instance/genblk11[15].iserdes_dq_inst/CLKB is not reached by a timing clock
Related violations: <none>

TIMING-17#15 Critical Warning
Non-clocked sequential cell  
The clock pin ddr3_arbiter_inst/phy_instance/genblk11[1].iserdes_dq_inst/CLK is not reached by a timing clock
Related violations: <none>

TIMING-17#16 Critical Warning
Non-clocked sequential cell  
The clock pin ddr3_arbiter_inst/phy_instance/genblk11[1].iserdes_dq_inst/CLKB is not reached by a timing clock
Related violations: <none>

TIMING-17#17 Critical Warning
Non-clocked sequential cell  
The clock pin ddr3_arbiter_inst/phy_instance/genblk11[2].iserdes_dq_inst/CLK is not reached by a timing clock
Related violations: <none>

TIMING-17#18 Critical Warning
Non-clocked sequential cell  
The clock pin ddr3_arbiter_inst/phy_instance/genblk11[2].iserdes_dq_inst/CLKB is not reached by a timing clock
Related violations: <none>

TIMING-17#19 Critical Warning
Non-clocked sequential cell  
The clock pin ddr3_arbiter_inst/phy_instance/genblk11[3].iserdes_dq_inst/CLK is not reached by a timing clock
Related violations: <none>

TIMING-17#20 Critical Warning
Non-clocked sequential cell  
The clock pin ddr3_arbiter_inst/phy_instance/genblk11[3].iserdes_dq_inst/CLKB is not reached by a timing clock
Related violations: <none>

TIMING-17#21 Critical Warning
Non-clocked sequential cell  
The clock pin ddr3_arbiter_inst/phy_instance/genblk11[4].iserdes_dq_inst/CLK is not reached by a timing clock
Related violations: <none>

TIMING-17#22 Critical Warning
Non-clocked sequential cell  
The clock pin ddr3_arbiter_inst/phy_instance/genblk11[4].iserdes_dq_inst/CLKB is not reached by a timing clock
Related violations: <none>

TIMING-17#23 Critical Warning
Non-clocked sequential cell  
The clock pin ddr3_arbiter_inst/phy_instance/genblk11[5].iserdes_dq_inst/CLK is not reached by a timing clock
Related violations: <none>

TIMING-17#24 Critical Warning
Non-clocked sequential cell  
The clock pin ddr3_arbiter_inst/phy_instance/genblk11[5].iserdes_dq_inst/CLKB is not reached by a timing clock
Related violations: <none>

TIMING-17#25 Critical Warning
Non-clocked sequential cell  
The clock pin ddr3_arbiter_inst/phy_instance/genblk11[6].iserdes_dq_inst/CLK is not reached by a timing clock
Related violations: <none>

TIMING-17#26 Critical Warning
Non-clocked sequential cell  
The clock pin ddr3_arbiter_inst/phy_instance/genblk11[6].iserdes_dq_inst/CLKB is not reached by a timing clock
Related violations: <none>

TIMING-17#27 Critical Warning
Non-clocked sequential cell  
The clock pin ddr3_arbiter_inst/phy_instance/genblk11[7].iserdes_dq_inst/CLK is not reached by a timing clock
Related violations: <none>

TIMING-17#28 Critical Warning
Non-clocked sequential cell  
The clock pin ddr3_arbiter_inst/phy_instance/genblk11[7].iserdes_dq_inst/CLKB is not reached by a timing clock
Related violations: <none>

TIMING-17#29 Critical Warning
Non-clocked sequential cell  
The clock pin ddr3_arbiter_inst/phy_instance/genblk11[8].iserdes_dq_inst/CLK is not reached by a timing clock
Related violations: <none>

TIMING-17#30 Critical Warning
Non-clocked sequential cell  
The clock pin ddr3_arbiter_inst/phy_instance/genblk11[8].iserdes_dq_inst/CLKB is not reached by a timing clock
Related violations: <none>

TIMING-17#31 Critical Warning
Non-clocked sequential cell  
The clock pin ddr3_arbiter_inst/phy_instance/genblk11[9].iserdes_dq_inst/CLK is not reached by a timing clock
Related violations: <none>

TIMING-17#32 Critical Warning
Non-clocked sequential cell  
The clock pin ddr3_arbiter_inst/phy_instance/genblk11[9].iserdes_dq_inst/CLKB is not reached by a timing clock
Related violations: <none>

TIMING-27#1 Critical Warning
Invalid primary clock on hierarchical pin  
A primary clock ddr3_arbiter_inst/clkgen_ddr3ctrl_instance/inst/clk_in1 is created on an inappropriate internal pin ddr3_arbiter_inst/clkgen_ddr3ctrl_instance/inst/clk_in1. It is not recommended to create a primary clock on a hierarchical pin when its driver pin has a fanout connected to multiple clock pins
Related violations: <none>

LUTAR-1#1 Warning
LUT drives async reset alert  
LUT cell vga_to_hdmi/inst/encr/oserdes_m_i_1, with 2 or more inputs, drives asynchronous preset/clear pin(s) vga_to_hdmi/inst/encg/dout_reg[9]/CLR,
vga_to_hdmi/inst/encr/cnt_reg[1]/CLR, vga_to_hdmi/inst/encr/cnt_reg[2]/CLR,
vga_to_hdmi/inst/encr/cnt_reg[3]/CLR, vga_to_hdmi/inst/encr/cnt_reg[4]/CLR,
vga_to_hdmi/inst/encr/dout_reg[0]/CLR,
vga_to_hdmi/inst/encr/dout_reg[1]/CLR,
vga_to_hdmi/inst/encr/dout_reg[2]/CLR,
vga_to_hdmi/inst/encr/dout_reg[3]/CLR,
vga_to_hdmi/inst/encr/dout_reg[4]/CLR,
vga_to_hdmi/inst/encr/dout_reg[5]/CLR,
vga_to_hdmi/inst/encr/dout_reg[6]/CLR,
vga_to_hdmi/inst/encr/dout_reg[7]/CLR,
vga_to_hdmi/inst/encr/dout_reg[8]/CLR,
vga_to_hdmi/inst/encr/dout_reg[9]/CLR (the first 15 of 42 listed). The LUT may glitch and trigger an unexpected reset, even if it is a properly timed path.
Related violations: <none>

TIMING-16#1 Warning
Large setup violation  
There is a large setup violation of -1.106 ns between ddr3_arbiter_inst/phy_instance/cmdfifo_inst/U0/inst_fifo_gen/gconvfifo.rf/grf.rf/gntv_or_sync_fifo.mem/gbm.gbmg.gbmga.ngecc.bmg/inst_blk_mem_gen/gnbram.gnativebmg.native_blk_mem_gen/valid.cstr/ramloop[2].ram.r/prim_noinit.ram/DEVICE_7SERIES.NO_BMM_INFO.SDP.WIDE_PRIM36_NO_ECC.ram/CLKARDCLK (clocked by clk_out4_div_clk_wiz_1) and ddr3_arbiter_inst/phy_instance/r_pre_req_reg/D (clocked by clk_out4_div_clk_wiz_1). Large setup violations at the end of those stages might be difficult to fix during the post-placement implementation flow and could be the result of non-optimal XDC constraints or non-optimal design architecture
Related violations: <none>

TIMING-16#2 Warning
Large setup violation  
There is a large setup violation of -1.184 ns between ddr3_arbiter_inst/phy_instance/cmdfifo_inst/U0/inst_fifo_gen/gconvfifo.rf/grf.rf/gntv_or_sync_fifo.mem/gbm.gbmg.gbmga.ngecc.bmg/inst_blk_mem_gen/gnbram.gnativebmg.native_blk_mem_gen/valid.cstr/ramloop[2].ram.r/prim_noinit.ram/DEVICE_7SERIES.NO_BMM_INFO.SDP.WIDE_PRIM36_NO_ECC.ram/CLKARDCLK (clocked by clk_out4_div_clk_wiz_1) and ddr3_arbiter_inst/phy_instance/r_act_req_reg/D (clocked by clk_out4_div_clk_wiz_1). Large setup violations at the end of those stages might be difficult to fix during the post-placement implementation flow and could be the result of non-optimal XDC constraints or non-optimal design architecture
Related violations: <none>

TIMING-16#3 Warning
Large setup violation  
There is a large setup violation of -1.352 ns between vga/vs_reg/C (clocked by clk_out1_clk_wiz_0) and FSM_sequential_ddr3_wr_state_q_reg[0]_inv/D (clocked by clk_out4_div_clk_wiz_1). Large setup violations at the end of those stages might be difficult to fix during the post-placement implementation flow and could be the result of non-optimal XDC constraints or non-optimal design architecture
Related violations: <none>

TIMING-16#4 Warning
Large setup violation  
There is a large setup violation of -1.353 ns between vga/vs_reg/C (clocked by clk_out1_clk_wiz_0) and vga_vsync_counter_reg[1]/CE (clocked by clk_out4_div_clk_wiz_1). Large setup violations at the end of those stages might be difficult to fix during the post-placement implementation flow and could be the result of non-optimal XDC constraints or non-optimal design architecture
Related violations: <none>

TIMING-16#5 Warning
Large setup violation  
There is a large setup violation of -1.353 ns between vga/vs_reg/C (clocked by clk_out1_clk_wiz_0) and vga_vsync_counter_reg[2]/CE (clocked by clk_out4_div_clk_wiz_1). Large setup violations at the end of those stages might be difficult to fix during the post-placement implementation flow and could be the result of non-optimal XDC constraints or non-optimal design architecture
Related violations: <none>

TIMING-16#6 Warning
Large setup violation  
There is a large setup violation of -1.353 ns between vga/vs_reg/C (clocked by clk_out1_clk_wiz_0) and vga_vsync_counter_reg[6]/CE (clocked by clk_out4_div_clk_wiz_1). Large setup violations at the end of those stages might be difficult to fix during the post-placement implementation flow and could be the result of non-optimal XDC constraints or non-optimal design architecture
Related violations: <none>

TIMING-16#7 Warning
Large setup violation  
There is a large setup violation of -1.353 ns between vga/vs_reg/C (clocked by clk_out1_clk_wiz_0) and vga_vsync_counter_reg[7]/CE (clocked by clk_out4_div_clk_wiz_1). Large setup violations at the end of those stages might be difficult to fix during the post-placement implementation flow and could be the result of non-optimal XDC constraints or non-optimal design architecture
Related violations: <none>

TIMING-16#8 Warning
Large setup violation  
There is a large setup violation of -1.383 ns between vga/vs_reg/C (clocked by clk_out1_clk_wiz_0) and vga_vsync_counter_reg[0]/CE (clocked by clk_out4_div_clk_wiz_1). Large setup violations at the end of those stages might be difficult to fix during the post-placement implementation flow and could be the result of non-optimal XDC constraints or non-optimal design architecture
Related violations: <none>

TIMING-16#9 Warning
Large setup violation  
There is a large setup violation of -1.383 ns between vga/vs_reg/C (clocked by clk_out1_clk_wiz_0) and vga_vsync_counter_reg[3]/CE (clocked by clk_out4_div_clk_wiz_1). Large setup violations at the end of those stages might be difficult to fix during the post-placement implementation flow and could be the result of non-optimal XDC constraints or non-optimal design architecture
Related violations: <none>

TIMING-16#10 Warning
Large setup violation  
There is a large setup violation of -1.383 ns between vga/vs_reg/C (clocked by clk_out1_clk_wiz_0) and vga_vsync_counter_reg[4]/CE (clocked by clk_out4_div_clk_wiz_1). Large setup violations at the end of those stages might be difficult to fix during the post-placement implementation flow and could be the result of non-optimal XDC constraints or non-optimal design architecture
Related violations: <none>

TIMING-16#11 Warning
Large setup violation  
There is a large setup violation of -1.383 ns between vga/vs_reg/C (clocked by clk_out1_clk_wiz_0) and vga_vsync_counter_reg[5]/CE (clocked by clk_out4_div_clk_wiz_1). Large setup violations at the end of those stages might be difficult to fix during the post-placement implementation flow and could be the result of non-optimal XDC constraints or non-optimal design architecture
Related violations: <none>

TIMING-16#12 Warning
Large setup violation  
There is a large setup violation of -1.437 ns between vga/hc_reg[8]_replica/C (clocked by clk_out1_clk_wiz_0) and frame_buffer_inst/bram0/U0/inst_blk_mem_gen/gnbram.gnativebmg.native_blk_mem_gen/valid.cstr/ramloop[0].ram.r/prim_noinit.ram/DEVICE_7SERIES.NO_BMM_INFO.TRUE_DP.SIMPLE_PRIM18.ram/ADDRBWRADDR[12] (clocked by clk_out4_div_clk_wiz_1). Large setup violations at the end of those stages might be difficult to fix during the post-placement implementation flow and could be the result of non-optimal XDC constraints or non-optimal design architecture
Related violations: <none>

TIMING-16#13 Warning
Large setup violation  
There is a large setup violation of -1.513 ns between vga/hc_reg[7]/C (clocked by clk_out1_clk_wiz_0) and old_vga_vde_reg/D (clocked by clk_out4_div_clk_wiz_1). Large setup violations at the end of those stages might be difficult to fix during the post-placement implementation flow and could be the result of non-optimal XDC constraints or non-optimal design architecture
Related violations: <none>

TIMING-16#14 Warning
Large setup violation  
There is a large setup violation of -1.553 ns between vga/hc_reg[3]/C (clocked by clk_out1_clk_wiz_0) and frame_buffer_inst/bram0/U0/inst_blk_mem_gen/gnbram.gnativebmg.native_blk_mem_gen/valid.cstr/ramloop[0].ram.r/prim_noinit.ram/DEVICE_7SERIES.NO_BMM_INFO.TRUE_DP.SIMPLE_PRIM18.ram/ADDRBWRADDR[7] (clocked by clk_out4_div_clk_wiz_1). Large setup violations at the end of those stages might be difficult to fix during the post-placement implementation flow and could be the result of non-optimal XDC constraints or non-optimal design architecture
Related violations: <none>

TIMING-16#15 Warning
Large setup violation  
There is a large setup violation of -1.563 ns between vga/hc_reg[4]/C (clocked by clk_out1_clk_wiz_0) and frame_buffer_inst/bram0/U0/inst_blk_mem_gen/gnbram.gnativebmg.native_blk_mem_gen/valid.cstr/ramloop[0].ram.r/prim_noinit.ram/DEVICE_7SERIES.NO_BMM_INFO.TRUE_DP.SIMPLE_PRIM18.ram/ADDRBWRADDR[8] (clocked by clk_out4_div_clk_wiz_1). Large setup violations at the end of those stages might be difficult to fix during the post-placement implementation flow and could be the result of non-optimal XDC constraints or non-optimal design architecture
Related violations: <none>

TIMING-16#16 Warning
Large setup violation  
There is a large setup violation of -1.564 ns between vga/hc_reg[1]/C (clocked by clk_out1_clk_wiz_0) and frame_buffer_inst/bram0/U0/inst_blk_mem_gen/gnbram.gnativebmg.native_blk_mem_gen/valid.cstr/ramloop[0].ram.r/prim_noinit.ram/DEVICE_7SERIES.NO_BMM_INFO.TRUE_DP.SIMPLE_PRIM18.ram/ADDRBWRADDR[5] (clocked by clk_out4_div_clk_wiz_1). Large setup violations at the end of those stages might be difficult to fix during the post-placement implementation flow and could be the result of non-optimal XDC constraints or non-optimal design architecture
Related violations: <none>

TIMING-16#17 Warning
Large setup violation  
There is a large setup violation of -1.564 ns between vga/hc_reg[5]/C (clocked by clk_out1_clk_wiz_0) and frame_buffer_inst/bram0/U0/inst_blk_mem_gen/gnbram.gnativebmg.native_blk_mem_gen/valid.cstr/ramloop[0].ram.r/prim_noinit.ram/DEVICE_7SERIES.NO_BMM_INFO.TRUE_DP.SIMPLE_PRIM18.ram/ADDRBWRADDR[9] (clocked by clk_out4_div_clk_wiz_1). Large setup violations at the end of those stages might be difficult to fix during the post-placement implementation flow and could be the result of non-optimal XDC constraints or non-optimal design architecture
Related violations: <none>

TIMING-16#18 Warning
Large setup violation  
There is a large setup violation of -1.589 ns between vga/hc_reg[0]/C (clocked by clk_out1_clk_wiz_0) and frame_buffer_inst/bram0/U0/inst_blk_mem_gen/gnbram.gnativebmg.native_blk_mem_gen/valid.cstr/ramloop[0].ram.r/prim_noinit.ram/DEVICE_7SERIES.NO_BMM_INFO.TRUE_DP.SIMPLE_PRIM18.ram/ADDRBWRADDR[4] (clocked by clk_out4_div_clk_wiz_1). Large setup violations at the end of those stages might be difficult to fix during the post-placement implementation flow and could be the result of non-optimal XDC constraints or non-optimal design architecture
Related violations: <none>

TIMING-16#19 Warning
Large setup violation  
There is a large setup violation of -1.668 ns between vga/hc_reg[9]/C (clocked by clk_out1_clk_wiz_0) and frame_buffer_inst/bram0/U0/inst_blk_mem_gen/gnbram.gnativebmg.native_blk_mem_gen/valid.cstr/ramloop[0].ram.r/prim_noinit.ram/DEVICE_7SERIES.NO_BMM_INFO.TRUE_DP.SIMPLE_PRIM18.ram/ADDRBWRADDR[13] (clocked by clk_out4_div_clk_wiz_1). Large setup violations at the end of those stages might be difficult to fix during the post-placement implementation flow and could be the result of non-optimal XDC constraints or non-optimal design architecture
Related violations: <none>

TIMING-16#20 Warning
Large setup violation  
There is a large setup violation of -1.690 ns between vga/hc_reg[6]/C (clocked by clk_out1_clk_wiz_0) and frame_buffer_inst/bram0/U0/inst_blk_mem_gen/gnbram.gnativebmg.native_blk_mem_gen/valid.cstr/ramloop[0].ram.r/prim_noinit.ram/DEVICE_7SERIES.NO_BMM_INFO.TRUE_DP.SIMPLE_PRIM18.ram/ADDRBWRADDR[10] (clocked by clk_out4_div_clk_wiz_1). Large setup violations at the end of those stages might be difficult to fix during the post-placement implementation flow and could be the result of non-optimal XDC constraints or non-optimal design architecture
Related violations: <none>

TIMING-16#21 Warning
Large setup violation  
There is a large setup violation of -1.719 ns between vga/hc_reg[2]/C (clocked by clk_out1_clk_wiz_0) and frame_buffer_inst/bram0/U0/inst_blk_mem_gen/gnbram.gnativebmg.native_blk_mem_gen/valid.cstr/ramloop[0].ram.r/prim_noinit.ram/DEVICE_7SERIES.NO_BMM_INFO.TRUE_DP.SIMPLE_PRIM18.ram/ADDRBWRADDR[6] (clocked by clk_out4_div_clk_wiz_1). Large setup violations at the end of those stages might be difficult to fix during the post-placement implementation flow and could be the result of non-optimal XDC constraints or non-optimal design architecture
Related violations: <none>

TIMING-16#22 Warning
Large setup violation  
There is a large setup violation of -1.748 ns between vga/hc_reg[7]/C (clocked by clk_out1_clk_wiz_0) and frame_buffer_inst/bram0/U0/inst_blk_mem_gen/gnbram.gnativebmg.native_blk_mem_gen/valid.cstr/ramloop[0].ram.r/prim_noinit.ram/DEVICE_7SERIES.NO_BMM_INFO.TRUE_DP.SIMPLE_PRIM18.ram/ADDRBWRADDR[11] (clocked by clk_out4_div_clk_wiz_1). Large setup violations at the end of those stages might be difficult to fix during the post-placement implementation flow and could be the result of non-optimal XDC constraints or non-optimal design architecture
Related violations: <none>

TIMING-16#23 Warning
Large setup violation  
There is a large setup violation of -2.003 ns between vga/hc_reg[7]/C (clocked by clk_out1_clk_wiz_0) and FSM_onehot_fbuf_wr_state_q_reg[0]/CE (clocked by clk_out4_div_clk_wiz_1). Large setup violations at the end of those stages might be difficult to fix during the post-placement implementation flow and could be the result of non-optimal XDC constraints or non-optimal design architecture
Related violations: <none>

TIMING-16#24 Warning
Large setup violation  
There is a large setup violation of -2.003 ns between vga/hc_reg[7]/C (clocked by clk_out1_clk_wiz_0) and FSM_onehot_fbuf_wr_state_q_reg[1]/CE (clocked by clk_out4_div_clk_wiz_1). Large setup violations at the end of those stages might be difficult to fix during the post-placement implementation flow and could be the result of non-optimal XDC constraints or non-optimal design architecture
Related violations: <none>

TIMING-16#25 Warning
Large setup violation  
There is a large setup violation of -2.003 ns between vga/hc_reg[7]/C (clocked by clk_out1_clk_wiz_0) and FSM_onehot_fbuf_wr_state_q_reg[2]/CE (clocked by clk_out4_div_clk_wiz_1). Large setup violations at the end of those stages might be difficult to fix during the post-placement implementation flow and could be the result of non-optimal XDC constraints or non-optimal design architecture
Related violations: <none>

TIMING-16#26 Warning
Large setup violation  
There is a large setup violation of -2.003 ns between vga/hc_reg[7]/C (clocked by clk_out1_clk_wiz_0) and FSM_onehot_fbuf_wr_state_q_reg[3]/CE (clocked by clk_out4_div_clk_wiz_1). Large setup violations at the end of those stages might be difficult to fix during the post-placement implementation flow and could be the result of non-optimal XDC constraints or non-optimal design architecture
Related violations: <none>

TIMING-16#27 Warning
Large setup violation  
There is a large setup violation of -2.003 ns between vga/hc_reg[7]/C (clocked by clk_out1_clk_wiz_0) and FSM_onehot_fbuf_wr_state_q_reg[4]/CE (clocked by clk_out4_div_clk_wiz_1). Large setup violations at the end of those stages might be difficult to fix during the post-placement implementation flow and could be the result of non-optimal XDC constraints or non-optimal design architecture
Related violations: <none>

TIMING-16#28 Warning
Large setup violation  
There is a large setup violation of -2.003 ns between vga/hc_reg[7]/C (clocked by clk_out1_clk_wiz_0) and FSM_onehot_fbuf_wr_state_q_reg[5]/CE (clocked by clk_out4_div_clk_wiz_1). Large setup violations at the end of those stages might be difficult to fix during the post-placement implementation flow and could be the result of non-optimal XDC constraints or non-optimal design architecture
Related violations: <none>

TIMING-20#1 Warning
Non-clocked latch  
The latch fbuf_dina_burst_reg[0] cannot be properly analyzed as its control pin fbuf_dina_burst_reg[0]/G is not reached by a timing clock
Related violations: <none>

TIMING-20#2 Warning
Non-clocked latch  
The latch fbuf_dina_burst_reg[100] cannot be properly analyzed as its control pin fbuf_dina_burst_reg[100]/G is not reached by a timing clock
Related violations: <none>

TIMING-20#3 Warning
Non-clocked latch  
The latch fbuf_dina_burst_reg[101] cannot be properly analyzed as its control pin fbuf_dina_burst_reg[101]/G is not reached by a timing clock
Related violations: <none>

TIMING-20#4 Warning
Non-clocked latch  
The latch fbuf_dina_burst_reg[102] cannot be properly analyzed as its control pin fbuf_dina_burst_reg[102]/G is not reached by a timing clock
Related violations: <none>

TIMING-20#5 Warning
Non-clocked latch  
The latch fbuf_dina_burst_reg[103] cannot be properly analyzed as its control pin fbuf_dina_burst_reg[103]/G is not reached by a timing clock
Related violations: <none>

TIMING-20#6 Warning
Non-clocked latch  
The latch fbuf_dina_burst_reg[104] cannot be properly analyzed as its control pin fbuf_dina_burst_reg[104]/G is not reached by a timing clock
Related violations: <none>

TIMING-20#7 Warning
Non-clocked latch  
The latch fbuf_dina_burst_reg[105] cannot be properly analyzed as its control pin fbuf_dina_burst_reg[105]/G is not reached by a timing clock
Related violations: <none>

TIMING-20#8 Warning
Non-clocked latch  
The latch fbuf_dina_burst_reg[106] cannot be properly analyzed as its control pin fbuf_dina_burst_reg[106]/G is not reached by a timing clock
Related violations: <none>

TIMING-20#9 Warning
Non-clocked latch  
The latch fbuf_dina_burst_reg[107] cannot be properly analyzed as its control pin fbuf_dina_burst_reg[107]/G is not reached by a timing clock
Related violations: <none>

TIMING-20#10 Warning
Non-clocked latch  
The latch fbuf_dina_burst_reg[108] cannot be properly analyzed as its control pin fbuf_dina_burst_reg[108]/G is not reached by a timing clock
Related violations: <none>

TIMING-20#11 Warning
Non-clocked latch  
The latch fbuf_dina_burst_reg[109] cannot be properly analyzed as its control pin fbuf_dina_burst_reg[109]/G is not reached by a timing clock
Related violations: <none>

TIMING-20#12 Warning
Non-clocked latch  
The latch fbuf_dina_burst_reg[10] cannot be properly analyzed as its control pin fbuf_dina_burst_reg[10]/G is not reached by a timing clock
Related violations: <none>

TIMING-20#13 Warning
Non-clocked latch  
The latch fbuf_dina_burst_reg[110] cannot be properly analyzed as its control pin fbuf_dina_burst_reg[110]/G is not reached by a timing clock
Related violations: <none>

TIMING-20#14 Warning
Non-clocked latch  
The latch fbuf_dina_burst_reg[111] cannot be properly analyzed as its control pin fbuf_dina_burst_reg[111]/G is not reached by a timing clock
Related violations: <none>

TIMING-20#15 Warning
Non-clocked latch  
The latch fbuf_dina_burst_reg[112] cannot be properly analyzed as its control pin fbuf_dina_burst_reg[112]/G is not reached by a timing clock
Related violations: <none>

TIMING-20#16 Warning
Non-clocked latch  
The latch fbuf_dina_burst_reg[113] cannot be properly analyzed as its control pin fbuf_dina_burst_reg[113]/G is not reached by a timing clock
Related violations: <none>

TIMING-20#17 Warning
Non-clocked latch  
The latch fbuf_dina_burst_reg[114] cannot be properly analyzed as its control pin fbuf_dina_burst_reg[114]/G is not reached by a timing clock
Related violations: <none>

TIMING-20#18 Warning
Non-clocked latch  
The latch fbuf_dina_burst_reg[115] cannot be properly analyzed as its control pin fbuf_dina_burst_reg[115]/G is not reached by a timing clock
Related violations: <none>

TIMING-20#19 Warning
Non-clocked latch  
The latch fbuf_dina_burst_reg[116] cannot be properly analyzed as its control pin fbuf_dina_burst_reg[116]/G is not reached by a timing clock
Related violations: <none>

TIMING-20#20 Warning
Non-clocked latch  
The latch fbuf_dina_burst_reg[117] cannot be properly analyzed as its control pin fbuf_dina_burst_reg[117]/G is not reached by a timing clock
Related violations: <none>

TIMING-20#21 Warning
Non-clocked latch  
The latch fbuf_dina_burst_reg[118] cannot be properly analyzed as its control pin fbuf_dina_burst_reg[118]/G is not reached by a timing clock
Related violations: <none>

TIMING-20#22 Warning
Non-clocked latch  
The latch fbuf_dina_burst_reg[119] cannot be properly analyzed as its control pin fbuf_dina_burst_reg[119]/G is not reached by a timing clock
Related violations: <none>

TIMING-20#23 Warning
Non-clocked latch  
The latch fbuf_dina_burst_reg[11] cannot be properly analyzed as its control pin fbuf_dina_burst_reg[11]/G is not reached by a timing clock
Related violations: <none>

TIMING-20#24 Warning
Non-clocked latch  
The latch fbuf_dina_burst_reg[120] cannot be properly analyzed as its control pin fbuf_dina_burst_reg[120]/G is not reached by a timing clock
Related violations: <none>

TIMING-20#25 Warning
Non-clocked latch  
The latch fbuf_dina_burst_reg[121] cannot be properly analyzed as its control pin fbuf_dina_burst_reg[121]/G is not reached by a timing clock
Related violations: <none>

TIMING-20#26 Warning
Non-clocked latch  
The latch fbuf_dina_burst_reg[122] cannot be properly analyzed as its control pin fbuf_dina_burst_reg[122]/G is not reached by a timing clock
Related violations: <none>

TIMING-20#27 Warning
Non-clocked latch  
The latch fbuf_dina_burst_reg[123] cannot be properly analyzed as its control pin fbuf_dina_burst_reg[123]/G is not reached by a timing clock
Related violations: <none>

TIMING-20#28 Warning
Non-clocked latch  
The latch fbuf_dina_burst_reg[124] cannot be properly analyzed as its control pin fbuf_dina_burst_reg[124]/G is not reached by a timing clock
Related violations: <none>

TIMING-20#29 Warning
Non-clocked latch  
The latch fbuf_dina_burst_reg[125] cannot be properly analyzed as its control pin fbuf_dina_burst_reg[125]/G is not reached by a timing clock
Related violations: <none>

TIMING-20#30 Warning
Non-clocked latch  
The latch fbuf_dina_burst_reg[126] cannot be properly analyzed as its control pin fbuf_dina_burst_reg[126]/G is not reached by a timing clock
Related violations: <none>

TIMING-20#31 Warning
Non-clocked latch  
The latch fbuf_dina_burst_reg[127] cannot be properly analyzed as its control pin fbuf_dina_burst_reg[127]/G is not reached by a timing clock
Related violations: <none>

TIMING-20#32 Warning
Non-clocked latch  
The latch fbuf_dina_burst_reg[12] cannot be properly analyzed as its control pin fbuf_dina_burst_reg[12]/G is not reached by a timing clock
Related violations: <none>

TIMING-20#33 Warning
Non-clocked latch  
The latch fbuf_dina_burst_reg[13] cannot be properly analyzed as its control pin fbuf_dina_burst_reg[13]/G is not reached by a timing clock
Related violations: <none>

TIMING-20#34 Warning
Non-clocked latch  
The latch fbuf_dina_burst_reg[14] cannot be properly analyzed as its control pin fbuf_dina_burst_reg[14]/G is not reached by a timing clock
Related violations: <none>

TIMING-20#35 Warning
Non-clocked latch  
The latch fbuf_dina_burst_reg[15] cannot be properly analyzed as its control pin fbuf_dina_burst_reg[15]/G is not reached by a timing clock
Related violations: <none>

TIMING-20#36 Warning
Non-clocked latch  
The latch fbuf_dina_burst_reg[16] cannot be properly analyzed as its control pin fbuf_dina_burst_reg[16]/G is not reached by a timing clock
Related violations: <none>

TIMING-20#37 Warning
Non-clocked latch  
The latch fbuf_dina_burst_reg[17] cannot be properly analyzed as its control pin fbuf_dina_burst_reg[17]/G is not reached by a timing clock
Related violations: <none>

TIMING-20#38 Warning
Non-clocked latch  
The latch fbuf_dina_burst_reg[18] cannot be properly analyzed as its control pin fbuf_dina_burst_reg[18]/G is not reached by a timing clock
Related violations: <none>

TIMING-20#39 Warning
Non-clocked latch  
The latch fbuf_dina_burst_reg[19] cannot be properly analyzed as its control pin fbuf_dina_burst_reg[19]/G is not reached by a timing clock
Related violations: <none>

TIMING-20#40 Warning
Non-clocked latch  
The latch fbuf_dina_burst_reg[1] cannot be properly analyzed as its control pin fbuf_dina_burst_reg[1]/G is not reached by a timing clock
Related violations: <none>

TIMING-20#41 Warning
Non-clocked latch  
The latch fbuf_dina_burst_reg[20] cannot be properly analyzed as its control pin fbuf_dina_burst_reg[20]/G is not reached by a timing clock
Related violations: <none>

TIMING-20#42 Warning
Non-clocked latch  
The latch fbuf_dina_burst_reg[21] cannot be properly analyzed as its control pin fbuf_dina_burst_reg[21]/G is not reached by a timing clock
Related violations: <none>

TIMING-20#43 Warning
Non-clocked latch  
The latch fbuf_dina_burst_reg[22] cannot be properly analyzed as its control pin fbuf_dina_burst_reg[22]/G is not reached by a timing clock
Related violations: <none>

TIMING-20#44 Warning
Non-clocked latch  
The latch fbuf_dina_burst_reg[23] cannot be properly analyzed as its control pin fbuf_dina_burst_reg[23]/G is not reached by a timing clock
Related violations: <none>

TIMING-20#45 Warning
Non-clocked latch  
The latch fbuf_dina_burst_reg[24] cannot be properly analyzed as its control pin fbuf_dina_burst_reg[24]/G is not reached by a timing clock
Related violations: <none>

TIMING-20#46 Warning
Non-clocked latch  
The latch fbuf_dina_burst_reg[25] cannot be properly analyzed as its control pin fbuf_dina_burst_reg[25]/G is not reached by a timing clock
Related violations: <none>

TIMING-20#47 Warning
Non-clocked latch  
The latch fbuf_dina_burst_reg[26] cannot be properly analyzed as its control pin fbuf_dina_burst_reg[26]/G is not reached by a timing clock
Related violations: <none>

TIMING-20#48 Warning
Non-clocked latch  
The latch fbuf_dina_burst_reg[27] cannot be properly analyzed as its control pin fbuf_dina_burst_reg[27]/G is not reached by a timing clock
Related violations: <none>

TIMING-20#49 Warning
Non-clocked latch  
The latch fbuf_dina_burst_reg[28] cannot be properly analyzed as its control pin fbuf_dina_burst_reg[28]/G is not reached by a timing clock
Related violations: <none>

TIMING-20#50 Warning
Non-clocked latch  
The latch fbuf_dina_burst_reg[29] cannot be properly analyzed as its control pin fbuf_dina_burst_reg[29]/G is not reached by a timing clock
Related violations: <none>

TIMING-20#51 Warning
Non-clocked latch  
The latch fbuf_dina_burst_reg[2] cannot be properly analyzed as its control pin fbuf_dina_burst_reg[2]/G is not reached by a timing clock
Related violations: <none>

TIMING-20#52 Warning
Non-clocked latch  
The latch fbuf_dina_burst_reg[30] cannot be properly analyzed as its control pin fbuf_dina_burst_reg[30]/G is not reached by a timing clock
Related violations: <none>

TIMING-20#53 Warning
Non-clocked latch  
The latch fbuf_dina_burst_reg[31] cannot be properly analyzed as its control pin fbuf_dina_burst_reg[31]/G is not reached by a timing clock
Related violations: <none>

TIMING-20#54 Warning
Non-clocked latch  
The latch fbuf_dina_burst_reg[32] cannot be properly analyzed as its control pin fbuf_dina_burst_reg[32]/G is not reached by a timing clock
Related violations: <none>

TIMING-20#55 Warning
Non-clocked latch  
The latch fbuf_dina_burst_reg[33] cannot be properly analyzed as its control pin fbuf_dina_burst_reg[33]/G is not reached by a timing clock
Related violations: <none>

TIMING-20#56 Warning
Non-clocked latch  
The latch fbuf_dina_burst_reg[34] cannot be properly analyzed as its control pin fbuf_dina_burst_reg[34]/G is not reached by a timing clock
Related violations: <none>

TIMING-20#57 Warning
Non-clocked latch  
The latch fbuf_dina_burst_reg[35] cannot be properly analyzed as its control pin fbuf_dina_burst_reg[35]/G is not reached by a timing clock
Related violations: <none>

TIMING-20#58 Warning
Non-clocked latch  
The latch fbuf_dina_burst_reg[36] cannot be properly analyzed as its control pin fbuf_dina_burst_reg[36]/G is not reached by a timing clock
Related violations: <none>

TIMING-20#59 Warning
Non-clocked latch  
The latch fbuf_dina_burst_reg[37] cannot be properly analyzed as its control pin fbuf_dina_burst_reg[37]/G is not reached by a timing clock
Related violations: <none>

TIMING-20#60 Warning
Non-clocked latch  
The latch fbuf_dina_burst_reg[38] cannot be properly analyzed as its control pin fbuf_dina_burst_reg[38]/G is not reached by a timing clock
Related violations: <none>

TIMING-20#61 Warning
Non-clocked latch  
The latch fbuf_dina_burst_reg[39] cannot be properly analyzed as its control pin fbuf_dina_burst_reg[39]/G is not reached by a timing clock
Related violations: <none>

TIMING-20#62 Warning
Non-clocked latch  
The latch fbuf_dina_burst_reg[3] cannot be properly analyzed as its control pin fbuf_dina_burst_reg[3]/G is not reached by a timing clock
Related violations: <none>

TIMING-20#63 Warning
Non-clocked latch  
The latch fbuf_dina_burst_reg[40] cannot be properly analyzed as its control pin fbuf_dina_burst_reg[40]/G is not reached by a timing clock
Related violations: <none>

TIMING-20#64 Warning
Non-clocked latch  
The latch fbuf_dina_burst_reg[41] cannot be properly analyzed as its control pin fbuf_dina_burst_reg[41]/G is not reached by a timing clock
Related violations: <none>

TIMING-20#65 Warning
Non-clocked latch  
The latch fbuf_dina_burst_reg[42] cannot be properly analyzed as its control pin fbuf_dina_burst_reg[42]/G is not reached by a timing clock
Related violations: <none>

TIMING-20#66 Warning
Non-clocked latch  
The latch fbuf_dina_burst_reg[43] cannot be properly analyzed as its control pin fbuf_dina_burst_reg[43]/G is not reached by a timing clock
Related violations: <none>

TIMING-20#67 Warning
Non-clocked latch  
The latch fbuf_dina_burst_reg[44] cannot be properly analyzed as its control pin fbuf_dina_burst_reg[44]/G is not reached by a timing clock
Related violations: <none>

TIMING-20#68 Warning
Non-clocked latch  
The latch fbuf_dina_burst_reg[45] cannot be properly analyzed as its control pin fbuf_dina_burst_reg[45]/G is not reached by a timing clock
Related violations: <none>

TIMING-20#69 Warning
Non-clocked latch  
The latch fbuf_dina_burst_reg[46] cannot be properly analyzed as its control pin fbuf_dina_burst_reg[46]/G is not reached by a timing clock
Related violations: <none>

TIMING-20#70 Warning
Non-clocked latch  
The latch fbuf_dina_burst_reg[47] cannot be properly analyzed as its control pin fbuf_dina_burst_reg[47]/G is not reached by a timing clock
Related violations: <none>

TIMING-20#71 Warning
Non-clocked latch  
The latch fbuf_dina_burst_reg[48] cannot be properly analyzed as its control pin fbuf_dina_burst_reg[48]/G is not reached by a timing clock
Related violations: <none>

TIMING-20#72 Warning
Non-clocked latch  
The latch fbuf_dina_burst_reg[49] cannot be properly analyzed as its control pin fbuf_dina_burst_reg[49]/G is not reached by a timing clock
Related violations: <none>

TIMING-20#73 Warning
Non-clocked latch  
The latch fbuf_dina_burst_reg[4] cannot be properly analyzed as its control pin fbuf_dina_burst_reg[4]/G is not reached by a timing clock
Related violations: <none>

TIMING-20#74 Warning
Non-clocked latch  
The latch fbuf_dina_burst_reg[50] cannot be properly analyzed as its control pin fbuf_dina_burst_reg[50]/G is not reached by a timing clock
Related violations: <none>

TIMING-20#75 Warning
Non-clocked latch  
The latch fbuf_dina_burst_reg[51] cannot be properly analyzed as its control pin fbuf_dina_burst_reg[51]/G is not reached by a timing clock
Related violations: <none>

TIMING-20#76 Warning
Non-clocked latch  
The latch fbuf_dina_burst_reg[52] cannot be properly analyzed as its control pin fbuf_dina_burst_reg[52]/G is not reached by a timing clock
Related violations: <none>

TIMING-20#77 Warning
Non-clocked latch  
The latch fbuf_dina_burst_reg[53] cannot be properly analyzed as its control pin fbuf_dina_burst_reg[53]/G is not reached by a timing clock
Related violations: <none>

TIMING-20#78 Warning
Non-clocked latch  
The latch fbuf_dina_burst_reg[54] cannot be properly analyzed as its control pin fbuf_dina_burst_reg[54]/G is not reached by a timing clock
Related violations: <none>

TIMING-20#79 Warning
Non-clocked latch  
The latch fbuf_dina_burst_reg[55] cannot be properly analyzed as its control pin fbuf_dina_burst_reg[55]/G is not reached by a timing clock
Related violations: <none>

TIMING-20#80 Warning
Non-clocked latch  
The latch fbuf_dina_burst_reg[56] cannot be properly analyzed as its control pin fbuf_dina_burst_reg[56]/G is not reached by a timing clock
Related violations: <none>

TIMING-20#81 Warning
Non-clocked latch  
The latch fbuf_dina_burst_reg[57] cannot be properly analyzed as its control pin fbuf_dina_burst_reg[57]/G is not reached by a timing clock
Related violations: <none>

TIMING-20#82 Warning
Non-clocked latch  
The latch fbuf_dina_burst_reg[58] cannot be properly analyzed as its control pin fbuf_dina_burst_reg[58]/G is not reached by a timing clock
Related violations: <none>

TIMING-20#83 Warning
Non-clocked latch  
The latch fbuf_dina_burst_reg[59] cannot be properly analyzed as its control pin fbuf_dina_burst_reg[59]/G is not reached by a timing clock
Related violations: <none>

TIMING-20#84 Warning
Non-clocked latch  
The latch fbuf_dina_burst_reg[5] cannot be properly analyzed as its control pin fbuf_dina_burst_reg[5]/G is not reached by a timing clock
Related violations: <none>

TIMING-20#85 Warning
Non-clocked latch  
The latch fbuf_dina_burst_reg[60] cannot be properly analyzed as its control pin fbuf_dina_burst_reg[60]/G is not reached by a timing clock
Related violations: <none>

TIMING-20#86 Warning
Non-clocked latch  
The latch fbuf_dina_burst_reg[61] cannot be properly analyzed as its control pin fbuf_dina_burst_reg[61]/G is not reached by a timing clock
Related violations: <none>

TIMING-20#87 Warning
Non-clocked latch  
The latch fbuf_dina_burst_reg[62] cannot be properly analyzed as its control pin fbuf_dina_burst_reg[62]/G is not reached by a timing clock
Related violations: <none>

TIMING-20#88 Warning
Non-clocked latch  
The latch fbuf_dina_burst_reg[63] cannot be properly analyzed as its control pin fbuf_dina_burst_reg[63]/G is not reached by a timing clock
Related violations: <none>

TIMING-20#89 Warning
Non-clocked latch  
The latch fbuf_dina_burst_reg[64] cannot be properly analyzed as its control pin fbuf_dina_burst_reg[64]/G is not reached by a timing clock
Related violations: <none>

TIMING-20#90 Warning
Non-clocked latch  
The latch fbuf_dina_burst_reg[65] cannot be properly analyzed as its control pin fbuf_dina_burst_reg[65]/G is not reached by a timing clock
Related violations: <none>

TIMING-20#91 Warning
Non-clocked latch  
The latch fbuf_dina_burst_reg[66] cannot be properly analyzed as its control pin fbuf_dina_burst_reg[66]/G is not reached by a timing clock
Related violations: <none>

TIMING-20#92 Warning
Non-clocked latch  
The latch fbuf_dina_burst_reg[67] cannot be properly analyzed as its control pin fbuf_dina_burst_reg[67]/G is not reached by a timing clock
Related violations: <none>

TIMING-20#93 Warning
Non-clocked latch  
The latch fbuf_dina_burst_reg[68] cannot be properly analyzed as its control pin fbuf_dina_burst_reg[68]/G is not reached by a timing clock
Related violations: <none>

TIMING-20#94 Warning
Non-clocked latch  
The latch fbuf_dina_burst_reg[69] cannot be properly analyzed as its control pin fbuf_dina_burst_reg[69]/G is not reached by a timing clock
Related violations: <none>

TIMING-20#95 Warning
Non-clocked latch  
The latch fbuf_dina_burst_reg[6] cannot be properly analyzed as its control pin fbuf_dina_burst_reg[6]/G is not reached by a timing clock
Related violations: <none>

TIMING-20#96 Warning
Non-clocked latch  
The latch fbuf_dina_burst_reg[70] cannot be properly analyzed as its control pin fbuf_dina_burst_reg[70]/G is not reached by a timing clock
Related violations: <none>

TIMING-20#97 Warning
Non-clocked latch  
The latch fbuf_dina_burst_reg[71] cannot be properly analyzed as its control pin fbuf_dina_burst_reg[71]/G is not reached by a timing clock
Related violations: <none>

TIMING-20#98 Warning
Non-clocked latch  
The latch fbuf_dina_burst_reg[72] cannot be properly analyzed as its control pin fbuf_dina_burst_reg[72]/G is not reached by a timing clock
Related violations: <none>

TIMING-20#99 Warning
Non-clocked latch  
The latch fbuf_dina_burst_reg[73] cannot be properly analyzed as its control pin fbuf_dina_burst_reg[73]/G is not reached by a timing clock
Related violations: <none>

TIMING-20#100 Warning
Non-clocked latch  
The latch fbuf_dina_burst_reg[74] cannot be properly analyzed as its control pin fbuf_dina_burst_reg[74]/G is not reached by a timing clock
Related violations: <none>

TIMING-20#101 Warning
Non-clocked latch  
The latch fbuf_dina_burst_reg[75] cannot be properly analyzed as its control pin fbuf_dina_burst_reg[75]/G is not reached by a timing clock
Related violations: <none>

TIMING-20#102 Warning
Non-clocked latch  
The latch fbuf_dina_burst_reg[76] cannot be properly analyzed as its control pin fbuf_dina_burst_reg[76]/G is not reached by a timing clock
Related violations: <none>

TIMING-20#103 Warning
Non-clocked latch  
The latch fbuf_dina_burst_reg[77] cannot be properly analyzed as its control pin fbuf_dina_burst_reg[77]/G is not reached by a timing clock
Related violations: <none>

TIMING-20#104 Warning
Non-clocked latch  
The latch fbuf_dina_burst_reg[78] cannot be properly analyzed as its control pin fbuf_dina_burst_reg[78]/G is not reached by a timing clock
Related violations: <none>

TIMING-20#105 Warning
Non-clocked latch  
The latch fbuf_dina_burst_reg[79] cannot be properly analyzed as its control pin fbuf_dina_burst_reg[79]/G is not reached by a timing clock
Related violations: <none>

TIMING-20#106 Warning
Non-clocked latch  
The latch fbuf_dina_burst_reg[7] cannot be properly analyzed as its control pin fbuf_dina_burst_reg[7]/G is not reached by a timing clock
Related violations: <none>

TIMING-20#107 Warning
Non-clocked latch  
The latch fbuf_dina_burst_reg[80] cannot be properly analyzed as its control pin fbuf_dina_burst_reg[80]/G is not reached by a timing clock
Related violations: <none>

TIMING-20#108 Warning
Non-clocked latch  
The latch fbuf_dina_burst_reg[81] cannot be properly analyzed as its control pin fbuf_dina_burst_reg[81]/G is not reached by a timing clock
Related violations: <none>

TIMING-20#109 Warning
Non-clocked latch  
The latch fbuf_dina_burst_reg[82] cannot be properly analyzed as its control pin fbuf_dina_burst_reg[82]/G is not reached by a timing clock
Related violations: <none>

TIMING-20#110 Warning
Non-clocked latch  
The latch fbuf_dina_burst_reg[83] cannot be properly analyzed as its control pin fbuf_dina_burst_reg[83]/G is not reached by a timing clock
Related violations: <none>

TIMING-20#111 Warning
Non-clocked latch  
The latch fbuf_dina_burst_reg[84] cannot be properly analyzed as its control pin fbuf_dina_burst_reg[84]/G is not reached by a timing clock
Related violations: <none>

TIMING-20#112 Warning
Non-clocked latch  
The latch fbuf_dina_burst_reg[85] cannot be properly analyzed as its control pin fbuf_dina_burst_reg[85]/G is not reached by a timing clock
Related violations: <none>

TIMING-20#113 Warning
Non-clocked latch  
The latch fbuf_dina_burst_reg[86] cannot be properly analyzed as its control pin fbuf_dina_burst_reg[86]/G is not reached by a timing clock
Related violations: <none>

TIMING-20#114 Warning
Non-clocked latch  
The latch fbuf_dina_burst_reg[87] cannot be properly analyzed as its control pin fbuf_dina_burst_reg[87]/G is not reached by a timing clock
Related violations: <none>

TIMING-20#115 Warning
Non-clocked latch  
The latch fbuf_dina_burst_reg[88] cannot be properly analyzed as its control pin fbuf_dina_burst_reg[88]/G is not reached by a timing clock
Related violations: <none>

TIMING-20#116 Warning
Non-clocked latch  
The latch fbuf_dina_burst_reg[89] cannot be properly analyzed as its control pin fbuf_dina_burst_reg[89]/G is not reached by a timing clock
Related violations: <none>

TIMING-20#117 Warning
Non-clocked latch  
The latch fbuf_dina_burst_reg[8] cannot be properly analyzed as its control pin fbuf_dina_burst_reg[8]/G is not reached by a timing clock
Related violations: <none>

TIMING-20#118 Warning
Non-clocked latch  
The latch fbuf_dina_burst_reg[90] cannot be properly analyzed as its control pin fbuf_dina_burst_reg[90]/G is not reached by a timing clock
Related violations: <none>

TIMING-20#119 Warning
Non-clocked latch  
The latch fbuf_dina_burst_reg[91] cannot be properly analyzed as its control pin fbuf_dina_burst_reg[91]/G is not reached by a timing clock
Related violations: <none>

TIMING-20#120 Warning
Non-clocked latch  
The latch fbuf_dina_burst_reg[92] cannot be properly analyzed as its control pin fbuf_dina_burst_reg[92]/G is not reached by a timing clock
Related violations: <none>

TIMING-20#121 Warning
Non-clocked latch  
The latch fbuf_dina_burst_reg[93] cannot be properly analyzed as its control pin fbuf_dina_burst_reg[93]/G is not reached by a timing clock
Related violations: <none>

TIMING-20#122 Warning
Non-clocked latch  
The latch fbuf_dina_burst_reg[94] cannot be properly analyzed as its control pin fbuf_dina_burst_reg[94]/G is not reached by a timing clock
Related violations: <none>

TIMING-20#123 Warning
Non-clocked latch  
The latch fbuf_dina_burst_reg[95] cannot be properly analyzed as its control pin fbuf_dina_burst_reg[95]/G is not reached by a timing clock
Related violations: <none>

TIMING-20#124 Warning
Non-clocked latch  
The latch fbuf_dina_burst_reg[96] cannot be properly analyzed as its control pin fbuf_dina_burst_reg[96]/G is not reached by a timing clock
Related violations: <none>

TIMING-20#125 Warning
Non-clocked latch  
The latch fbuf_dina_burst_reg[97] cannot be properly analyzed as its control pin fbuf_dina_burst_reg[97]/G is not reached by a timing clock
Related violations: <none>

TIMING-20#126 Warning
Non-clocked latch  
The latch fbuf_dina_burst_reg[98] cannot be properly analyzed as its control pin fbuf_dina_burst_reg[98]/G is not reached by a timing clock
Related violations: <none>

TIMING-20#127 Warning
Non-clocked latch  
The latch fbuf_dina_burst_reg[99] cannot be properly analyzed as its control pin fbuf_dina_burst_reg[99]/G is not reached by a timing clock
Related violations: <none>

TIMING-20#128 Warning
Non-clocked latch  
The latch fbuf_dina_burst_reg[9] cannot be properly analyzed as its control pin fbuf_dina_burst_reg[9]/G is not reached by a timing clock
Related violations: <none>

LATCH-1#1 Advisory
Existing latches in the design  
There are 128 latches found in the design. Inferred latches are often the result of HDL coding mistakes, such as incomplete if or case statements.
Related violations: <none>


