Copyright 1986-2022 Xilinx, Inc. All Rights Reserved.
---------------------------------------------------------------------------------------------------------------------------------------
| Tool Version : Vivado v.2022.2 (win64) Build 3671981 Fri Oct 14 05:00:03 MDT 2022
| Date         : Sun Nov 16 22:47:45 2025
| Host         : Aniketh_x86-64 running 64-bit major release  (build 9200)
| Command      : report_drc -file ddr_renderer_top_drc_opted.rpt -pb ddr_renderer_top_drc_opted.pb -rpx ddr_renderer_top_drc_opted.rpx
| Design       : ddr_renderer_top
| Device       : xc7s50csga324-1
| Speed File   : -1
| Design State : Synthesized
---------------------------------------------------------------------------------------------------------------------------------------

Report DRC

Table of Contents
-----------------
1. REPORT SUMMARY
2. REPORT DETAILS

1. REPORT SUMMARY
-----------------
            Netlist: netlist
          Floorplan: design_1
      Design limits: <entire design considered>
           Ruledeck: default
             Max violations: <unlimited>
             Violations found: 17
+-----------+----------+-----------------------------------------------------+------------+
| Rule      | Severity | Description                                         | Violations |
+-----------+----------+-----------------------------------------------------+------------+
| CFGBVS-1  | Warning  | Missing CFGBVS and CONFIG_VOLTAGE Design Properties | 1          |
| REQP-1580 | Warning  | Phase alignment                                     | 16         |
+-----------+----------+-----------------------------------------------------+------------+

2. REPORT DETAILS
-----------------
CFGBVS-1#1 Warning
Missing CFGBVS and CONFIG_VOLTAGE Design Properties  
Neither the CFGBVS nor CONFIG_VOLTAGE voltage property is set in the current_design.  Configuration bank voltage select (CFGBVS) must be set to VCCO or GND, and CONFIG_VOLTAGE must be set to the correct configuration voltage, in order to determine the I/O voltage support for the pins in bank 0.  It is suggested to specify these either using the 'Edit Device Properties' function in the GUI or directly in the XDC file using the following syntax:

 set_property CFGBVS value1 [current_design]
 #where value1 is either VCCO or GND

 set_property CONFIG_VOLTAGE value2 [current_design]
 #where value2 is the voltage provided to configuration bank 0

Refer to the device configuration user guide for more information.
Related violations: <none>

REQP-1580#1 Warning
Phase alignment  
Unsupported clocking topology used for ISERDESE2 ddr3_arbiter_inst/phy_instance/genblk11[0].iserdes_dq_inst. This can result in corrupted data. The ddr3_arbiter_inst/phy_instance/genblk11[0].iserdes_dq_inst/OCLK / ddr3_arbiter_inst/phy_instance/genblk11[0].iserdes_dq_inst/CLKDIV pins should be driven by the same source through the same buffer type or by a BUFIO / BUFR combination in order to have a proper phase relationship and the ddr3_arbiter_inst/phy_instance/genblk11[0].iserdes_dq_inst/CLK pin should be driven similarly to the ddr3_arbiter_inst/phy_instance/genblk11[0].iserdes_dq_inst/OCLK pin. Please refer to the Select I/O User Guide for supported clocking topologies of the chosen INTERFACE_TYPE mode.
Related violations: <none>

REQP-1580#2 Warning
Phase alignment  
Unsupported clocking topology used for ISERDESE2 ddr3_arbiter_inst/phy_instance/genblk11[10].iserdes_dq_inst. This can result in corrupted data. The ddr3_arbiter_inst/phy_instance/genblk11[10].iserdes_dq_inst/OCLK / ddr3_arbiter_inst/phy_instance/genblk11[10].iserdes_dq_inst/CLKDIV pins should be driven by the same source through the same buffer type or by a BUFIO / BUFR combination in order to have a proper phase relationship and the ddr3_arbiter_inst/phy_instance/genblk11[10].iserdes_dq_inst/CLK pin should be driven similarly to the ddr3_arbiter_inst/phy_instance/genblk11[10].iserdes_dq_inst/OCLK pin. Please refer to the Select I/O User Guide for supported clocking topologies of the chosen INTERFACE_TYPE mode.
Related violations: <none>

REQP-1580#3 Warning
Phase alignment  
Unsupported clocking topology used for ISERDESE2 ddr3_arbiter_inst/phy_instance/genblk11[11].iserdes_dq_inst. This can result in corrupted data. The ddr3_arbiter_inst/phy_instance/genblk11[11].iserdes_dq_inst/OCLK / ddr3_arbiter_inst/phy_instance/genblk11[11].iserdes_dq_inst/CLKDIV pins should be driven by the same source through the same buffer type or by a BUFIO / BUFR combination in order to have a proper phase relationship and the ddr3_arbiter_inst/phy_instance/genblk11[11].iserdes_dq_inst/CLK pin should be driven similarly to the ddr3_arbiter_inst/phy_instance/genblk11[11].iserdes_dq_inst/OCLK pin. Please refer to the Select I/O User Guide for supported clocking topologies of the chosen INTERFACE_TYPE mode.
Related violations: <none>

REQP-1580#4 Warning
Phase alignment  
Unsupported clocking topology used for ISERDESE2 ddr3_arbiter_inst/phy_instance/genblk11[12].iserdes_dq_inst. This can result in corrupted data. The ddr3_arbiter_inst/phy_instance/genblk11[12].iserdes_dq_inst/OCLK / ddr3_arbiter_inst/phy_instance/genblk11[12].iserdes_dq_inst/CLKDIV pins should be driven by the same source through the same buffer type or by a BUFIO / BUFR combination in order to have a proper phase relationship and the ddr3_arbiter_inst/phy_instance/genblk11[12].iserdes_dq_inst/CLK pin should be driven similarly to the ddr3_arbiter_inst/phy_instance/genblk11[12].iserdes_dq_inst/OCLK pin. Please refer to the Select I/O User Guide for supported clocking topologies of the chosen INTERFACE_TYPE mode.
Related violations: <none>

REQP-1580#5 Warning
Phase alignment  
Unsupported clocking topology used for ISERDESE2 ddr3_arbiter_inst/phy_instance/genblk11[13].iserdes_dq_inst. This can result in corrupted data. The ddr3_arbiter_inst/phy_instance/genblk11[13].iserdes_dq_inst/OCLK / ddr3_arbiter_inst/phy_instance/genblk11[13].iserdes_dq_inst/CLKDIV pins should be driven by the same source through the same buffer type or by a BUFIO / BUFR combination in order to have a proper phase relationship and the ddr3_arbiter_inst/phy_instance/genblk11[13].iserdes_dq_inst/CLK pin should be driven similarly to the ddr3_arbiter_inst/phy_instance/genblk11[13].iserdes_dq_inst/OCLK pin. Please refer to the Select I/O User Guide for supported clocking topologies of the chosen INTERFACE_TYPE mode.
Related violations: <none>

REQP-1580#6 Warning
Phase alignment  
Unsupported clocking topology used for ISERDESE2 ddr3_arbiter_inst/phy_instance/genblk11[14].iserdes_dq_inst. This can result in corrupted data. The ddr3_arbiter_inst/phy_instance/genblk11[14].iserdes_dq_inst/OCLK / ddr3_arbiter_inst/phy_instance/genblk11[14].iserdes_dq_inst/CLKDIV pins should be driven by the same source through the same buffer type or by a BUFIO / BUFR combination in order to have a proper phase relationship and the ddr3_arbiter_inst/phy_instance/genblk11[14].iserdes_dq_inst/CLK pin should be driven similarly to the ddr3_arbiter_inst/phy_instance/genblk11[14].iserdes_dq_inst/OCLK pin. Please refer to the Select I/O User Guide for supported clocking topologies of the chosen INTERFACE_TYPE mode.
Related violations: <none>

REQP-1580#7 Warning
Phase alignment  
Unsupported clocking topology used for ISERDESE2 ddr3_arbiter_inst/phy_instance/genblk11[15].iserdes_dq_inst. This can result in corrupted data. The ddr3_arbiter_inst/phy_instance/genblk11[15].iserdes_dq_inst/OCLK / ddr3_arbiter_inst/phy_instance/genblk11[15].iserdes_dq_inst/CLKDIV pins should be driven by the same source through the same buffer type or by a BUFIO / BUFR combination in order to have a proper phase relationship and the ddr3_arbiter_inst/phy_instance/genblk11[15].iserdes_dq_inst/CLK pin should be driven similarly to the ddr3_arbiter_inst/phy_instance/genblk11[15].iserdes_dq_inst/OCLK pin. Please refer to the Select I/O User Guide for supported clocking topologies of the chosen INTERFACE_TYPE mode.
Related violations: <none>

REQP-1580#8 Warning
Phase alignment  
Unsupported clocking topology used for ISERDESE2 ddr3_arbiter_inst/phy_instance/genblk11[1].iserdes_dq_inst. This can result in corrupted data. The ddr3_arbiter_inst/phy_instance/genblk11[1].iserdes_dq_inst/OCLK / ddr3_arbiter_inst/phy_instance/genblk11[1].iserdes_dq_inst/CLKDIV pins should be driven by the same source through the same buffer type or by a BUFIO / BUFR combination in order to have a proper phase relationship and the ddr3_arbiter_inst/phy_instance/genblk11[1].iserdes_dq_inst/CLK pin should be driven similarly to the ddr3_arbiter_inst/phy_instance/genblk11[1].iserdes_dq_inst/OCLK pin. Please refer to the Select I/O User Guide for supported clocking topologies of the chosen INTERFACE_TYPE mode.
Related violations: <none>

REQP-1580#9 Warning
Phase alignment  
Unsupported clocking topology used for ISERDESE2 ddr3_arbiter_inst/phy_instance/genblk11[2].iserdes_dq_inst. This can result in corrupted data. The ddr3_arbiter_inst/phy_instance/genblk11[2].iserdes_dq_inst/OCLK / ddr3_arbiter_inst/phy_instance/genblk11[2].iserdes_dq_inst/CLKDIV pins should be driven by the same source through the same buffer type or by a BUFIO / BUFR combination in order to have a proper phase relationship and the ddr3_arbiter_inst/phy_instance/genblk11[2].iserdes_dq_inst/CLK pin should be driven similarly to the ddr3_arbiter_inst/phy_instance/genblk11[2].iserdes_dq_inst/OCLK pin. Please refer to the Select I/O User Guide for supported clocking topologies of the chosen INTERFACE_TYPE mode.
Related violations: <none>

REQP-1580#10 Warning
Phase alignment  
Unsupported clocking topology used for ISERDESE2 ddr3_arbiter_inst/phy_instance/genblk11[3].iserdes_dq_inst. This can result in corrupted data. The ddr3_arbiter_inst/phy_instance/genblk11[3].iserdes_dq_inst/OCLK / ddr3_arbiter_inst/phy_instance/genblk11[3].iserdes_dq_inst/CLKDIV pins should be driven by the same source through the same buffer type or by a BUFIO / BUFR combination in order to have a proper phase relationship and the ddr3_arbiter_inst/phy_instance/genblk11[3].iserdes_dq_inst/CLK pin should be driven similarly to the ddr3_arbiter_inst/phy_instance/genblk11[3].iserdes_dq_inst/OCLK pin. Please refer to the Select I/O User Guide for supported clocking topologies of the chosen INTERFACE_TYPE mode.
Related violations: <none>

REQP-1580#11 Warning
Phase alignment  
Unsupported clocking topology used for ISERDESE2 ddr3_arbiter_inst/phy_instance/genblk11[4].iserdes_dq_inst. This can result in corrupted data. The ddr3_arbiter_inst/phy_instance/genblk11[4].iserdes_dq_inst/OCLK / ddr3_arbiter_inst/phy_instance/genblk11[4].iserdes_dq_inst/CLKDIV pins should be driven by the same source through the same buffer type or by a BUFIO / BUFR combination in order to have a proper phase relationship and the ddr3_arbiter_inst/phy_instance/genblk11[4].iserdes_dq_inst/CLK pin should be driven similarly to the ddr3_arbiter_inst/phy_instance/genblk11[4].iserdes_dq_inst/OCLK pin. Please refer to the Select I/O User Guide for supported clocking topologies of the chosen INTERFACE_TYPE mode.
Related violations: <none>

REQP-1580#12 Warning
Phase alignment  
Unsupported clocking topology used for ISERDESE2 ddr3_arbiter_inst/phy_instance/genblk11[5].iserdes_dq_inst. This can result in corrupted data. The ddr3_arbiter_inst/phy_instance/genblk11[5].iserdes_dq_inst/OCLK / ddr3_arbiter_inst/phy_instance/genblk11[5].iserdes_dq_inst/CLKDIV pins should be driven by the same source through the same buffer type or by a BUFIO / BUFR combination in order to have a proper phase relationship and the ddr3_arbiter_inst/phy_instance/genblk11[5].iserdes_dq_inst/CLK pin should be driven similarly to the ddr3_arbiter_inst/phy_instance/genblk11[5].iserdes_dq_inst/OCLK pin. Please refer to the Select I/O User Guide for supported clocking topologies of the chosen INTERFACE_TYPE mode.
Related violations: <none>

REQP-1580#13 Warning
Phase alignment  
Unsupported clocking topology used for ISERDESE2 ddr3_arbiter_inst/phy_instance/genblk11[6].iserdes_dq_inst. This can result in corrupted data. The ddr3_arbiter_inst/phy_instance/genblk11[6].iserdes_dq_inst/OCLK / ddr3_arbiter_inst/phy_instance/genblk11[6].iserdes_dq_inst/CLKDIV pins should be driven by the same source through the same buffer type or by a BUFIO / BUFR combination in order to have a proper phase relationship and the ddr3_arbiter_inst/phy_instance/genblk11[6].iserdes_dq_inst/CLK pin should be driven similarly to the ddr3_arbiter_inst/phy_instance/genblk11[6].iserdes_dq_inst/OCLK pin. Please refer to the Select I/O User Guide for supported clocking topologies of the chosen INTERFACE_TYPE mode.
Related violations: <none>

REQP-1580#14 Warning
Phase alignment  
Unsupported clocking topology used for ISERDESE2 ddr3_arbiter_inst/phy_instance/genblk11[7].iserdes_dq_inst. This can result in corrupted data. The ddr3_arbiter_inst/phy_instance/genblk11[7].iserdes_dq_inst/OCLK / ddr3_arbiter_inst/phy_instance/genblk11[7].iserdes_dq_inst/CLKDIV pins should be driven by the same source through the same buffer type or by a BUFIO / BUFR combination in order to have a proper phase relationship and the ddr3_arbiter_inst/phy_instance/genblk11[7].iserdes_dq_inst/CLK pin should be driven similarly to the ddr3_arbiter_inst/phy_instance/genblk11[7].iserdes_dq_inst/OCLK pin. Please refer to the Select I/O User Guide for supported clocking topologies of the chosen INTERFACE_TYPE mode.
Related violations: <none>

REQP-1580#15 Warning
Phase alignment  
Unsupported clocking topology used for ISERDESE2 ddr3_arbiter_inst/phy_instance/genblk11[8].iserdes_dq_inst. This can result in corrupted data. The ddr3_arbiter_inst/phy_instance/genblk11[8].iserdes_dq_inst/OCLK / ddr3_arbiter_inst/phy_instance/genblk11[8].iserdes_dq_inst/CLKDIV pins should be driven by the same source through the same buffer type or by a BUFIO / BUFR combination in order to have a proper phase relationship and the ddr3_arbiter_inst/phy_instance/genblk11[8].iserdes_dq_inst/CLK pin should be driven similarly to the ddr3_arbiter_inst/phy_instance/genblk11[8].iserdes_dq_inst/OCLK pin. Please refer to the Select I/O User Guide for supported clocking topologies of the chosen INTERFACE_TYPE mode.
Related violations: <none>

REQP-1580#16 Warning
Phase alignment  
Unsupported clocking topology used for ISERDESE2 ddr3_arbiter_inst/phy_instance/genblk11[9].iserdes_dq_inst. This can result in corrupted data. The ddr3_arbiter_inst/phy_instance/genblk11[9].iserdes_dq_inst/OCLK / ddr3_arbiter_inst/phy_instance/genblk11[9].iserdes_dq_inst/CLKDIV pins should be driven by the same source through the same buffer type or by a BUFIO / BUFR combination in order to have a proper phase relationship and the ddr3_arbiter_inst/phy_instance/genblk11[9].iserdes_dq_inst/CLK pin should be driven similarly to the ddr3_arbiter_inst/phy_instance/genblk11[9].iserdes_dq_inst/OCLK pin. Please refer to the Select I/O User Guide for supported clocking topologies of the chosen INTERFACE_TYPE mode.
Related violations: <none>


