Copyright 1986-2022 Xilinx, Inc. All Rights Reserved.
-----------------------------------------------------------------------------------------------------------------------------------------------------------------------------------------
| Tool Version : Vivado v.2022.2 (win64) Build 3671981 Fri Oct 14 05:00:03 MDT 2022
| Date         : Tue Nov 11 23:45:26 2025
| Host         : Aniketh_x86-64 running 64-bit major release  (build 9200)
| Command      : report_methodology -file ddr3_x16_cust_top_methodology_drc_routed.rpt -pb ddr3_x16_cust_top_methodology_drc_routed.pb -rpx ddr3_x16_cust_top_methodology_drc_routed.rpx
| Design       : ddr3_x16_cust_top
| Device       : xc7s50csga324-1
| Speed File   : -1
| Design State : Fully Routed
-----------------------------------------------------------------------------------------------------------------------------------------------------------------------------------------

Report Methodology

Table of Contents
-----------------
1. REPORT SUMMARY
2. REPORT DETAILS

1. REPORT SUMMARY
-----------------
            Netlist: netlist
          Floorplan: design_1
      Design limits: <entire design considered>
             Max violations: <unlimited>
             Violations found: 38
+-----------+------------------+--------------------------------------------------------+------------+
| Rule      | Severity         | Description                                            | Violations |
+-----------+------------------+--------------------------------------------------------+------------+
| TIMING-17 | Critical Warning | Non-clocked sequential cell                            | 32         |
| SYNTH-16  | Warning          | Address collision                                      | 2          |
| TIMING-20 | Warning          | Non-clocked latch                                      | 1          |
| XDCC-1    | Warning          | Scoped Clock constraint overwritten with the same name | 1          |
| XDCC-7    | Warning          | Scoped Clock constraint overwritten on the same source | 1          |
| LATCH-1   | Advisory         | Existing latches in the design                         | 1          |
+-----------+------------------+--------------------------------------------------------+------------+

2. REPORT DETAILS
-----------------
TIMING-17#1 Critical Warning
Non-clocked sequential cell  
The clock pin phy_instance/genblk11[0].iserdes_dq_inst/CLK is not reached by a timing clock
Related violations: <none>

TIMING-17#2 Critical Warning
Non-clocked sequential cell  
The clock pin phy_instance/genblk11[0].iserdes_dq_inst/CLKB is not reached by a timing clock
Related violations: <none>

TIMING-17#3 Critical Warning
Non-clocked sequential cell  
The clock pin phy_instance/genblk11[10].iserdes_dq_inst/CLK is not reached by a timing clock
Related violations: <none>

TIMING-17#4 Critical Warning
Non-clocked sequential cell  
The clock pin phy_instance/genblk11[10].iserdes_dq_inst/CLKB is not reached by a timing clock
Related violations: <none>

TIMING-17#5 Critical Warning
Non-clocked sequential cell  
The clock pin phy_instance/genblk11[11].iserdes_dq_inst/CLK is not reached by a timing clock
Related violations: <none>

TIMING-17#6 Critical Warning
Non-clocked sequential cell  
The clock pin phy_instance/genblk11[11].iserdes_dq_inst/CLKB is not reached by a timing clock
Related violations: <none>

TIMING-17#7 Critical Warning
Non-clocked sequential cell  
The clock pin phy_instance/genblk11[12].iserdes_dq_inst/CLK is not reached by a timing clock
Related violations: <none>

TIMING-17#8 Critical Warning
Non-clocked sequential cell  
The clock pin phy_instance/genblk11[12].iserdes_dq_inst/CLKB is not reached by a timing clock
Related violations: <none>

TIMING-17#9 Critical Warning
Non-clocked sequential cell  
The clock pin phy_instance/genblk11[13].iserdes_dq_inst/CLK is not reached by a timing clock
Related violations: <none>

TIMING-17#10 Critical Warning
Non-clocked sequential cell  
The clock pin phy_instance/genblk11[13].iserdes_dq_inst/CLKB is not reached by a timing clock
Related violations: <none>

TIMING-17#11 Critical Warning
Non-clocked sequential cell  
The clock pin phy_instance/genblk11[14].iserdes_dq_inst/CLK is not reached by a timing clock
Related violations: <none>

TIMING-17#12 Critical Warning
Non-clocked sequential cell  
The clock pin phy_instance/genblk11[14].iserdes_dq_inst/CLKB is not reached by a timing clock
Related violations: <none>

TIMING-17#13 Critical Warning
Non-clocked sequential cell  
The clock pin phy_instance/genblk11[15].iserdes_dq_inst/CLK is not reached by a timing clock
Related violations: <none>

TIMING-17#14 Critical Warning
Non-clocked sequential cell  
The clock pin phy_instance/genblk11[15].iserdes_dq_inst/CLKB is not reached by a timing clock
Related violations: <none>

TIMING-17#15 Critical Warning
Non-clocked sequential cell  
The clock pin phy_instance/genblk11[1].iserdes_dq_inst/CLK is not reached by a timing clock
Related violations: <none>

TIMING-17#16 Critical Warning
Non-clocked sequential cell  
The clock pin phy_instance/genblk11[1].iserdes_dq_inst/CLKB is not reached by a timing clock
Related violations: <none>

TIMING-17#17 Critical Warning
Non-clocked sequential cell  
The clock pin phy_instance/genblk11[2].iserdes_dq_inst/CLK is not reached by a timing clock
Related violations: <none>

TIMING-17#18 Critical Warning
Non-clocked sequential cell  
The clock pin phy_instance/genblk11[2].iserdes_dq_inst/CLKB is not reached by a timing clock
Related violations: <none>

TIMING-17#19 Critical Warning
Non-clocked sequential cell  
The clock pin phy_instance/genblk11[3].iserdes_dq_inst/CLK is not reached by a timing clock
Related violations: <none>

TIMING-17#20 Critical Warning
Non-clocked sequential cell  
The clock pin phy_instance/genblk11[3].iserdes_dq_inst/CLKB is not reached by a timing clock
Related violations: <none>

TIMING-17#21 Critical Warning
Non-clocked sequential cell  
The clock pin phy_instance/genblk11[4].iserdes_dq_inst/CLK is not reached by a timing clock
Related violations: <none>

TIMING-17#22 Critical Warning
Non-clocked sequential cell  
The clock pin phy_instance/genblk11[4].iserdes_dq_inst/CLKB is not reached by a timing clock
Related violations: <none>

TIMING-17#23 Critical Warning
Non-clocked sequential cell  
The clock pin phy_instance/genblk11[5].iserdes_dq_inst/CLK is not reached by a timing clock
Related violations: <none>

TIMING-17#24 Critical Warning
Non-clocked sequential cell  
The clock pin phy_instance/genblk11[5].iserdes_dq_inst/CLKB is not reached by a timing clock
Related violations: <none>

TIMING-17#25 Critical Warning
Non-clocked sequential cell  
The clock pin phy_instance/genblk11[6].iserdes_dq_inst/CLK is not reached by a timing clock
Related violations: <none>

TIMING-17#26 Critical Warning
Non-clocked sequential cell  
The clock pin phy_instance/genblk11[6].iserdes_dq_inst/CLKB is not reached by a timing clock
Related violations: <none>

TIMING-17#27 Critical Warning
Non-clocked sequential cell  
The clock pin phy_instance/genblk11[7].iserdes_dq_inst/CLK is not reached by a timing clock
Related violations: <none>

TIMING-17#28 Critical Warning
Non-clocked sequential cell  
The clock pin phy_instance/genblk11[7].iserdes_dq_inst/CLKB is not reached by a timing clock
Related violations: <none>

TIMING-17#29 Critical Warning
Non-clocked sequential cell  
The clock pin phy_instance/genblk11[8].iserdes_dq_inst/CLK is not reached by a timing clock
Related violations: <none>

TIMING-17#30 Critical Warning
Non-clocked sequential cell  
The clock pin phy_instance/genblk11[8].iserdes_dq_inst/CLKB is not reached by a timing clock
Related violations: <none>

TIMING-17#31 Critical Warning
Non-clocked sequential cell  
The clock pin phy_instance/genblk11[9].iserdes_dq_inst/CLK is not reached by a timing clock
Related violations: <none>

TIMING-17#32 Critical Warning
Non-clocked sequential cell  
The clock pin phy_instance/genblk11[9].iserdes_dq_inst/CLKB is not reached by a timing clock
Related violations: <none>

SYNTH-16#1 Warning
Address collision  
Block RAM rn_ram_reg_0 may get memory collision error if read and write address collide. Use of address collision resolution circuitry is recommended.
Related violations: <none>

SYNTH-16#2 Warning
Address collision  
Block RAM rn_ram_reg_1 may get memory collision error if read and write address collide. Use of address collision resolution circuitry is recommended.
Related violations: <none>

TIMING-20#1 Warning
Non-clocked latch  
The latch RGBLED0_2[0] cannot be properly analyzed as its control pin RGBLED0_2[0]/G is not reached by a timing clock
Related violations: <none>

XDCC-1#1 Warning
Scoped Clock constraint overwritten with the same name  
A new clock constraint create_clock overrides a previous scoped clock constraint with the same name. It is not recommended to override a scoped (typically an IP) clock constraint and could result in unexpected behaviors.
New: create_clock -period 10.000 [get_ports DDR3_CLK100] (Source: C:/Users/anike/class-ECE385/Final_Project/s_ddr3_urbana/s_ddr3_urbana/s_ddr3_urbana.srcs/constrs_1/new/urbana_sDDR3.xdc (Line: 25))
Previous: create_clock -period 10.000 [get_ports DDR3_CLK100] (Source: c:/Users/anike/class-ECE385/Final_Project/s_ddr3_urbana/s_ddr3_urbana/s_ddr3_urbana.gen/sources_1/ip/clk_wiz_1/clk_wiz_1.xdc (Line: 56))
Related violations: <none>

XDCC-7#1 Warning
Scoped Clock constraint overwritten on the same source  
A new clock constraint create_clock overrides a previous scoped clock constraint defined on the same source. It is not recommended to override a scoped (typically an IP) clock constraint and could result in unexpected behaviors.
New: create_clock -period 10.000 [get_ports DDR3_CLK100] (Source: C:/Users/anike/class-ECE385/Final_Project/s_ddr3_urbana/s_ddr3_urbana/s_ddr3_urbana.srcs/constrs_1/new/urbana_sDDR3.xdc (Line: 25))
Previous: create_clock -period 10.000 [get_ports DDR3_CLK100] (Source: c:/Users/anike/class-ECE385/Final_Project/s_ddr3_urbana/s_ddr3_urbana/s_ddr3_urbana.gen/sources_1/ip/clk_wiz_1/clk_wiz_1.xdc (Line: 56))
Related violations: <none>

LATCH-1#1 Advisory
Existing latches in the design  
There are 1 latches found in the design. Inferred latches are often the result of HDL coding mistakes, such as incomplete if or case statements.
Related violations: <none>


