Copyright 1986-2022 Xilinx, Inc. All Rights Reserved.
----------------------------------------------------------------------------------------------------------------------------------------------------------------
| Tool Version     : Vivado v.2022.2 (win64) Build 3671981 Fri Oct 14 05:00:03 MDT 2022
<<<<<<< HEAD
| Date             : Sat Dec 13 22:07:32 2025
| Host             : Krishnan-Win running 64-bit major release  (build 9200)
=======
| Date             : Sun Dec 14 09:03:40 2025
| Host             : Aniketh_x86-64 running 64-bit major release  (build 9200)
>>>>>>> 0284568 (add transformation matrix module)
| Command          : report_power -file flight_sim_top_power_routed.rpt -pb flight_sim_top_power_summary_routed.pb -rpx flight_sim_top_power_routed.rpx
| Design           : flight_sim_top
| Device           : xc7s50csga324-1
| Design State     : routed
| Grade            : commercial
| Process          : typical
| Characterization : Production
----------------------------------------------------------------------------------------------------------------------------------------------------------------

Power Report

Table of Contents
-----------------
1. Summary
1.1 On-Chip Components
1.2 Power Supply Summary
1.3 Confidence Level
2. Settings
2.1 Environment
2.2 Clock Constraints
3. Detailed Reports
3.1 By Hierarchy

1. Summary
----------

+--------------------------+--------------+
<<<<<<< HEAD
| Total On-Chip Power (W)  | 1.085        |
| Design Power Budget (W)  | Unspecified* |
| Power Budget Margin (W)  | NA           |
| Dynamic (W)              | 1.008        |
| Device Static (W)        | 0.078        |
| Effective TJA (C/W)      | 4.9          |
| Max Ambient (C)          | 79.6         |
| Junction Temperature (C) | 30.4         |
=======
| Total On-Chip Power (W)  | 0.980        |
| Design Power Budget (W)  | Unspecified* |
| Power Budget Margin (W)  | NA           |
| Dynamic (W)              | 0.903        |
| Device Static (W)        | 0.076        |
| Effective TJA (C/W)      | 4.9          |
| Max Ambient (C)          | 80.2         |
| Junction Temperature (C) | 29.8         |
>>>>>>> 0284568 (add transformation matrix module)
| Confidence Level         | Low          |
| Setting File             | ---          |
| Simulation Activity File | ---          |
| Design Nets Matched      | NA           |
+--------------------------+--------------+
* Specify Design Power Budget using, set_operating_conditions -design_power_budget <value in Watts>


1.1 On-Chip Components
----------------------

+--------------------------+-----------+----------+-----------+-----------------+
| On-Chip                  | Power (W) | Used     | Available | Utilization (%) |
+--------------------------+-----------+----------+-----------+-----------------+
<<<<<<< HEAD
| Clocks                   |     0.056 |       18 |       --- |             --- |
| Slice Logic              |     0.040 |    19141 |       --- |             --- |
|   LUT as Logic           |     0.031 |     6926 |     32600 |           21.25 |
|   CARRY4                 |     0.004 |      733 |      8150 |            8.99 |
|   Register               |     0.002 |     8283 |     65200 |           12.70 |
|   LUT as Shift Register  |     0.001 |      327 |      9600 |            3.41 |
|   LUT as Distributed RAM |    <0.001 |      172 |      9600 |            1.79 |
|   F7/F8 Muxes            |    <0.001 |       37 |     32600 |            0.11 |
|   Others                 |     0.000 |     1123 |       --- |             --- |
| Signals                  |     0.067 |    18014 |       --- |             --- |
| Block RAM                |     0.096 |     45.5 |        75 |           60.67 |
| MMCM                     |     0.311 |        3 |         5 |           60.00 |
| DSPs                     |     0.054 |       71 |       120 |           59.17 |
| I/O                      |     0.383 |       88 |       210 |           41.90 |
| Static Power             |     0.078 |          |           |                 |
| Total                    |     1.085 |          |           |                 |
=======
| Clocks                   |     0.053 |       18 |       --- |             --- |
| Slice Logic              |     0.030 |    15772 |       --- |             --- |
|   LUT as Logic           |     0.023 |     5286 |     32600 |           16.21 |
|   CARRY4                 |     0.003 |      541 |      8150 |            6.64 |
|   Register               |     0.002 |     6978 |     65200 |           10.70 |
|   LUT as Shift Register  |     0.001 |      324 |      9600 |            3.38 |
|   LUT as Distributed RAM |    <0.001 |      172 |      9600 |            1.79 |
|   F7/F8 Muxes            |    <0.001 |       36 |     32600 |            0.11 |
|   Others                 |     0.000 |     1027 |       --- |             --- |
| Signals                  |     0.048 |    14841 |       --- |             --- |
| Block RAM                |     0.023 |     19.5 |        75 |           26.00 |
| MMCM                     |     0.311 |        3 |         5 |           60.00 |
| DSPs                     |     0.056 |       71 |       120 |           59.17 |
| I/O                      |     0.382 |       88 |       210 |           41.90 |
| Static Power             |     0.076 |          |           |                 |
| Total                    |     0.980 |          |           |                 |
>>>>>>> 0284568 (add transformation matrix module)
+--------------------------+-----------+----------+-----------+-----------------+


1.2 Power Supply Summary
------------------------

+-----------+-------------+-----------+-------------+------------+-------------+-------------+------------+
| Source    | Voltage (V) | Total (A) | Dynamic (A) | Static (A) | Powerup (A) | Budget (A)  | Margin (A) |
+-----------+-------------+-----------+-------------+------------+-------------+-------------+------------+
<<<<<<< HEAD
| Vccint    |       1.000 |     0.333 |       0.320 |      0.013 |       NA    | Unspecified | NA         |
=======
| Vccint    |       1.000 |     0.235 |       0.223 |      0.012 |       NA    | Unspecified | NA         |
>>>>>>> 0284568 (add transformation matrix module)
| Vccaux    |       1.800 |     0.232 |       0.220 |      0.013 |       NA    | Unspecified | NA         |
| Vcco33    |       3.300 |     0.042 |       0.041 |      0.001 |       NA    | Unspecified | NA         |
| Vcco25    |       2.500 |     0.000 |       0.000 |      0.000 |       NA    | Unspecified | NA         |
| Vcco18    |       1.800 |     0.000 |       0.000 |      0.000 |       NA    | Unspecified | NA         |
| Vcco15    |       1.500 |     0.000 |       0.000 |      0.000 |       NA    | Unspecified | NA         |
| Vcco135   |       1.350 |     0.112 |       0.111 |      0.001 |       NA    | Unspecified | NA         |
| Vcco12    |       1.200 |     0.000 |       0.000 |      0.000 |       NA    | Unspecified | NA         |
| Vccaux_io |       1.800 |     0.000 |       0.000 |      0.000 |       NA    | Unspecified | NA         |
<<<<<<< HEAD
| Vccbram   |       1.000 |     0.009 |       0.008 |      0.001 |       NA    | Unspecified | NA         |
=======
| Vccbram   |       1.000 |     0.002 |       0.001 |      0.001 |       NA    | Unspecified | NA         |
>>>>>>> 0284568 (add transformation matrix module)
| Vccadc    |       1.800 |     0.020 |       0.000 |      0.020 |       NA    | Unspecified | NA         |
+-----------+-------------+-----------+-------------+------------+-------------+-------------+------------+


1.3 Confidence Level
--------------------

+-----------------------------+------------+--------------------------------------------------------+------------------------------------------------------------------------------------------------------------+
| User Input Data             | Confidence | Details                                                | Action                                                                                                     |
+-----------------------------+------------+--------------------------------------------------------+------------------------------------------------------------------------------------------------------------+
| Design implementation state | High       | Design is routed                                       |                                                                                                            |
| Clock nodes activity        | High       | User specified more than 95% of clocks                 |                                                                                                            |
| I/O nodes activity          | Low        | More than 75% of inputs are missing user specification | Provide missing input activity with simulation results or by editing the "By Resource Type -> I/Os" view   |
| Internal nodes activity     | Medium     | User specified less than 25% of internal nodes         | Provide missing internal nodes activity with simulation results or by editing the "By Resource Type" views |
| Device models               | High       | Device models are Production                           |                                                                                                            |
|                             |            |                                                        |                                                                                                            |
| Overall confidence level    | Low        |                                                        |                                                                                                            |
+-----------------------------+------------+--------------------------------------------------------+------------------------------------------------------------------------------------------------------------+


2. Settings
-----------

2.1 Environment
---------------

+-----------------------+--------------------------+
| Ambient Temp (C)      | 25.0                     |
| ThetaJA (C/W)         | 4.9                      |
| Airflow (LFM)         | 250                      |
| Heat Sink             | medium (Medium Profile)  |
| ThetaSA (C/W)         | 4.6                      |
| Board Selection       | medium (10"x10")         |
| # of Board Layers     | 12to15 (12 to 15 Layers) |
| Board Temperature (C) | 25.0                     |
+-----------------------+--------------------------+


2.2 Clock Constraints
---------------------

+---------------------------------------------------------------+-------------------------------------------------------------------------------------------------+-----------------+
| Clock                                                         | Domain                                                                                          | Constraint (ns) |
+---------------------------------------------------------------+-------------------------------------------------------------------------------------------------+-----------------+
| clk                                                           | clk                                                                                             |            10.0 |
| clk                                                           | clk_IBUF                                                                                        |            10.0 |
| clk                                                           | ddr_renderer_top_inst/hdmi_clk_o                                                                |            10.0 |
| clk_out1_clk_wiz_0                                            | ddr_renderer_top_inst/clk_wiz/inst/clk_out1_clk_wiz_0                                           |            40.0 |
| clk_out1_ddr_clk_wiz_1                                        | ddr_renderer_top_inst/ddr3_arbiter_inst/clkgen_ddr3ctrl_instance/inst/clk_out1_ddr_clk_wiz_1    |             2.5 |
| clk_out1_mb_block_clk_wiz_1_0                                 | mb_block_inst/clk_wiz_1/inst/clk_out1_mb_block_clk_wiz_1_0                                      |            10.0 |
| clk_out2_clk_wiz_0                                            | ddr_renderer_top_inst/clk_wiz/inst/clk_out2_clk_wiz_0                                           |             8.0 |
| clk_out2_ddr_90_clk_wiz_1                                     | ddr_renderer_top_inst/ddr3_arbiter_inst/clkgen_ddr3ctrl_instance/inst/clk_out2_ddr_90_clk_wiz_1 |             2.5 |
| clk_out3_ref_clk_wiz_1                                        | ddr_renderer_top_inst/ddr3_arbiter_inst/clkgen_ddr3ctrl_instance/inst/clk_out3_ref_clk_wiz_1    |             5.0 |
| clk_out4_div_clk_wiz_1                                        | ddr_renderer_top_inst/ddr3_arbiter_inst/clkgen_ddr3ctrl_instance/inst/clk_out4_div_clk_wiz_1    |             5.0 |
| clkfbout_clk_wiz_0                                            | ddr_renderer_top_inst/clk_wiz/inst/clkfbout_clk_wiz_0                                           |            10.0 |
| clkfbout_clk_wiz_1                                            | ddr_renderer_top_inst/ddr3_arbiter_inst/clkgen_ddr3ctrl_instance/inst/clkfbout_clk_wiz_1        |            10.0 |
| clkfbout_mb_block_clk_wiz_1_0                                 | mb_block_inst/clk_wiz_1/inst/clkfbout_mb_block_clk_wiz_1_0                                      |            10.0 |
| mb_block_inst/mdm_1/U0/Use_E2.BSCAN_I/Use_E2.BSCANE2_I/DRCK   | mb_block_inst/mdm_1/U0/Use_E2.BSCAN_I/DRCK                                                      |            33.3 |
| mb_block_inst/mdm_1/U0/Use_E2.BSCAN_I/Use_E2.BSCANE2_I/UPDATE | mb_block_inst/mdm_1/U0/Use_E2.BSCAN_I/Dbg_Update_0                                              |            33.3 |
+---------------------------------------------------------------+-------------------------------------------------------------------------------------------------+-----------------+


3. Detailed Reports
-------------------

3.1 By Hierarchy
----------------

+--------------------------------+-----------+
| Name                           | Power (W) |
+--------------------------------+-----------+
<<<<<<< HEAD
| flight_sim_top                 |     1.008 |
|   ddr_renderer_top_inst        |     0.812 |
=======
| flight_sim_top                 |     0.903 |
|   ddr_renderer_top_inst        |     0.719 |
>>>>>>> 0284568 (add transformation matrix module)
|     clk_wiz                    |     0.107 |
|       inst                     |     0.107 |
|     ddr3_arbiter_inst          |     0.330 |
|       clkgen_ddr3ctrl_instance |     0.100 |
|       phy_instance             |     0.229 |
|     frame_buffer_inst          |     0.004 |
|       bram0                    |     0.003 |
<<<<<<< HEAD
|     graphics_inst              |     0.173 |
|       model_engine_inst        |     0.030 |
|       projector_inst           |     0.115 |
|       rasterizer_inst          |     0.025 |
|       wb_controller_inst       |     0.002 |
=======
|     graphics_inst              |     0.143 |
|       projector_inst           |     0.104 |
|       rasterizer_inst          |     0.033 |
|       wb_controller_inst       |     0.003 |
>>>>>>> 0284568 (add transformation matrix module)
|       zbuffer_inst             |     0.001 |
|     vga_to_hdmi                |     0.133 |
|       inst                     |     0.133 |
|   mb_block_inst                |     0.141 |
|     clk_wiz_1                  |     0.106 |
|       inst                     |     0.106 |
|     gpio_data_0                |     0.001 |
|       U0                       |     0.001 |
|     gpio_data_1                |     0.001 |
|       U0                       |     0.001 |
|     gpio_data_2                |     0.001 |
|       U0                       |     0.001 |
|     gpio_data_3                |     0.001 |
|       U0                       |     0.001 |
|     microblaze_0               |     0.017 |
|       U0                       |     0.017 |
|     microblaze_0_axi_intc      |     0.001 |
|       U0                       |     0.001 |
|     microblaze_0_axi_periph    |     0.001 |
|       xbar                     |     0.001 |
|     microblaze_0_local_memory  |     0.001 |
|       lmb_bram                 |     0.001 |
|     spi_usb                    |     0.004 |
|       U0                       |     0.004 |
|     timer                      |     0.003 |
|       U0                       |     0.003 |
+--------------------------------+-----------+


