Copyright 1986-2022 Xilinx, Inc. All Rights Reserved.
--------------------------------------------------------------------------------------------
| Tool Version : Vivado v.2022.2 (win64) Build 3671981 Fri Oct 14 05:00:03 MDT 2022
| Date         : Fri Dec 12 14:45:17 2025
| Host         : Aniketh_x86-64 running 64-bit major release  (build 9200)
| Command      : report_clock_utilization -file flight_sim_top_clock_utilization_routed.rpt
| Design       : flight_sim_top
| Device       : 7s50-csga324
| Speed File   : -1  PRODUCTION 1.23 2018-06-13
| Design State : Routed
--------------------------------------------------------------------------------------------

Clock Utilization Report

Table of Contents
-----------------
1. Clock Primitive Utilization
2. Global Clock Resources
3. Global Clock Source Details
4. Local Clock Details
5. Clock Regions: Key Resource Utilization
6. Clock Regions : Global Clock Summary
7. Device Cell Placement Summary for Global Clock g0
8. Device Cell Placement Summary for Global Clock g1
9. Device Cell Placement Summary for Global Clock g2
10. Device Cell Placement Summary for Global Clock g3
11. Device Cell Placement Summary for Global Clock g4
12. Device Cell Placement Summary for Global Clock g5
13. Device Cell Placement Summary for Global Clock g6
14. Device Cell Placement Summary for Global Clock g7
15. Device Cell Placement Summary for Global Clock g8
16. Device Cell Placement Summary for Global Clock g9
17. Device Cell Placement Summary for Global Clock g10
18. Device Cell Placement Summary for Global Clock g11
19. Clock Region Cell Placement per Global Clock: Region X0Y0
20. Clock Region Cell Placement per Global Clock: Region X1Y0
21. Clock Region Cell Placement per Global Clock: Region X0Y1
22. Clock Region Cell Placement per Global Clock: Region X1Y1

1. Clock Primitive Utilization
------------------------------

+----------+------+-----------+-----+--------------+--------+
| Type     | Used | Available | LOC | Clock Region | Pblock |
+----------+------+-----------+-----+--------------+--------+
| BUFGCTRL |   12 |        32 |   0 |            0 |      0 |
| BUFH     |    0 |        72 |   0 |            0 |      0 |
| BUFIO    |    0 |        20 |   0 |            0 |      0 |
| BUFMR    |    0 |        10 |   0 |            0 |      0 |
| BUFR     |    0 |        20 |   0 |            0 |      0 |
| MMCM     |    3 |         5 |   0 |            0 |      0 |
| PLL      |    0 |         5 |   0 |            0 |      0 |
+----------+------+-----------+-----+--------------+--------+


2. Global Clock Resources
-------------------------

+-----------+-----------+-----------------+------------+----------------+--------------+-------------------+-------------+-----------------+--------------+-------------------------------------------------------------+-------------------------------------------------------------------------------------+----------------------------------------------------------------------------------------------+
| Global Id | Source Id | Driver Type/Pin | Constraint | Site           | Clock Region | Load Clock Region | Clock Loads | Non-Clock Loads | Clock Period | Clock                                                       | Driver Pin                                                                          | Net                                                                                          |
+-----------+-----------+-----------------+------------+----------------+--------------+-------------------+-------------+-----------------+--------------+-------------------------------------------------------------+-------------------------------------------------------------------------------------+----------------------------------------------------------------------------------------------+
| g0        | src0      | BUFG/O          | None       | BUFGCTRL_X0Y0  | n/a          |                 4 |        5457 |               0 |        5.000 | clk_out4_div_clk_wiz_1                                      | ddr_renderer_top_inst/ddr3_arbiter_inst/clkgen_ddr3ctrl_instance/inst/clkout5_buf/O | ddr_renderer_top_inst/ddr3_arbiter_inst/clkgen_ddr3ctrl_instance/inst/clk_out4_div           |
| g1        | src1      | BUFG/O          | None       | BUFGCTRL_X0Y16 | n/a          |                 4 |        2548 |               0 |       10.000 | clk_out1_mb_block_clk_wiz_1_0                               | mb_block_inst/clk_wiz_1/inst/clkout1_buf/O                                          | mb_block_inst/clk_wiz_1/inst/clk_out1                                                        |
| g2        | src2      | BUFGCTRL/O      | None       | BUFGCTRL_X0Y6  | n/a          |                 1 |         233 |               0 |       33.333 | mb_block_inst/mdm_1/U0/Use_E2.BSCAN_I/Use_E2.BSCANE2_I/DRCK | mb_block_inst/mdm_1/U0/No_Dbg_Reg_Access.BUFG_DRCK/Using_FPGA.Native/O              | mb_block_inst/mdm_1/U0/No_Dbg_Reg_Access.BUFG_DRCK/Dbg_Clk_0                                 |
| g2        | src3      | BUFGCTRL/O      | None       | BUFGCTRL_X0Y6  | n/a          |                 1 |         233 |               0 |       33.333 | mb_block_inst/mdm_1/U0/Use_E2.BSCAN_I/Use_E2.BSCANE2_I/DRCK | mb_block_inst/mdm_1/U0/No_Dbg_Reg_Access.BUFG_DRCK/Using_FPGA.Native/O              | mb_block_inst/mdm_1/U0/No_Dbg_Reg_Access.BUFG_DRCK/Dbg_Clk_0                                 |
| g3        | src4      | BUFG/O          | None       | BUFGCTRL_X0Y1  | n/a          |                 2 |         147 |               0 |       40.000 | clk_out1_clk_wiz_0                                          | ddr_renderer_top_inst/clk_wiz/inst/clkout1_buf/O                                    | ddr_renderer_top_inst/clk_wiz/inst/clk_out1                                                  |
| g4        | src5      | BUFG/O          | None       | BUFGCTRL_X0Y2  | n/a          |                 1 |          34 |               0 |        2.500 | clk_out2_ddr_90_clk_wiz_1                                   | ddr_renderer_top_inst/ddr3_arbiter_inst/clkgen_ddr3ctrl_instance/inst/clkout3_buf/O | ddr_renderer_top_inst/ddr3_arbiter_inst/clkgen_ddr3ctrl_instance/inst/clk_out2_ddr_90        |
| g5        | src6      | BUFG/O          | None       | BUFGCTRL_X0Y3  | n/a          |                 1 |          23 |               0 |        2.500 | clk_out1_ddr_clk_wiz_1                                      | ddr_renderer_top_inst/ddr3_arbiter_inst/clkgen_ddr3ctrl_instance/inst/clkout1_buf/O | ddr_renderer_top_inst/ddr3_arbiter_inst/clkgen_ddr3ctrl_instance/inst/clk_out1_ddr           |
| g6        | src7      | BUFG/O          | None       | BUFGCTRL_X0Y4  | n/a          |                 1 |           8 |               0 |        8.000 | clk_out2_clk_wiz_0                                          | ddr_renderer_top_inst/clk_wiz/inst/clkout2_buf/O                                    | ddr_renderer_top_inst/clk_wiz/inst/clk_out2                                                  |
| g7        | src8      | BUFG/O          | None       | BUFGCTRL_X0Y8  | n/a          |                 1 |           1 |               0 |       10.000 | clkfbout_clk_wiz_0                                          | ddr_renderer_top_inst/clk_wiz/inst/clkf_buf/O                                       | ddr_renderer_top_inst/clk_wiz/inst/clkfbout_buf_clk_wiz_0                                    |
| g8        | src9      | BUFG/O          | None       | BUFGCTRL_X0Y5  | n/a          |                 1 |           1 |               0 |        5.000 | clk_out3_ref_clk_wiz_1                                      | ddr_renderer_top_inst/ddr3_arbiter_inst/clkgen_ddr3ctrl_instance/inst/clkout4_buf/O | ddr_renderer_top_inst/ddr3_arbiter_inst/clkgen_ddr3ctrl_instance/inst/clk_out3_ref           |
| g9        | src10     | BUFG/O          | None       | BUFGCTRL_X0Y9  | n/a          |                 1 |           1 |               0 |       10.000 | clkfbout_clk_wiz_1                                          | ddr_renderer_top_inst/ddr3_arbiter_inst/clkgen_ddr3ctrl_instance/inst/clkf_buf/O    | ddr_renderer_top_inst/ddr3_arbiter_inst/clkgen_ddr3ctrl_instance/inst/clkfbout_buf_clk_wiz_1 |
| g10       | src11     | BUFG/O          | None       | BUFGCTRL_X0Y7  | n/a          |                 1 |           1 |               0 |       10.000 | clk                                                         | ddr_renderer_top_inst/bufg_inst/O                                                   | ddr_renderer_top_inst/hdmi_clk_o                                                             |
| g11       | src12     | BUFG/O          | None       | BUFGCTRL_X0Y17 | n/a          |                 1 |           1 |               0 |       10.000 | clkfbout_mb_block_clk_wiz_1_0                               | mb_block_inst/clk_wiz_1/inst/clkf_buf/O                                             | mb_block_inst/clk_wiz_1/inst/clkfbout_buf_mb_block_clk_wiz_1_0                               |
+-----------+-----------+-----------------+------------+----------------+--------------+-------------------+-------------+-----------------+--------------+-------------------------------------------------------------+-------------------------------------------------------------------------------------+----------------------------------------------------------------------------------------------+
* Clock Loads column represents cell count of net connects that connect to a clock pin. Internal cell leaf pins are not considered
** Non-Clock Loads column represents cell count of non-clock pin loads


3. Global Clock Source Details
------------------------------

+-----------+-----------+---------------------+------------+-----------------+--------------+-------------+-----------------+---------------------+-------------------------------------------------------------+----------------------------------------------------------------------------------------------+-------------------------------------------------------------------------------------------------+
| Source Id | Global Id | Driver Type/Pin     | Constraint | Site            | Clock Region | Clock Loads | Non-Clock Loads | Source Clock Period | Source Clock                                                | Driver Pin                                                                                   | Net                                                                                             |
+-----------+-----------+---------------------+------------+-----------------+--------------+-------------+-----------------+---------------------+-------------------------------------------------------------+----------------------------------------------------------------------------------------------+-------------------------------------------------------------------------------------------------+
| src0      | g0        | MMCME2_ADV/CLKOUT4  | None       | MMCME2_ADV_X0Y0 | X0Y0         |           1 |               0 |               5.000 | clk_out4_div_clk_wiz_1                                      | ddr_renderer_top_inst/ddr3_arbiter_inst/clkgen_ddr3ctrl_instance/inst/mmcm_adv_inst/CLKOUT4  | ddr_renderer_top_inst/ddr3_arbiter_inst/clkgen_ddr3ctrl_instance/inst/clk_out4_div_clk_wiz_1    |
| src1      | g1        | MMCME2_ADV/CLKOUT0  | None       | MMCME2_ADV_X0Y1 | X0Y1         |           1 |               0 |              10.000 | clk_out1_mb_block_clk_wiz_1_0                               | mb_block_inst/clk_wiz_1/inst/mmcm_adv_inst/CLKOUT0                                           | mb_block_inst/clk_wiz_1/inst/clk_out1_mb_block_clk_wiz_1_0                                      |
| src2      | g2        | BSCANE2/DRCK        | None       | BSCAN_X0Y1      | X0Y0         |           1 |               0 |              33.333 | mb_block_inst/mdm_1/U0/Use_E2.BSCAN_I/Use_E2.BSCANE2_I/DRCK | mb_block_inst/mdm_1/U0/Use_E2.BSCAN_I/Use_E2.BSCANE2_I/DRCK                                  | mb_block_inst/mdm_1/U0/Use_E2.BSCAN_I/DRCK                                                      |
| src3      | g2        | VCC/P               | None       |                 | n/a          |           0 |               0 |                     |                                                             | mb_block_inst/mdm_1/U0/No_Dbg_Reg_Access.BUFG_DRCK/VCC_1/P                                   | mb_block_inst/mdm_1/U0/No_Dbg_Reg_Access.BUFG_DRCK/VCC_2                                        |
| src4      | g3        | MMCME2_ADV/CLKOUT0  | None       | MMCME2_ADV_X1Y0 | X1Y0         |           1 |               0 |              40.000 | clk_out1_clk_wiz_0                                          | ddr_renderer_top_inst/clk_wiz/inst/mmcm_adv_inst/CLKOUT0                                     | ddr_renderer_top_inst/clk_wiz/inst/clk_out1_clk_wiz_0                                           |
| src5      | g4        | MMCME2_ADV/CLKOUT2  | None       | MMCME2_ADV_X0Y0 | X0Y0         |           1 |               0 |               2.500 | clk_out2_ddr_90_clk_wiz_1                                   | ddr_renderer_top_inst/ddr3_arbiter_inst/clkgen_ddr3ctrl_instance/inst/mmcm_adv_inst/CLKOUT2  | ddr_renderer_top_inst/ddr3_arbiter_inst/clkgen_ddr3ctrl_instance/inst/clk_out2_ddr_90_clk_wiz_1 |
| src6      | g5        | MMCME2_ADV/CLKOUT0  | None       | MMCME2_ADV_X0Y0 | X0Y0         |           1 |               0 |               2.500 | clk_out1_ddr_clk_wiz_1                                      | ddr_renderer_top_inst/ddr3_arbiter_inst/clkgen_ddr3ctrl_instance/inst/mmcm_adv_inst/CLKOUT0  | ddr_renderer_top_inst/ddr3_arbiter_inst/clkgen_ddr3ctrl_instance/inst/clk_out1_ddr_clk_wiz_1    |
| src7      | g6        | MMCME2_ADV/CLKOUT1  | None       | MMCME2_ADV_X1Y0 | X1Y0         |           1 |               0 |               8.000 | clk_out2_clk_wiz_0                                          | ddr_renderer_top_inst/clk_wiz/inst/mmcm_adv_inst/CLKOUT1                                     | ddr_renderer_top_inst/clk_wiz/inst/clk_out2_clk_wiz_0                                           |
| src8      | g7        | MMCME2_ADV/CLKFBOUT | None       | MMCME2_ADV_X1Y0 | X1Y0         |           1 |               0 |              10.000 | clkfbout_clk_wiz_0                                          | ddr_renderer_top_inst/clk_wiz/inst/mmcm_adv_inst/CLKFBOUT                                    | ddr_renderer_top_inst/clk_wiz/inst/clkfbout_clk_wiz_0                                           |
| src9      | g8        | MMCME2_ADV/CLKOUT3  | None       | MMCME2_ADV_X0Y0 | X0Y0         |           1 |               0 |               5.000 | clk_out3_ref_clk_wiz_1                                      | ddr_renderer_top_inst/ddr3_arbiter_inst/clkgen_ddr3ctrl_instance/inst/mmcm_adv_inst/CLKOUT3  | ddr_renderer_top_inst/ddr3_arbiter_inst/clkgen_ddr3ctrl_instance/inst/clk_out3_ref_clk_wiz_1    |
| src10     | g9        | MMCME2_ADV/CLKFBOUT | None       | MMCME2_ADV_X0Y0 | X0Y0         |           1 |               0 |              10.000 | clkfbout_clk_wiz_1                                          | ddr_renderer_top_inst/ddr3_arbiter_inst/clkgen_ddr3ctrl_instance/inst/mmcm_adv_inst/CLKFBOUT | ddr_renderer_top_inst/ddr3_arbiter_inst/clkgen_ddr3ctrl_instance/inst/clkfbout_clk_wiz_1        |
| src11     | g10       | IBUF/O              | IOB_X0Y26  | IOB_X0Y26       | X0Y0         |           3 |               0 |              10.000 | clk                                                         | clk_IBUF_inst/O                                                                              | clk_IBUF                                                                                        |
| src12     | g11       | MMCME2_ADV/CLKFBOUT | None       | MMCME2_ADV_X0Y1 | X0Y1         |           1 |               0 |              10.000 | clkfbout_mb_block_clk_wiz_1_0                               | mb_block_inst/clk_wiz_1/inst/mmcm_adv_inst/CLKFBOUT                                          | mb_block_inst/clk_wiz_1/inst/clkfbout_mb_block_clk_wiz_1_0                                      |
+-----------+-----------+---------------------+------------+-----------------+--------------+-------------+-----------------+---------------------+-------------------------------------------------------------+----------------------------------------------------------------------------------------------+-------------------------------------------------------------------------------------------------+
* Clock Loads column represents cell count of net connects that connect to a clock pin. Internal cell leaf pins are not considered
** Non-Clock Loads column represents cell count of non-clock pin loads


4. Local Clock Details
----------------------

+----------+------------------+--------------+-----------------------+--------------+-------------+-----------------+--------------+-------+-----------------------------------------------------------------------------------------+-----------------------------------------------------------------------------------+
| Local Id | Driver Type/Pin  | Constraint   | Site/BEL              | Clock Region | Clock Loads | Non-Clock Loads | Clock Period | Clock | Driver Pin                                                                              | Net                                                                               |
+----------+------------------+--------------+-----------------------+--------------+-------------+-----------------+--------------+-------+-----------------------------------------------------------------------------------------+-----------------------------------------------------------------------------------+
| 0        | IDELAYE2/DATAOUT | IDELAY_X1Y44 | IDELAY_X1Y44/IDELAYE2 | X1Y0         |           8 |               0 |              |       | ddr_renderer_top_inst/ddr3_arbiter_inst/phy_instance/genblk7[0].idelay_dqs_inst/DATAOUT | ddr_renderer_top_inst/ddr3_arbiter_inst/phy_instance/genblk7[0].idelay_dqs_inst_0 |
| 1        | IDELAYE2/DATAOUT | IDELAY_X1Y32 | IDELAY_X1Y32/IDELAYE2 | X1Y0         |           8 |               0 |              |       | ddr_renderer_top_inst/ddr3_arbiter_inst/phy_instance/genblk7[1].idelay_dqs_inst/DATAOUT | ddr_renderer_top_inst/ddr3_arbiter_inst/phy_instance/genblk7[1].idelay_dqs_inst_0 |
+----------+------------------+--------------+-----------------------+--------------+-------------+-----------------+--------------+-------+-----------------------------------------------------------------------------------------+-----------------------------------------------------------------------------------+
* Local Clocks in this context represents only clocks driven by non-global buffers
** Clock Loads column represents cell count of net connects that connect to a clock pin. Internal cell leaf pins are not considered
*** Non-Clock Loads column represents cell count of non-clock pin loads


5. Clock Regions: Key Resource Utilization
------------------------------------------

+-------------------+--------------+--------------+--------------+--------------+--------------+--------------+--------------+--------------+--------------+--------------+--------------+--------------+--------------+--------------+--------------+
|                   | Global Clock |     BUFRs    |    BUFMRs    |    BUFIOs    |     MMCM     |      PLL     |      GT      |      PCI     |    ILOGIC    |    OLOGIC    |      FF      |     LUTM     |    RAMB18    |    RAMB36    |    DSP48E2   |
+-------------------+------+-------+------+-------+------+-------+------+-------+------+-------+------+-------+------+-------+------+-------+------+-------+------+-------+------+-------+------+-------+------+-------+------+-------+------+-------+
| Clock Region Name | Used | Avail | Used | Avail | Used | Avail | Used | Avail | Used | Avail | Used | Avail | Used | Avail | Used | Avail | Used | Avail | Used | Avail | Used | Avail | Used | Avail | Used | Avail | Used | Avail | Used | Avail |
+-------------------+------+-------+------+-------+------+-------+------+-------+------+-------+------+-------+------+-------+------+-------+------+-------+------+-------+------+-------+------+-------+------+-------+------+-------+------+-------+
| X0Y0              |    6 |    12 |    0 |     4 |    0 |     2 |    0 |     4 |    1 |     1 |    0 |     1 |    0 |     0 |    0 |     0 |    1 |    50 |    9 |    50 | 2493 |  1200 |  971 |   400 |    0 |    20 |   10 |    10 |   13 |    20 |
| X1Y0              |    8 |    12 |    0 |     4 |    0 |     2 |    0 |     4 |    1 |     1 |    0 |     1 |    0 |     0 |    0 |     0 |   16 |    50 |   41 |    50 | 3833 |  1500 | 1619 |   450 |    0 |    40 |   13 |    20 |   16 |    20 |
| X0Y1              |    3 |    12 |    0 |     4 |    0 |     2 |    0 |     4 |    1 |     1 |    0 |     1 |    0 |     0 |    0 |     0 |    0 |    50 |    0 |    50 |  615 |  1200 |  194 |   400 |    0 |    20 |    3 |    10 |   10 |    20 |
| X1Y1              |    2 |    12 |    0 |     4 |    0 |     2 |    0 |     4 |    0 |     1 |    0 |     1 |    0 |     0 |    0 |     0 |    0 |    50 |    0 |    50 |  684 |  1500 |  293 |   450 |    0 |    40 |    0 |    20 |   20 |    20 |
| X0Y2              |    0 |    12 |    0 |     4 |    0 |     2 |    0 |     4 |    0 |     1 |    0 |     1 |    0 |     0 |    0 |     0 |    0 |    50 |    0 |    50 |    0 |  1800 |    0 |   400 |    0 |    20 |    0 |    10 |    0 |    20 |
| X1Y2              |    0 |    12 |    0 |     0 |    0 |     0 |    0 |     0 |    0 |     0 |    0 |     0 |    0 |     4 |    0 |     1 |    0 |     0 |    0 |     0 |    0 |   950 |    0 |   300 |    0 |    10 |    0 |     5 |    0 |    20 |
+-------------------+------+-------+------+-------+------+-------+------+-------+------+-------+------+-------+------+-------+------+-------+------+-------+------+-------+------+-------+------+-------+------+-------+------+-------+------+-------+
* Global Clock column represents track count; while other columns represents cell counts


6. Clock Regions : Global Clock Summary
---------------------------------------

All Modules
+----+----+----+
|    | X0 | X1 |
+----+----+----+
| Y2 |  0 |  0 |
| Y1 |  3 |  2 |
| Y0 |  6 |  8 |
+----+----+----+


7. Device Cell Placement Summary for Global Clock g0
----------------------------------------------------

+-----------+-----------------+-------------------+------------------------+-------------+---------------+-------------+----------+----------------+----------+------------------------------------------------------------------------------------+
| Global Id | Driver Type/Pin | Driver Region (D) | Clock                  | Period (ns) | Waveform (ns) | Slice Loads | IO Loads | Clocking Loads | GT Loads | Net                                                                                |
+-----------+-----------------+-------------------+------------------------+-------------+---------------+-------------+----------+----------------+----------+------------------------------------------------------------------------------------+
| g0        | BUFG/O          | n/a               | clk_out4_div_clk_wiz_1 |       5.000 | {0.000 2.500} |        5400 |       57 |              0 |        0 | ddr_renderer_top_inst/ddr3_arbiter_inst/clkgen_ddr3ctrl_instance/inst/clk_out4_div |
+-----------+-----------------+-------------------+------------------------+-------------+---------------+-------------+----------+----------------+----------+------------------------------------------------------------------------------------+
* Slice Loads column represents load cell count of all cell types other than IO, GT and clock resources
** IO Loads column represents load cell count of IO types
*** Clocking Loads column represents load cell count that are clock resources (global clock buffer, MMCM, PLL, etc)
**** GT Loads column represents load cell count of GT types


+----+------+-------+-----------------------+
|    | X0   | X1    | HORIZONTAL PROG DELAY |
+----+------+-------+-----------------------+
| Y2 |    0 |     0 |                     - |
| Y1 |  627 |   750 |                     0 |
| Y0 |  619 |  3461 |                     0 |
+----+------+-------+-----------------------+


8. Device Cell Placement Summary for Global Clock g1
----------------------------------------------------

+-----------+-----------------+-------------------+-------------------------------+-------------+---------------+-------------+----------+----------------+----------+---------------------------------------+
| Global Id | Driver Type/Pin | Driver Region (D) | Clock                         | Period (ns) | Waveform (ns) | Slice Loads | IO Loads | Clocking Loads | GT Loads | Net                                   |
+-----------+-----------------+-------------------+-------------------------------+-------------+---------------+-------------+----------+----------------+----------+---------------------------------------+
| g1        | BUFG/O          | n/a               | clk_out1_mb_block_clk_wiz_1_0 |      10.000 | {0.000 5.000} |        2446 |        0 |              0 |        0 | mb_block_inst/clk_wiz_1/inst/clk_out1 |
+-----------+-----------------+-------------------+-------------------------------+-------------+---------------+-------------+----------+----------------+----------+---------------------------------------+
* Slice Loads column represents load cell count of all cell types other than IO, GT and clock resources
** IO Loads column represents load cell count of IO types
*** Clocking Loads column represents load cell count that are clock resources (global clock buffer, MMCM, PLL, etc)
**** GT Loads column represents load cell count of GT types


+----+-------+------+-----------------------+
|    | X0    | X1   | HORIZONTAL PROG DELAY |
+----+-------+------+-----------------------+
| Y2 |     0 |    0 |                     - |
| Y1 |     3 |    1 |                     0 |
| Y0 |  1708 |  734 |                     0 |
+----+-------+------+-----------------------+


9. Device Cell Placement Summary for Global Clock g2
----------------------------------------------------

+-----------+-----------------+-------------------+-------------------------------------------------------------+-------------+----------------+-------------+----------+----------------+----------+--------------------------------------------------------------+
| Global Id | Driver Type/Pin | Driver Region (D) | Clock                                                       | Period (ns) | Waveform (ns)  | Slice Loads | IO Loads | Clocking Loads | GT Loads | Net                                                          |
+-----------+-----------------+-------------------+-------------------------------------------------------------+-------------+----------------+-------------+----------+----------------+----------+--------------------------------------------------------------+
| g2        | BUFGCTRL/O      | n/a               | mb_block_inst/mdm_1/U0/Use_E2.BSCAN_I/Use_E2.BSCANE2_I/DRCK |      33.333 | {0.000 16.667} |         233 |        0 |              0 |        0 | mb_block_inst/mdm_1/U0/No_Dbg_Reg_Access.BUFG_DRCK/Dbg_Clk_0 |
+-----------+-----------------+-------------------+-------------------------------------------------------------+-------------+----------------+-------------+----------+----------------+----------+--------------------------------------------------------------+
* Slice Loads column represents load cell count of all cell types other than IO, GT and clock resources
** IO Loads column represents load cell count of IO types
*** Clocking Loads column represents load cell count that are clock resources (global clock buffer, MMCM, PLL, etc)
**** GT Loads column represents load cell count of GT types


+----+------+----+-----------------------+
|    | X0   | X1 | HORIZONTAL PROG DELAY |
+----+------+----+-----------------------+
| Y2 |    0 |  0 |                     - |
| Y1 |    0 |  0 |                     - |
| Y0 |  233 |  0 |                     0 |
+----+------+----+-----------------------+


10. Device Cell Placement Summary for Global Clock g3
-----------------------------------------------------

+-----------+-----------------+-------------------+--------------------+-------------+----------------+-------------+----------+----------------+----------+---------------------------------------------+
| Global Id | Driver Type/Pin | Driver Region (D) | Clock              | Period (ns) | Waveform (ns)  | Slice Loads | IO Loads | Clocking Loads | GT Loads | Net                                         |
+-----------+-----------------+-------------------+--------------------+-------------+----------------+-------------+----------+----------------+----------+---------------------------------------------+
| g3        | BUFG/O          | n/a               | clk_out1_clk_wiz_0 |      40.000 | {0.000 20.000} |         139 |        8 |              0 |        0 | ddr_renderer_top_inst/clk_wiz/inst/clk_out1 |
+-----------+-----------------+-------------------+--------------------+-------------+----------------+-------------+----------+----------------+----------+---------------------------------------------+
* Slice Loads column represents load cell count of all cell types other than IO, GT and clock resources
** IO Loads column represents load cell count of IO types
*** Clocking Loads column represents load cell count that are clock resources (global clock buffer, MMCM, PLL, etc)
**** GT Loads column represents load cell count of GT types


+----+------+-----+-----------------------+
|    | X0   | X1  | HORIZONTAL PROG DELAY |
+----+------+-----+-----------------------+
| Y2 |    0 |   0 |                     - |
| Y1 |    0 |   0 |                     - |
| Y0 |  124 |  23 |                     0 |
+----+------+-----+-----------------------+


11. Device Cell Placement Summary for Global Clock g4
-----------------------------------------------------

+-----------+-----------------+-------------------+---------------------------+-------------+---------------+-------------+----------+----------------+----------+---------------------------------------------------------------------------------------+
| Global Id | Driver Type/Pin | Driver Region (D) | Clock                     | Period (ns) | Waveform (ns) | Slice Loads | IO Loads | Clocking Loads | GT Loads | Net                                                                                   |
+-----------+-----------------+-------------------+---------------------------+-------------+---------------+-------------+----------+----------------+----------+---------------------------------------------------------------------------------------+
| g4        | BUFG/O          | n/a               | clk_out2_ddr_90_clk_wiz_1 |       2.500 | {0.625 1.875} |           0 |       34 |              0 |        0 | ddr_renderer_top_inst/ddr3_arbiter_inst/clkgen_ddr3ctrl_instance/inst/clk_out2_ddr_90 |
+-----------+-----------------+-------------------+---------------------------+-------------+---------------+-------------+----------+----------------+----------+---------------------------------------------------------------------------------------+
* Slice Loads column represents load cell count of all cell types other than IO, GT and clock resources
** IO Loads column represents load cell count of IO types
*** Clocking Loads column represents load cell count that are clock resources (global clock buffer, MMCM, PLL, etc)
**** GT Loads column represents load cell count of GT types


+----+----+-----+-----------------------+
|    | X0 | X1  | HORIZONTAL PROG DELAY |
+----+----+-----+-----------------------+
| Y2 |  0 |   0 |                     - |
| Y1 |  0 |   0 |                     - |
| Y0 |  0 |  34 |                     0 |
+----+----+-----+-----------------------+


12. Device Cell Placement Summary for Global Clock g5
-----------------------------------------------------

+-----------+-----------------+-------------------+------------------------+-------------+---------------+-------------+----------+----------------+----------+------------------------------------------------------------------------------------+
| Global Id | Driver Type/Pin | Driver Region (D) | Clock                  | Period (ns) | Waveform (ns) | Slice Loads | IO Loads | Clocking Loads | GT Loads | Net                                                                                |
+-----------+-----------------+-------------------+------------------------+-------------+---------------+-------------+----------+----------------+----------+------------------------------------------------------------------------------------+
| g5        | BUFG/O          | n/a               | clk_out1_ddr_clk_wiz_1 |       2.500 | {0.000 1.250} |           0 |       23 |              0 |        0 | ddr_renderer_top_inst/ddr3_arbiter_inst/clkgen_ddr3ctrl_instance/inst/clk_out1_ddr |
+-----------+-----------------+-------------------+------------------------+-------------+---------------+-------------+----------+----------------+----------+------------------------------------------------------------------------------------+
* Slice Loads column represents load cell count of all cell types other than IO, GT and clock resources
** IO Loads column represents load cell count of IO types
*** Clocking Loads column represents load cell count that are clock resources (global clock buffer, MMCM, PLL, etc)
**** GT Loads column represents load cell count of GT types


+----+----+-----+-----------------------+
|    | X0 | X1  | HORIZONTAL PROG DELAY |
+----+----+-----+-----------------------+
| Y2 |  0 |   0 |                     - |
| Y1 |  0 |   0 |                     - |
| Y0 |  0 |  23 |                     0 |
+----+----+-----+-----------------------+


13. Device Cell Placement Summary for Global Clock g6
-----------------------------------------------------

+-----------+-----------------+-------------------+--------------------+-------------+---------------+-------------+----------+----------------+----------+---------------------------------------------+
| Global Id | Driver Type/Pin | Driver Region (D) | Clock              | Period (ns) | Waveform (ns) | Slice Loads | IO Loads | Clocking Loads | GT Loads | Net                                         |
+-----------+-----------------+-------------------+--------------------+-------------+---------------+-------------+----------+----------------+----------+---------------------------------------------+
| g6        | BUFG/O          | n/a               | clk_out2_clk_wiz_0 |       8.000 | {0.000 4.000} |           0 |        8 |              0 |        0 | ddr_renderer_top_inst/clk_wiz/inst/clk_out2 |
+-----------+-----------------+-------------------+--------------------+-------------+---------------+-------------+----------+----------------+----------+---------------------------------------------+
* Slice Loads column represents load cell count of all cell types other than IO, GT and clock resources
** IO Loads column represents load cell count of IO types
*** Clocking Loads column represents load cell count that are clock resources (global clock buffer, MMCM, PLL, etc)
**** GT Loads column represents load cell count of GT types


+----+----+----+-----------------------+
|    | X0 | X1 | HORIZONTAL PROG DELAY |
+----+----+----+-----------------------+
| Y2 |  0 |  0 |                     - |
| Y1 |  0 |  0 |                     - |
| Y0 |  8 |  0 |                     0 |
+----+----+----+-----------------------+


14. Device Cell Placement Summary for Global Clock g7
-----------------------------------------------------

+-----------+-----------------+-------------------+--------------------+-------------+---------------+-------------+----------+----------------+----------+-----------------------------------------------------------+
| Global Id | Driver Type/Pin | Driver Region (D) | Clock              | Period (ns) | Waveform (ns) | Slice Loads | IO Loads | Clocking Loads | GT Loads | Net                                                       |
+-----------+-----------------+-------------------+--------------------+-------------+---------------+-------------+----------+----------------+----------+-----------------------------------------------------------+
| g7        | BUFG/O          | n/a               | clkfbout_clk_wiz_0 |      10.000 | {0.000 5.000} |           0 |        0 |              1 |        0 | ddr_renderer_top_inst/clk_wiz/inst/clkfbout_buf_clk_wiz_0 |
+-----------+-----------------+-------------------+--------------------+-------------+---------------+-------------+----------+----------------+----------+-----------------------------------------------------------+
* Slice Loads column represents load cell count of all cell types other than IO, GT and clock resources
** IO Loads column represents load cell count of IO types
*** Clocking Loads column represents load cell count that are clock resources (global clock buffer, MMCM, PLL, etc)
**** GT Loads column represents load cell count of GT types


+----+----+----+-----------------------+
|    | X0 | X1 | HORIZONTAL PROG DELAY |
+----+----+----+-----------------------+
| Y2 |  0 |  0 |                     - |
| Y1 |  0 |  0 |                     - |
| Y0 |  0 |  1 |                     0 |
+----+----+----+-----------------------+


15. Device Cell Placement Summary for Global Clock g8
-----------------------------------------------------

+-----------+-----------------+-------------------+------------------------+-------------+---------------+-------------+----------+----------------+----------+------------------------------------------------------------------------------------+
| Global Id | Driver Type/Pin | Driver Region (D) | Clock                  | Period (ns) | Waveform (ns) | Slice Loads | IO Loads | Clocking Loads | GT Loads | Net                                                                                |
+-----------+-----------------+-------------------+------------------------+-------------+---------------+-------------+----------+----------------+----------+------------------------------------------------------------------------------------+
| g8        | BUFG/O          | n/a               | clk_out3_ref_clk_wiz_1 |       5.000 | {0.000 2.500} |           1 |        0 |              0 |        0 | ddr_renderer_top_inst/ddr3_arbiter_inst/clkgen_ddr3ctrl_instance/inst/clk_out3_ref |
+-----------+-----------------+-------------------+------------------------+-------------+---------------+-------------+----------+----------------+----------+------------------------------------------------------------------------------------+
* Slice Loads column represents load cell count of all cell types other than IO, GT and clock resources
** IO Loads column represents load cell count of IO types
*** Clocking Loads column represents load cell count that are clock resources (global clock buffer, MMCM, PLL, etc)
**** GT Loads column represents load cell count of GT types


+----+----+----+-----------------------+
|    | X0 | X1 | HORIZONTAL PROG DELAY |
+----+----+----+-----------------------+
| Y2 |  0 |  0 |                     - |
| Y1 |  0 |  0 |                     - |
| Y0 |  0 |  1 |                     0 |
+----+----+----+-----------------------+


16. Device Cell Placement Summary for Global Clock g9
-----------------------------------------------------

+-----------+-----------------+-------------------+--------------------+-------------+---------------+-------------+----------+----------------+----------+----------------------------------------------------------------------------------------------+
| Global Id | Driver Type/Pin | Driver Region (D) | Clock              | Period (ns) | Waveform (ns) | Slice Loads | IO Loads | Clocking Loads | GT Loads | Net                                                                                          |
+-----------+-----------------+-------------------+--------------------+-------------+---------------+-------------+----------+----------------+----------+----------------------------------------------------------------------------------------------+
| g9        | BUFG/O          | n/a               | clkfbout_clk_wiz_1 |      10.000 | {0.000 5.000} |           0 |        0 |              1 |        0 | ddr_renderer_top_inst/ddr3_arbiter_inst/clkgen_ddr3ctrl_instance/inst/clkfbout_buf_clk_wiz_1 |
+-----------+-----------------+-------------------+--------------------+-------------+---------------+-------------+----------+----------------+----------+----------------------------------------------------------------------------------------------+
* Slice Loads column represents load cell count of all cell types other than IO, GT and clock resources
** IO Loads column represents load cell count of IO types
*** Clocking Loads column represents load cell count that are clock resources (global clock buffer, MMCM, PLL, etc)
**** GT Loads column represents load cell count of GT types


+----+----+----+-----------------------+
|    | X0 | X1 | HORIZONTAL PROG DELAY |
+----+----+----+-----------------------+
| Y2 |  0 |  0 |                     - |
| Y1 |  0 |  0 |                     - |
| Y0 |  1 |  0 |                     0 |
+----+----+----+-----------------------+


17. Device Cell Placement Summary for Global Clock g10
------------------------------------------------------

+-----------+-----------------+-------------------+-------+-------------+---------------+-------------+----------+----------------+----------+----------------------------------+
| Global Id | Driver Type/Pin | Driver Region (D) | Clock | Period (ns) | Waveform (ns) | Slice Loads | IO Loads | Clocking Loads | GT Loads | Net                              |
+-----------+-----------------+-------------------+-------+-------------+---------------+-------------+----------+----------------+----------+----------------------------------+
| g10       | BUFG/O          | n/a               | clk   |      10.000 | {0.000 5.000} |           0 |        0 |              1 |        0 | ddr_renderer_top_inst/hdmi_clk_o |
+-----------+-----------------+-------------------+-------+-------------+---------------+-------------+----------+----------------+----------+----------------------------------+
* Slice Loads column represents load cell count of all cell types other than IO, GT and clock resources
** IO Loads column represents load cell count of IO types
*** Clocking Loads column represents load cell count that are clock resources (global clock buffer, MMCM, PLL, etc)
**** GT Loads column represents load cell count of GT types


+----+----+----+-----------------------+
|    | X0 | X1 | HORIZONTAL PROG DELAY |
+----+----+----+-----------------------+
| Y2 |  0 |  0 |                     - |
| Y1 |  0 |  0 |                     - |
| Y0 |  0 |  1 |                     0 |
+----+----+----+-----------------------+


18. Device Cell Placement Summary for Global Clock g11
------------------------------------------------------

+-----------+-----------------+-------------------+-------------------------------+-------------+---------------+-------------+----------+----------------+----------+----------------------------------------------------------------+
| Global Id | Driver Type/Pin | Driver Region (D) | Clock                         | Period (ns) | Waveform (ns) | Slice Loads | IO Loads | Clocking Loads | GT Loads | Net                                                            |
+-----------+-----------------+-------------------+-------------------------------+-------------+---------------+-------------+----------+----------------+----------+----------------------------------------------------------------+
| g11       | BUFG/O          | n/a               | clkfbout_mb_block_clk_wiz_1_0 |      10.000 | {0.000 5.000} |           0 |        0 |              1 |        0 | mb_block_inst/clk_wiz_1/inst/clkfbout_buf_mb_block_clk_wiz_1_0 |
+-----------+-----------------+-------------------+-------------------------------+-------------+---------------+-------------+----------+----------------+----------+----------------------------------------------------------------+
* Slice Loads column represents load cell count of all cell types other than IO, GT and clock resources
** IO Loads column represents load cell count of IO types
*** Clocking Loads column represents load cell count that are clock resources (global clock buffer, MMCM, PLL, etc)
**** GT Loads column represents load cell count of GT types


+----+----+----+-----------------------+
|    | X0 | X1 | HORIZONTAL PROG DELAY |
+----+----+----+-----------------------+
| Y2 |  0 |  0 |                     - |
| Y1 |  1 |  0 |                     0 |
| Y0 |  0 |  0 |                     - |
+----+----+----+-----------------------+


19. Clock Region Cell Placement per Global Clock: Region X0Y0
-------------------------------------------------------------

+-----------+-------+-----------------+------------+-------------+-----------------+------+-------------+------+-----+----+------+-----+---------+----------------------------------------------------------------------------------------------+
| Global Id | Track | Driver Type/Pin | Constraint | Clock Loads | Non-Clock Loads | FF   | Memory LUTs | RAMB | DSP | GT | MMCM | PLL | Hard IP | Net                                                                                          |
+-----------+-------+-----------------+------------+-------------+-----------------+------+-------------+------+-----+----+------+-----+---------+----------------------------------------------------------------------------------------------+
| g0        | n/a   | BUFG/O          | None       |         619 |               0 |  573 |          36 |    0 |  10 |  0 |    0 |   0 |       0 | ddr_renderer_top_inst/ddr3_arbiter_inst/clkgen_ddr3ctrl_instance/inst/clk_out4_div           |
| g1        | n/a   | BUFG/O          | None       |        1708 |               0 | 1610 |          85 |   10 |   3 |  0 |    0 |   0 |       0 | mb_block_inst/clk_wiz_1/inst/clk_out1                                                        |
| g2        | n/a   | BUFGCTRL/O      | None       |         233 |               0 |  210 |          23 |    0 |   0 |  0 |    0 |   0 |       0 | mb_block_inst/mdm_1/U0/No_Dbg_Reg_Access.BUFG_DRCK/Dbg_Clk_0                                 |
| g3        | n/a   | BUFG/O          | None       |         124 |               0 |  100 |          16 |    0 |   0 |  0 |    0 |   0 |       0 | ddr_renderer_top_inst/clk_wiz/inst/clk_out1                                                  |
| g6        | n/a   | BUFG/O          | None       |           8 |               0 |    0 |           0 |    0 |   0 |  0 |    0 |   0 |       0 | ddr_renderer_top_inst/clk_wiz/inst/clk_out2                                                  |
| g9        | n/a   | BUFG/O          | None       |           1 |               0 |    0 |           0 |    0 |   0 |  0 |    1 |   0 |       0 | ddr_renderer_top_inst/ddr3_arbiter_inst/clkgen_ddr3ctrl_instance/inst/clkfbout_buf_clk_wiz_1 |
+-----------+-------+-----------------+------------+-------------+-----------------+------+-------------+------+-----+----+------+-----+---------+----------------------------------------------------------------------------------------------+
* Clock Loads column represents cell count of net connects that connect to a clock pin. Internal cell leaf pins are not considered
** Non-Clock Loads column represents cell count of non-clock pin loads
*** Columns FF, LUTRAM, RAMB through 'Hard IP' represents load cell counts


20. Clock Region Cell Placement per Global Clock: Region X1Y0
-------------------------------------------------------------

+-----------+-------+-----------------+------------+-------------+-----------------+------+-------------+------+-----+----+------+-----+---------+---------------------------------------------------------------------------------------+
| Global Id | Track | Driver Type/Pin | Constraint | Clock Loads | Non-Clock Loads | FF   | Memory LUTs | RAMB | DSP | GT | MMCM | PLL | Hard IP | Net                                                                                   |
+-----------+-------+-----------------+------------+-------------+-----------------+------+-------------+------+-----+----+------+-----+---------+---------------------------------------------------------------------------------------+
| g0        | n/a   | BUFG/O          | None       |        3461 |               0 | 3079 |         278 |   10 |  16 |  0 |    0 |   0 |       0 | ddr_renderer_top_inst/ddr3_arbiter_inst/clkgen_ddr3ctrl_instance/inst/clk_out4_div    |
| g1        | n/a   | BUFG/O          | None       |         734 |               0 |  731 |           0 |    3 |   0 |  0 |    0 |   0 |       0 | mb_block_inst/clk_wiz_1/inst/clk_out1                                                 |
| g3        | n/a   | BUFG/O          | None       |          23 |               0 |   23 |           0 |    0 |   0 |  0 |    0 |   0 |       0 | ddr_renderer_top_inst/clk_wiz/inst/clk_out1                                           |
| g4        | n/a   | BUFG/O          | None       |          34 |               0 |    0 |           0 |    0 |   0 |  0 |    0 |   0 |       0 | ddr_renderer_top_inst/ddr3_arbiter_inst/clkgen_ddr3ctrl_instance/inst/clk_out2_ddr_90 |
| g5        | n/a   | BUFG/O          | None       |          23 |               0 |    0 |           0 |    0 |   0 |  0 |    0 |   0 |       0 | ddr_renderer_top_inst/ddr3_arbiter_inst/clkgen_ddr3ctrl_instance/inst/clk_out1_ddr    |
| g7        | n/a   | BUFG/O          | None       |           1 |               0 |    0 |           0 |    0 |   0 |  0 |    1 |   0 |       0 | ddr_renderer_top_inst/clk_wiz/inst/clkfbout_buf_clk_wiz_0                             |
| g8        | n/a   | BUFG/O          | None       |           1 |               0 |    0 |           0 |    0 |   0 |  0 |    0 |   0 |       0 | ddr_renderer_top_inst/ddr3_arbiter_inst/clkgen_ddr3ctrl_instance/inst/clk_out3_ref    |
| g10       | n/a   | BUFG/O          | None       |           1 |               0 |    0 |           0 |    0 |   0 |  0 |    1 |   0 |       0 | ddr_renderer_top_inst/hdmi_clk_o                                                      |
+-----------+-------+-----------------+------------+-------------+-----------------+------+-------------+------+-----+----+------+-----+---------+---------------------------------------------------------------------------------------+
* Clock Loads column represents cell count of net connects that connect to a clock pin. Internal cell leaf pins are not considered
** Non-Clock Loads column represents cell count of non-clock pin loads
*** Columns FF, LUTRAM, RAMB through 'Hard IP' represents load cell counts


21. Clock Region Cell Placement per Global Clock: Region X0Y1
-------------------------------------------------------------

+-----------+-------+-----------------+------------+-------------+-----------------+-----+-------------+------+-----+----+------+-----+---------+------------------------------------------------------------------------------------+
| Global Id | Track | Driver Type/Pin | Constraint | Clock Loads | Non-Clock Loads | FF  | Memory LUTs | RAMB | DSP | GT | MMCM | PLL | Hard IP | Net                                                                                |
+-----------+-------+-----------------+------------+-------------+-----------------+-----+-------------+------+-----+----+------+-----+---------+------------------------------------------------------------------------------------+
| g0        | n/a   | BUFG/O          | None       |         627 |               0 | 615 |           2 |    0 |  10 |  0 |    0 |   0 |       0 | ddr_renderer_top_inst/ddr3_arbiter_inst/clkgen_ddr3ctrl_instance/inst/clk_out4_div |
| g1        | n/a   | BUFG/O          | None       |           3 |               0 |   0 |           0 |    3 |   0 |  0 |    0 |   0 |       0 | mb_block_inst/clk_wiz_1/inst/clk_out1                                              |
| g11       | n/a   | BUFG/O          | None       |           1 |               0 |   0 |           0 |    0 |   0 |  0 |    1 |   0 |       0 | mb_block_inst/clk_wiz_1/inst/clkfbout_buf_mb_block_clk_wiz_1_0                     |
+-----------+-------+-----------------+------------+-------------+-----------------+-----+-------------+------+-----+----+------+-----+---------+------------------------------------------------------------------------------------+
* Clock Loads column represents cell count of net connects that connect to a clock pin. Internal cell leaf pins are not considered
** Non-Clock Loads column represents cell count of non-clock pin loads
*** Columns FF, LUTRAM, RAMB through 'Hard IP' represents load cell counts


22. Clock Region Cell Placement per Global Clock: Region X1Y1
-------------------------------------------------------------

+-----------+-------+-----------------+------------+-------------+-----------------+-----+-------------+------+-----+----+------+-----+---------+------------------------------------------------------------------------------------+
| Global Id | Track | Driver Type/Pin | Constraint | Clock Loads | Non-Clock Loads | FF  | Memory LUTs | RAMB | DSP | GT | MMCM | PLL | Hard IP | Net                                                                                |
+-----------+-------+-----------------+------------+-------------+-----------------+-----+-------------+------+-----+----+------+-----+---------+------------------------------------------------------------------------------------+
| g0        | n/a   | BUFG/O          | None       |         750 |               0 | 683 |          47 |    0 |  20 |  0 |    0 |   0 |       0 | ddr_renderer_top_inst/ddr3_arbiter_inst/clkgen_ddr3ctrl_instance/inst/clk_out4_div |
| g1        | n/a   | BUFG/O          | None       |           1 |               0 |   1 |           0 |    0 |   0 |  0 |    0 |   0 |       0 | mb_block_inst/clk_wiz_1/inst/clk_out1                                              |
+-----------+-------+-----------------+------------+-------------+-----------------+-----+-------------+------+-----+----+------+-----+---------+------------------------------------------------------------------------------------+
* Clock Loads column represents cell count of net connects that connect to a clock pin. Internal cell leaf pins are not considered
** Non-Clock Loads column represents cell count of non-clock pin loads
*** Columns FF, LUTRAM, RAMB through 'Hard IP' represents load cell counts



# Location of BUFG Primitives 
set_property LOC BUFGCTRL_X0Y6 [get_cells mb_block_inst/mdm_1/U0/No_Dbg_Reg_Access.BUFG_DRCK/Using_FPGA.Native]
set_property LOC BUFGCTRL_X0Y17 [get_cells mb_block_inst/clk_wiz_1/inst/clkf_buf]
set_property LOC BUFGCTRL_X0Y16 [get_cells mb_block_inst/clk_wiz_1/inst/clkout1_buf]
set_property LOC BUFGCTRL_X0Y7 [get_cells ddr_renderer_top_inst/bufg_inst]
set_property LOC BUFGCTRL_X0Y9 [get_cells ddr_renderer_top_inst/ddr3_arbiter_inst/clkgen_ddr3ctrl_instance/inst/clkf_buf]
set_property LOC BUFGCTRL_X0Y0 [get_cells ddr_renderer_top_inst/ddr3_arbiter_inst/clkgen_ddr3ctrl_instance/inst/clkout5_buf]
set_property LOC BUFGCTRL_X0Y5 [get_cells ddr_renderer_top_inst/ddr3_arbiter_inst/clkgen_ddr3ctrl_instance/inst/clkout4_buf]
set_property LOC BUFGCTRL_X0Y2 [get_cells ddr_renderer_top_inst/ddr3_arbiter_inst/clkgen_ddr3ctrl_instance/inst/clkout3_buf]
set_property LOC BUFGCTRL_X0Y3 [get_cells ddr_renderer_top_inst/ddr3_arbiter_inst/clkgen_ddr3ctrl_instance/inst/clkout1_buf]
set_property LOC BUFGCTRL_X0Y8 [get_cells ddr_renderer_top_inst/clk_wiz/inst/clkf_buf]
set_property LOC BUFGCTRL_X0Y4 [get_cells ddr_renderer_top_inst/clk_wiz/inst/clkout2_buf]
set_property LOC BUFGCTRL_X0Y1 [get_cells ddr_renderer_top_inst/clk_wiz/inst/clkout1_buf]

# Location of IO Primitives which is load of clock spine

# Location of clock ports
set_property LOC IOB_X0Y26 [get_ports clk]

# Clock net "mb_block_inst/mdm_1/U0/No_Dbg_Reg_Access.BUFG_DRCK/Dbg_Clk_0" driven by instance "mb_block_inst/mdm_1/U0/No_Dbg_Reg_Access.BUFG_DRCK/Using_FPGA.Native" located at site "BUFGCTRL_X0Y6"
#startgroup
create_pblock {CLKAG_mb_block_inst/mdm_1/U0/No_Dbg_Reg_Access.BUFG_DRCK/Dbg_Clk_0}
add_cells_to_pblock [get_pblocks  {CLKAG_mb_block_inst/mdm_1/U0/No_Dbg_Reg_Access.BUFG_DRCK/Dbg_Clk_0}] [get_cells -filter { PRIMITIVE_GROUP != I/O && IS_PRIMITIVE==1 && PRIMITIVE_LEVEL !=INTERNAL } -of_object [get_pins -filter {DIRECTION==IN} -of_objects [get_nets -hierarchical -filter {PARENT=="mb_block_inst/mdm_1/U0/No_Dbg_Reg_Access.BUFG_DRCK/Dbg_Clk_0"}]]]
resize_pblock [get_pblocks {CLKAG_mb_block_inst/mdm_1/U0/No_Dbg_Reg_Access.BUFG_DRCK/Dbg_Clk_0}] -add {CLOCKREGION_X0Y0:CLOCKREGION_X0Y0}
#endgroup

# Clock net "mb_block_inst/clk_wiz_1/inst/clk_out1" driven by instance "mb_block_inst/clk_wiz_1/inst/clkout1_buf" located at site "BUFGCTRL_X0Y16"
#startgroup
create_pblock {CLKAG_mb_block_inst/clk_wiz_1/inst/clk_out1}
add_cells_to_pblock [get_pblocks  {CLKAG_mb_block_inst/clk_wiz_1/inst/clk_out1}] [get_cells -filter { PRIMITIVE_GROUP != I/O && IS_PRIMITIVE==1 && PRIMITIVE_LEVEL !=INTERNAL } -of_object [get_pins -filter {DIRECTION==IN} -of_objects [get_nets -hierarchical -filter {PARENT=="mb_block_inst/clk_wiz_1/inst/clk_out1"}]]]
resize_pblock [get_pblocks {CLKAG_mb_block_inst/clk_wiz_1/inst/clk_out1}] -add {CLOCKREGION_X0Y0:CLOCKREGION_X0Y0 CLOCKREGION_X0Y1:CLOCKREGION_X0Y1 CLOCKREGION_X1Y0:CLOCKREGION_X1Y0 CLOCKREGION_X1Y1:CLOCKREGION_X1Y1}
#endgroup

# Clock net "ddr_renderer_top_inst/ddr3_arbiter_inst/clkgen_ddr3ctrl_instance/inst/clk_out4_div" driven by instance "ddr_renderer_top_inst/ddr3_arbiter_inst/clkgen_ddr3ctrl_instance/inst/clkout5_buf" located at site "BUFGCTRL_X0Y0"
#startgroup
create_pblock {CLKAG_ddr_renderer_top_inst/ddr3_arbiter_inst/clkgen_ddr3ctrl_instance/inst/clk_out4_div}
add_cells_to_pblock [get_pblocks  {CLKAG_ddr_renderer_top_inst/ddr3_arbiter_inst/clkgen_ddr3ctrl_instance/inst/clk_out4_div}] [get_cells -filter { PRIMITIVE_GROUP != I/O && IS_PRIMITIVE==1 && PRIMITIVE_LEVEL !=INTERNAL } -of_object [get_pins -filter {DIRECTION==IN} -of_objects [get_nets -hierarchical -filter {PARENT=="ddr_renderer_top_inst/ddr3_arbiter_inst/clkgen_ddr3ctrl_instance/inst/clk_out4_div"}]]]
resize_pblock [get_pblocks {CLKAG_ddr_renderer_top_inst/ddr3_arbiter_inst/clkgen_ddr3ctrl_instance/inst/clk_out4_div}] -add {CLOCKREGION_X0Y0:CLOCKREGION_X0Y0 CLOCKREGION_X0Y1:CLOCKREGION_X0Y1 CLOCKREGION_X1Y0:CLOCKREGION_X1Y0 CLOCKREGION_X1Y1:CLOCKREGION_X1Y1}
#endgroup

# Clock net "ddr_renderer_top_inst/ddr3_arbiter_inst/clkgen_ddr3ctrl_instance/inst/clk_out3_ref" driven by instance "ddr_renderer_top_inst/ddr3_arbiter_inst/clkgen_ddr3ctrl_instance/inst/clkout4_buf" located at site "BUFGCTRL_X0Y5"
#startgroup
create_pblock {CLKAG_ddr_renderer_top_inst/ddr3_arbiter_inst/clkgen_ddr3ctrl_instance/inst/clk_out3_ref}
add_cells_to_pblock [get_pblocks  {CLKAG_ddr_renderer_top_inst/ddr3_arbiter_inst/clkgen_ddr3ctrl_instance/inst/clk_out3_ref}] [get_cells -filter { PRIMITIVE_GROUP != I/O && IS_PRIMITIVE==1 && PRIMITIVE_LEVEL !=INTERNAL } -of_object [get_pins -filter {DIRECTION==IN} -of_objects [get_nets -hierarchical -filter {PARENT=="ddr_renderer_top_inst/ddr3_arbiter_inst/clkgen_ddr3ctrl_instance/inst/clk_out3_ref"}]]]
resize_pblock [get_pblocks {CLKAG_ddr_renderer_top_inst/ddr3_arbiter_inst/clkgen_ddr3ctrl_instance/inst/clk_out3_ref}] -add {CLOCKREGION_X1Y0:CLOCKREGION_X1Y0}
#endgroup

# Clock net "ddr_renderer_top_inst/ddr3_arbiter_inst/clkgen_ddr3ctrl_instance/inst/clk_out2_ddr_90" driven by instance "ddr_renderer_top_inst/ddr3_arbiter_inst/clkgen_ddr3ctrl_instance/inst/clkout3_buf" located at site "BUFGCTRL_X0Y2"
#startgroup
create_pblock {CLKAG_ddr_renderer_top_inst/ddr3_arbiter_inst/clkgen_ddr3ctrl_instance/inst/clk_out2_ddr_90}
add_cells_to_pblock [get_pblocks  {CLKAG_ddr_renderer_top_inst/ddr3_arbiter_inst/clkgen_ddr3ctrl_instance/inst/clk_out2_ddr_90}] [get_cells -filter { PRIMITIVE_GROUP != I/O && IS_PRIMITIVE==1 && PRIMITIVE_LEVEL !=INTERNAL } -of_object [get_pins -filter {DIRECTION==IN} -of_objects [get_nets -hierarchical -filter {PARENT=="ddr_renderer_top_inst/ddr3_arbiter_inst/clkgen_ddr3ctrl_instance/inst/clk_out2_ddr_90"}]]]
resize_pblock [get_pblocks {CLKAG_ddr_renderer_top_inst/ddr3_arbiter_inst/clkgen_ddr3ctrl_instance/inst/clk_out2_ddr_90}] -add {CLOCKREGION_X1Y0:CLOCKREGION_X1Y0}
#endgroup

# Clock net "ddr_renderer_top_inst/ddr3_arbiter_inst/clkgen_ddr3ctrl_instance/inst/clk_out1_ddr" driven by instance "ddr_renderer_top_inst/ddr3_arbiter_inst/clkgen_ddr3ctrl_instance/inst/clkout1_buf" located at site "BUFGCTRL_X0Y3"
#startgroup
create_pblock {CLKAG_ddr_renderer_top_inst/ddr3_arbiter_inst/clkgen_ddr3ctrl_instance/inst/clk_out1_ddr}
add_cells_to_pblock [get_pblocks  {CLKAG_ddr_renderer_top_inst/ddr3_arbiter_inst/clkgen_ddr3ctrl_instance/inst/clk_out1_ddr}] [get_cells -filter { PRIMITIVE_GROUP != I/O && IS_PRIMITIVE==1 && PRIMITIVE_LEVEL !=INTERNAL } -of_object [get_pins -filter {DIRECTION==IN} -of_objects [get_nets -hierarchical -filter {PARENT=="ddr_renderer_top_inst/ddr3_arbiter_inst/clkgen_ddr3ctrl_instance/inst/clk_out1_ddr"}]]]
resize_pblock [get_pblocks {CLKAG_ddr_renderer_top_inst/ddr3_arbiter_inst/clkgen_ddr3ctrl_instance/inst/clk_out1_ddr}] -add {CLOCKREGION_X1Y0:CLOCKREGION_X1Y0}
#endgroup

# Clock net "ddr_renderer_top_inst/clk_wiz/inst/clk_out2" driven by instance "ddr_renderer_top_inst/clk_wiz/inst/clkout2_buf" located at site "BUFGCTRL_X0Y4"
#startgroup
create_pblock {CLKAG_ddr_renderer_top_inst/clk_wiz/inst/clk_out2}
add_cells_to_pblock [get_pblocks  {CLKAG_ddr_renderer_top_inst/clk_wiz/inst/clk_out2}] [get_cells -filter { PRIMITIVE_GROUP != I/O && IS_PRIMITIVE==1 && PRIMITIVE_LEVEL !=INTERNAL } -of_object [get_pins -filter {DIRECTION==IN} -of_objects [get_nets -hierarchical -filter {PARENT=="ddr_renderer_top_inst/clk_wiz/inst/clk_out2"}]]]
resize_pblock [get_pblocks {CLKAG_ddr_renderer_top_inst/clk_wiz/inst/clk_out2}] -add {CLOCKREGION_X0Y0:CLOCKREGION_X0Y0}
#endgroup

# Clock net "ddr_renderer_top_inst/clk_wiz/inst/clk_out1" driven by instance "ddr_renderer_top_inst/clk_wiz/inst/clkout1_buf" located at site "BUFGCTRL_X0Y1"
#startgroup
create_pblock {CLKAG_ddr_renderer_top_inst/clk_wiz/inst/clk_out1}
add_cells_to_pblock [get_pblocks  {CLKAG_ddr_renderer_top_inst/clk_wiz/inst/clk_out1}] [get_cells -filter { PRIMITIVE_GROUP != I/O && IS_PRIMITIVE==1 && PRIMITIVE_LEVEL !=INTERNAL } -of_object [get_pins -filter {DIRECTION==IN} -of_objects [get_nets -hierarchical -filter {PARENT=="ddr_renderer_top_inst/clk_wiz/inst/clk_out1"}]]]
resize_pblock [get_pblocks {CLKAG_ddr_renderer_top_inst/clk_wiz/inst/clk_out1}] -add {CLOCKREGION_X0Y0:CLOCKREGION_X0Y0 CLOCKREGION_X1Y0:CLOCKREGION_X1Y0}
#endgroup
