Copyright 1986-2022 Xilinx, Inc. All Rights Reserved.
---------------------------------------------------------------------------------------------------------------------------------
| Tool Version : Vivado v.2022.2 (win64) Build 3671981 Fri Oct 14 05:00:03 MDT 2022
<<<<<<< HEAD
| Date         : Sat Dec 13 22:04:29 2025
| Host         : Krishnan-Win running 64-bit major release  (build 9200)
=======
| Date         : Sun Dec 14 09:02:15 2025
| Host         : Aniketh_x86-64 running 64-bit major release  (build 9200)
>>>>>>> 0284568 (add transformation matrix module)
| Command      : report_drc -file flight_sim_top_drc_opted.rpt -pb flight_sim_top_drc_opted.pb -rpx flight_sim_top_drc_opted.rpx
| Design       : flight_sim_top
| Device       : xc7s50csga324-1
| Speed File   : -1
| Design State : Synthesized
---------------------------------------------------------------------------------------------------------------------------------

Report DRC

Table of Contents
-----------------
1. REPORT SUMMARY
2. REPORT DETAILS

1. REPORT SUMMARY
-----------------
            Netlist: netlist
          Floorplan: design_1
      Design limits: <entire design considered>
           Ruledeck: default
             Max violations: <unlimited>
             Violations found: 76
+-----------+----------+-------------------------------------------------------------------+------------+
| Rule      | Severity | Description                                                       | Violations |
+-----------+----------+-------------------------------------------------------------------+------------+
| CFGBVS-1  | Warning  | Missing CFGBVS and CONFIG_VOLTAGE Design Properties               | 1          |
| DPIP-1    | Warning  | Input pipelining                                                  | 34         |
| REQP-1580 | Warning  | Phase alignment                                                   | 16         |
| REQP-1840 | Warning  | RAMB18 async control check                                        | 10         |
| AVAL-4    | Advisory | enum_USE_DPORT_FALSE_enum_DREG_ADREG_0_connects_CED_CEAD_RSTD_GND | 10         |
| AVAL-5    | Advisory | enum_USE_MULT_NONE_enum_DREG_ADREG_0_connects_CED_CEAD_RSTD_GND   | 5          |
+-----------+----------+-------------------------------------------------------------------+------------+

2. REPORT DETAILS
-----------------
CFGBVS-1#1 Warning
Missing CFGBVS and CONFIG_VOLTAGE Design Properties  
Neither the CFGBVS nor CONFIG_VOLTAGE voltage property is set in the current_design.  Configuration bank voltage select (CFGBVS) must be set to VCCO or GND, and CONFIG_VOLTAGE must be set to the correct configuration voltage, in order to determine the I/O voltage support for the pins in bank 0.  It is suggested to specify these either using the 'Edit Device Properties' function in the GUI or directly in the XDC file using the following syntax:

 set_property CFGBVS value1 [current_design]
 #where value1 is either VCCO or GND

 set_property CONFIG_VOLTAGE value2 [current_design]
 #where value2 is the voltage provided to configuration bank 0

Refer to the device configuration user guide for more information.
Related violations: <none>

DPIP-1#1 Warning
Input pipelining  
DSP ddr_renderer_top_inst/graphics_inst/projector_inst/mul0_q0 input ddr_renderer_top_inst/graphics_inst/projector_inst/mul0_q0/A[29:0] is not pipelined. Pipelining DSP48 input will improve performance.
Related violations: <none>

DPIP-1#2 Warning
Input pipelining  
DSP ddr_renderer_top_inst/graphics_inst/projector_inst/mul0_q0 input ddr_renderer_top_inst/graphics_inst/projector_inst/mul0_q0/B[17:0] is not pipelined. Pipelining DSP48 input will improve performance.
Related violations: <none>

DPIP-1#3 Warning
Input pipelining  
DSP ddr_renderer_top_inst/graphics_inst/projector_inst/mul0_q0__0 input ddr_renderer_top_inst/graphics_inst/projector_inst/mul0_q0__0/A[29:0] is not pipelined. Pipelining DSP48 input will improve performance.
Related violations: <none>

DPIP-1#4 Warning
Input pipelining  
DSP ddr_renderer_top_inst/graphics_inst/projector_inst/mul0_q0__0 input ddr_renderer_top_inst/graphics_inst/projector_inst/mul0_q0__0/B[17:0] is not pipelined. Pipelining DSP48 input will improve performance.
Related violations: <none>

DPIP-1#5 Warning
Input pipelining  
DSP ddr_renderer_top_inst/graphics_inst/projector_inst/mul0_q_reg__0 input ddr_renderer_top_inst/graphics_inst/projector_inst/mul0_q_reg__0/B[17:0] is not pipelined. Pipelining DSP48 input will improve performance.
Related violations: <none>

DPIP-1#6 Warning
Input pipelining  
DSP ddr_renderer_top_inst/graphics_inst/projector_inst/mul1_q0 input ddr_renderer_top_inst/graphics_inst/projector_inst/mul1_q0/A[29:0] is not pipelined. Pipelining DSP48 input will improve performance.
Related violations: <none>

DPIP-1#7 Warning
Input pipelining  
DSP ddr_renderer_top_inst/graphics_inst/projector_inst/mul1_q0 input ddr_renderer_top_inst/graphics_inst/projector_inst/mul1_q0/B[17:0] is not pipelined. Pipelining DSP48 input will improve performance.
Related violations: <none>

DPIP-1#8 Warning
Input pipelining  
DSP ddr_renderer_top_inst/graphics_inst/projector_inst/mul1_q0__0 input ddr_renderer_top_inst/graphics_inst/projector_inst/mul1_q0__0/A[29:0] is not pipelined. Pipelining DSP48 input will improve performance.
Related violations: <none>

DPIP-1#9 Warning
Input pipelining  
DSP ddr_renderer_top_inst/graphics_inst/projector_inst/mul1_q0__0 input ddr_renderer_top_inst/graphics_inst/projector_inst/mul1_q0__0/B[17:0] is not pipelined. Pipelining DSP48 input will improve performance.
Related violations: <none>

DPIP-1#10 Warning
Input pipelining  
DSP ddr_renderer_top_inst/graphics_inst/projector_inst/mul1_q_reg__0 input ddr_renderer_top_inst/graphics_inst/projector_inst/mul1_q_reg__0/B[17:0] is not pipelined. Pipelining DSP48 input will improve performance.
Related violations: <none>

DPIP-1#11 Warning
Input pipelining  
DSP ddr_renderer_top_inst/graphics_inst/rasterizer_inst/barycentric_calc_inst/mar1_20 input ddr_renderer_top_inst/graphics_inst/rasterizer_inst/barycentric_calc_inst/mar1_20/A[29:0] is not pipelined. Pipelining DSP48 input will improve performance.
Related violations: <none>

DPIP-1#12 Warning
Input pipelining  
DSP ddr_renderer_top_inst/graphics_inst/rasterizer_inst/barycentric_calc_inst/mar1_20 input ddr_renderer_top_inst/graphics_inst/rasterizer_inst/barycentric_calc_inst/mar1_20/B[17:0] is not pipelined. Pipelining DSP48 input will improve performance.
Related violations: <none>

DPIP-1#13 Warning
Input pipelining  
DSP ddr_renderer_top_inst/graphics_inst/rasterizer_inst/barycentric_calc_inst/mar1_20__0 input ddr_renderer_top_inst/graphics_inst/rasterizer_inst/barycentric_calc_inst/mar1_20__0/A[29:0] is not pipelined. Pipelining DSP48 input will improve performance.
Related violations: <none>

DPIP-1#14 Warning
Input pipelining  
DSP ddr_renderer_top_inst/graphics_inst/rasterizer_inst/barycentric_calc_inst/mar1_20__0 input ddr_renderer_top_inst/graphics_inst/rasterizer_inst/barycentric_calc_inst/mar1_20__0/B[17:0] is not pipelined. Pipelining DSP48 input will improve performance.
Related violations: <none>

DPIP-1#15 Warning
Input pipelining  
DSP ddr_renderer_top_inst/graphics_inst/rasterizer_inst/barycentric_calc_inst/mar2_20 input ddr_renderer_top_inst/graphics_inst/rasterizer_inst/barycentric_calc_inst/mar2_20/A[29:0] is not pipelined. Pipelining DSP48 input will improve performance.
Related violations: <none>

DPIP-1#16 Warning
Input pipelining  
DSP ddr_renderer_top_inst/graphics_inst/rasterizer_inst/barycentric_calc_inst/mar2_20 input ddr_renderer_top_inst/graphics_inst/rasterizer_inst/barycentric_calc_inst/mar2_20/B[17:0] is not pipelined. Pipelining DSP48 input will improve performance.
Related violations: <none>

DPIP-1#17 Warning
Input pipelining  
DSP ddr_renderer_top_inst/graphics_inst/rasterizer_inst/barycentric_calc_inst/mar2_20__0 input ddr_renderer_top_inst/graphics_inst/rasterizer_inst/barycentric_calc_inst/mar2_20__0/A[29:0] is not pipelined. Pipelining DSP48 input will improve performance.
Related violations: <none>

DPIP-1#18 Warning
Input pipelining  
DSP ddr_renderer_top_inst/graphics_inst/rasterizer_inst/barycentric_calc_inst/mar2_20__0 input ddr_renderer_top_inst/graphics_inst/rasterizer_inst/barycentric_calc_inst/mar2_20__0/B[17:0] is not pipelined. Pipelining DSP48 input will improve performance.
Related violations: <none>

DPIP-1#19 Warning
Input pipelining  
DSP ddr_renderer_top_inst/graphics_inst/rasterizer_inst/barycentric_calc_inst/mr1_20 input ddr_renderer_top_inst/graphics_inst/rasterizer_inst/barycentric_calc_inst/mr1_20/A[29:0] is not pipelined. Pipelining DSP48 input will improve performance.
Related violations: <none>

DPIP-1#20 Warning
Input pipelining  
DSP ddr_renderer_top_inst/graphics_inst/rasterizer_inst/barycentric_calc_inst/mr1_20 input ddr_renderer_top_inst/graphics_inst/rasterizer_inst/barycentric_calc_inst/mr1_20/B[17:0] is not pipelined. Pipelining DSP48 input will improve performance.
Related violations: <none>

DPIP-1#21 Warning
Input pipelining  
DSP ddr_renderer_top_inst/graphics_inst/rasterizer_inst/barycentric_calc_inst/mr1_20__0 input ddr_renderer_top_inst/graphics_inst/rasterizer_inst/barycentric_calc_inst/mr1_20__0/A[29:0] is not pipelined. Pipelining DSP48 input will improve performance.
Related violations: <none>

DPIP-1#22 Warning
Input pipelining  
DSP ddr_renderer_top_inst/graphics_inst/rasterizer_inst/barycentric_calc_inst/mr1_20__0 input ddr_renderer_top_inst/graphics_inst/rasterizer_inst/barycentric_calc_inst/mr1_20__0/B[17:0] is not pipelined. Pipelining DSP48 input will improve performance.
Related violations: <none>

DPIP-1#23 Warning
Input pipelining  
DSP ddr_renderer_top_inst/graphics_inst/rasterizer_inst/barycentric_calc_inst/mr2_20 input ddr_renderer_top_inst/graphics_inst/rasterizer_inst/barycentric_calc_inst/mr2_20/A[29:0] is not pipelined. Pipelining DSP48 input will improve performance.
Related violations: <none>

DPIP-1#24 Warning
Input pipelining  
DSP ddr_renderer_top_inst/graphics_inst/rasterizer_inst/barycentric_calc_inst/mr2_20 input ddr_renderer_top_inst/graphics_inst/rasterizer_inst/barycentric_calc_inst/mr2_20/B[17:0] is not pipelined. Pipelining DSP48 input will improve performance.
Related violations: <none>

DPIP-1#25 Warning
Input pipelining  
DSP ddr_renderer_top_inst/graphics_inst/rasterizer_inst/barycentric_calc_inst/mr2_20__0 input ddr_renderer_top_inst/graphics_inst/rasterizer_inst/barycentric_calc_inst/mr2_20__0/A[29:0] is not pipelined. Pipelining DSP48 input will improve performance.
Related violations: <none>

DPIP-1#26 Warning
Input pipelining  
DSP ddr_renderer_top_inst/graphics_inst/rasterizer_inst/barycentric_calc_inst/mr2_20__0 input ddr_renderer_top_inst/graphics_inst/rasterizer_inst/barycentric_calc_inst/mr2_20__0/B[17:0] is not pipelined. Pipelining DSP48 input will improve performance.
Related violations: <none>

DPIP-1#27 Warning
Input pipelining  
DSP ddr_renderer_top_inst/graphics_inst/rasterizer_inst/barycentric_calc_inst/mr3_20 input ddr_renderer_top_inst/graphics_inst/rasterizer_inst/barycentric_calc_inst/mr3_20/A[29:0] is not pipelined. Pipelining DSP48 input will improve performance.
Related violations: <none>

DPIP-1#28 Warning
Input pipelining  
DSP ddr_renderer_top_inst/graphics_inst/rasterizer_inst/barycentric_calc_inst/mr3_20 input ddr_renderer_top_inst/graphics_inst/rasterizer_inst/barycentric_calc_inst/mr3_20/B[17:0] is not pipelined. Pipelining DSP48 input will improve performance.
Related violations: <none>

DPIP-1#29 Warning
Input pipelining  
DSP ddr_renderer_top_inst/graphics_inst/rasterizer_inst/barycentric_calc_inst/mr3_20__0 input ddr_renderer_top_inst/graphics_inst/rasterizer_inst/barycentric_calc_inst/mr3_20__0/A[29:0] is not pipelined. Pipelining DSP48 input will improve performance.
Related violations: <none>

DPIP-1#30 Warning
Input pipelining  
DSP ddr_renderer_top_inst/graphics_inst/rasterizer_inst/barycentric_calc_inst/mr3_20__0 input ddr_renderer_top_inst/graphics_inst/rasterizer_inst/barycentric_calc_inst/mr3_20__0/B[17:0] is not pipelined. Pipelining DSP48 input will improve performance.
Related violations: <none>

DPIP-1#31 Warning
Input pipelining  
DSP ddr_renderer_top_inst/graphics_inst/rasterizer_inst/barycentric_calc_inst/mr4_20 input ddr_renderer_top_inst/graphics_inst/rasterizer_inst/barycentric_calc_inst/mr4_20/A[29:0] is not pipelined. Pipelining DSP48 input will improve performance.
Related violations: <none>

DPIP-1#32 Warning
Input pipelining  
DSP ddr_renderer_top_inst/graphics_inst/rasterizer_inst/barycentric_calc_inst/mr4_20 input ddr_renderer_top_inst/graphics_inst/rasterizer_inst/barycentric_calc_inst/mr4_20/B[17:0] is not pipelined. Pipelining DSP48 input will improve performance.
Related violations: <none>

DPIP-1#33 Warning
Input pipelining  
DSP ddr_renderer_top_inst/graphics_inst/rasterizer_inst/barycentric_calc_inst/mr4_20__0 input ddr_renderer_top_inst/graphics_inst/rasterizer_inst/barycentric_calc_inst/mr4_20__0/A[29:0] is not pipelined. Pipelining DSP48 input will improve performance.
Related violations: <none>

DPIP-1#34 Warning
Input pipelining  
DSP ddr_renderer_top_inst/graphics_inst/rasterizer_inst/barycentric_calc_inst/mr4_20__0 input ddr_renderer_top_inst/graphics_inst/rasterizer_inst/barycentric_calc_inst/mr4_20__0/B[17:0] is not pipelined. Pipelining DSP48 input will improve performance.
Related violations: <none>

REQP-1580#1 Warning
Phase alignment  
Unsupported clocking topology used for ISERDESE2 ddr_renderer_top_inst/ddr3_arbiter_inst/phy_instance/genblk11[0].iserdes_dq_inst. This can result in corrupted data. The ddr_renderer_top_inst/ddr3_arbiter_inst/phy_instance/genblk11[0].iserdes_dq_inst/OCLK / ddr_renderer_top_inst/ddr3_arbiter_inst/phy_instance/genblk11[0].iserdes_dq_inst/CLKDIV pins should be driven by the same source through the same buffer type or by a BUFIO / BUFR combination in order to have a proper phase relationship and the ddr_renderer_top_inst/ddr3_arbiter_inst/phy_instance/genblk11[0].iserdes_dq_inst/CLK pin should be driven similarly to the ddr_renderer_top_inst/ddr3_arbiter_inst/phy_instance/genblk11[0].iserdes_dq_inst/OCLK pin. Please refer to the Select I/O User Guide for supported clocking topologies of the chosen INTERFACE_TYPE mode.
Related violations: <none>

REQP-1580#2 Warning
Phase alignment  
Unsupported clocking topology used for ISERDESE2 ddr_renderer_top_inst/ddr3_arbiter_inst/phy_instance/genblk11[10].iserdes_dq_inst. This can result in corrupted data. The ddr_renderer_top_inst/ddr3_arbiter_inst/phy_instance/genblk11[10].iserdes_dq_inst/OCLK / ddr_renderer_top_inst/ddr3_arbiter_inst/phy_instance/genblk11[10].iserdes_dq_inst/CLKDIV pins should be driven by the same source through the same buffer type or by a BUFIO / BUFR combination in order to have a proper phase relationship and the ddr_renderer_top_inst/ddr3_arbiter_inst/phy_instance/genblk11[10].iserdes_dq_inst/CLK pin should be driven similarly to the ddr_renderer_top_inst/ddr3_arbiter_inst/phy_instance/genblk11[10].iserdes_dq_inst/OCLK pin. Please refer to the Select I/O User Guide for supported clocking topologies of the chosen INTERFACE_TYPE mode.
Related violations: <none>

REQP-1580#3 Warning
Phase alignment  
Unsupported clocking topology used for ISERDESE2 ddr_renderer_top_inst/ddr3_arbiter_inst/phy_instance/genblk11[11].iserdes_dq_inst. This can result in corrupted data. The ddr_renderer_top_inst/ddr3_arbiter_inst/phy_instance/genblk11[11].iserdes_dq_inst/OCLK / ddr_renderer_top_inst/ddr3_arbiter_inst/phy_instance/genblk11[11].iserdes_dq_inst/CLKDIV pins should be driven by the same source through the same buffer type or by a BUFIO / BUFR combination in order to have a proper phase relationship and the ddr_renderer_top_inst/ddr3_arbiter_inst/phy_instance/genblk11[11].iserdes_dq_inst/CLK pin should be driven similarly to the ddr_renderer_top_inst/ddr3_arbiter_inst/phy_instance/genblk11[11].iserdes_dq_inst/OCLK pin. Please refer to the Select I/O User Guide for supported clocking topologies of the chosen INTERFACE_TYPE mode.
Related violations: <none>

REQP-1580#4 Warning
Phase alignment  
Unsupported clocking topology used for ISERDESE2 ddr_renderer_top_inst/ddr3_arbiter_inst/phy_instance/genblk11[12].iserdes_dq_inst. This can result in corrupted data. The ddr_renderer_top_inst/ddr3_arbiter_inst/phy_instance/genblk11[12].iserdes_dq_inst/OCLK / ddr_renderer_top_inst/ddr3_arbiter_inst/phy_instance/genblk11[12].iserdes_dq_inst/CLKDIV pins should be driven by the same source through the same buffer type or by a BUFIO / BUFR combination in order to have a proper phase relationship and the ddr_renderer_top_inst/ddr3_arbiter_inst/phy_instance/genblk11[12].iserdes_dq_inst/CLK pin should be driven similarly to the ddr_renderer_top_inst/ddr3_arbiter_inst/phy_instance/genblk11[12].iserdes_dq_inst/OCLK pin. Please refer to the Select I/O User Guide for supported clocking topologies of the chosen INTERFACE_TYPE mode.
Related violations: <none>

REQP-1580#5 Warning
Phase alignment  
Unsupported clocking topology used for ISERDESE2 ddr_renderer_top_inst/ddr3_arbiter_inst/phy_instance/genblk11[13].iserdes_dq_inst. This can result in corrupted data. The ddr_renderer_top_inst/ddr3_arbiter_inst/phy_instance/genblk11[13].iserdes_dq_inst/OCLK / ddr_renderer_top_inst/ddr3_arbiter_inst/phy_instance/genblk11[13].iserdes_dq_inst/CLKDIV pins should be driven by the same source through the same buffer type or by a BUFIO / BUFR combination in order to have a proper phase relationship and the ddr_renderer_top_inst/ddr3_arbiter_inst/phy_instance/genblk11[13].iserdes_dq_inst/CLK pin should be driven similarly to the ddr_renderer_top_inst/ddr3_arbiter_inst/phy_instance/genblk11[13].iserdes_dq_inst/OCLK pin. Please refer to the Select I/O User Guide for supported clocking topologies of the chosen INTERFACE_TYPE mode.
Related violations: <none>

REQP-1580#6 Warning
Phase alignment  
Unsupported clocking topology used for ISERDESE2 ddr_renderer_top_inst/ddr3_arbiter_inst/phy_instance/genblk11[14].iserdes_dq_inst. This can result in corrupted data. The ddr_renderer_top_inst/ddr3_arbiter_inst/phy_instance/genblk11[14].iserdes_dq_inst/OCLK / ddr_renderer_top_inst/ddr3_arbiter_inst/phy_instance/genblk11[14].iserdes_dq_inst/CLKDIV pins should be driven by the same source through the same buffer type or by a BUFIO / BUFR combination in order to have a proper phase relationship and the ddr_renderer_top_inst/ddr3_arbiter_inst/phy_instance/genblk11[14].iserdes_dq_inst/CLK pin should be driven similarly to the ddr_renderer_top_inst/ddr3_arbiter_inst/phy_instance/genblk11[14].iserdes_dq_inst/OCLK pin. Please refer to the Select I/O User Guide for supported clocking topologies of the chosen INTERFACE_TYPE mode.
Related violations: <none>

REQP-1580#7 Warning
Phase alignment  
Unsupported clocking topology used for ISERDESE2 ddr_renderer_top_inst/ddr3_arbiter_inst/phy_instance/genblk11[15].iserdes_dq_inst. This can result in corrupted data. The ddr_renderer_top_inst/ddr3_arbiter_inst/phy_instance/genblk11[15].iserdes_dq_inst/OCLK / ddr_renderer_top_inst/ddr3_arbiter_inst/phy_instance/genblk11[15].iserdes_dq_inst/CLKDIV pins should be driven by the same source through the same buffer type or by a BUFIO / BUFR combination in order to have a proper phase relationship and the ddr_renderer_top_inst/ddr3_arbiter_inst/phy_instance/genblk11[15].iserdes_dq_inst/CLK pin should be driven similarly to the ddr_renderer_top_inst/ddr3_arbiter_inst/phy_instance/genblk11[15].iserdes_dq_inst/OCLK pin. Please refer to the Select I/O User Guide for supported clocking topologies of the chosen INTERFACE_TYPE mode.
Related violations: <none>

REQP-1580#8 Warning
Phase alignment  
Unsupported clocking topology used for ISERDESE2 ddr_renderer_top_inst/ddr3_arbiter_inst/phy_instance/genblk11[1].iserdes_dq_inst. This can result in corrupted data. The ddr_renderer_top_inst/ddr3_arbiter_inst/phy_instance/genblk11[1].iserdes_dq_inst/OCLK / ddr_renderer_top_inst/ddr3_arbiter_inst/phy_instance/genblk11[1].iserdes_dq_inst/CLKDIV pins should be driven by the same source through the same buffer type or by a BUFIO / BUFR combination in order to have a proper phase relationship and the ddr_renderer_top_inst/ddr3_arbiter_inst/phy_instance/genblk11[1].iserdes_dq_inst/CLK pin should be driven similarly to the ddr_renderer_top_inst/ddr3_arbiter_inst/phy_instance/genblk11[1].iserdes_dq_inst/OCLK pin. Please refer to the Select I/O User Guide for supported clocking topologies of the chosen INTERFACE_TYPE mode.
Related violations: <none>

REQP-1580#9 Warning
Phase alignment  
Unsupported clocking topology used for ISERDESE2 ddr_renderer_top_inst/ddr3_arbiter_inst/phy_instance/genblk11[2].iserdes_dq_inst. This can result in corrupted data. The ddr_renderer_top_inst/ddr3_arbiter_inst/phy_instance/genblk11[2].iserdes_dq_inst/OCLK / ddr_renderer_top_inst/ddr3_arbiter_inst/phy_instance/genblk11[2].iserdes_dq_inst/CLKDIV pins should be driven by the same source through the same buffer type or by a BUFIO / BUFR combination in order to have a proper phase relationship and the ddr_renderer_top_inst/ddr3_arbiter_inst/phy_instance/genblk11[2].iserdes_dq_inst/CLK pin should be driven similarly to the ddr_renderer_top_inst/ddr3_arbiter_inst/phy_instance/genblk11[2].iserdes_dq_inst/OCLK pin. Please refer to the Select I/O User Guide for supported clocking topologies of the chosen INTERFACE_TYPE mode.
Related violations: <none>

REQP-1580#10 Warning
Phase alignment  
Unsupported clocking topology used for ISERDESE2 ddr_renderer_top_inst/ddr3_arbiter_inst/phy_instance/genblk11[3].iserdes_dq_inst. This can result in corrupted data. The ddr_renderer_top_inst/ddr3_arbiter_inst/phy_instance/genblk11[3].iserdes_dq_inst/OCLK / ddr_renderer_top_inst/ddr3_arbiter_inst/phy_instance/genblk11[3].iserdes_dq_inst/CLKDIV pins should be driven by the same source through the same buffer type or by a BUFIO / BUFR combination in order to have a proper phase relationship and the ddr_renderer_top_inst/ddr3_arbiter_inst/phy_instance/genblk11[3].iserdes_dq_inst/CLK pin should be driven similarly to the ddr_renderer_top_inst/ddr3_arbiter_inst/phy_instance/genblk11[3].iserdes_dq_inst/OCLK pin. Please refer to the Select I/O User Guide for supported clocking topologies of the chosen INTERFACE_TYPE mode.
Related violations: <none>

REQP-1580#11 Warning
Phase alignment  
Unsupported clocking topology used for ISERDESE2 ddr_renderer_top_inst/ddr3_arbiter_inst/phy_instance/genblk11[4].iserdes_dq_inst. This can result in corrupted data. The ddr_renderer_top_inst/ddr3_arbiter_inst/phy_instance/genblk11[4].iserdes_dq_inst/OCLK / ddr_renderer_top_inst/ddr3_arbiter_inst/phy_instance/genblk11[4].iserdes_dq_inst/CLKDIV pins should be driven by the same source through the same buffer type or by a BUFIO / BUFR combination in order to have a proper phase relationship and the ddr_renderer_top_inst/ddr3_arbiter_inst/phy_instance/genblk11[4].iserdes_dq_inst/CLK pin should be driven similarly to the ddr_renderer_top_inst/ddr3_arbiter_inst/phy_instance/genblk11[4].iserdes_dq_inst/OCLK pin. Please refer to the Select I/O User Guide for supported clocking topologies of the chosen INTERFACE_TYPE mode.
Related violations: <none>

REQP-1580#12 Warning
Phase alignment  
Unsupported clocking topology used for ISERDESE2 ddr_renderer_top_inst/ddr3_arbiter_inst/phy_instance/genblk11[5].iserdes_dq_inst. This can result in corrupted data. The ddr_renderer_top_inst/ddr3_arbiter_inst/phy_instance/genblk11[5].iserdes_dq_inst/OCLK / ddr_renderer_top_inst/ddr3_arbiter_inst/phy_instance/genblk11[5].iserdes_dq_inst/CLKDIV pins should be driven by the same source through the same buffer type or by a BUFIO / BUFR combination in order to have a proper phase relationship and the ddr_renderer_top_inst/ddr3_arbiter_inst/phy_instance/genblk11[5].iserdes_dq_inst/CLK pin should be driven similarly to the ddr_renderer_top_inst/ddr3_arbiter_inst/phy_instance/genblk11[5].iserdes_dq_inst/OCLK pin. Please refer to the Select I/O User Guide for supported clocking topologies of the chosen INTERFACE_TYPE mode.
Related violations: <none>

REQP-1580#13 Warning
Phase alignment  
Unsupported clocking topology used for ISERDESE2 ddr_renderer_top_inst/ddr3_arbiter_inst/phy_instance/genblk11[6].iserdes_dq_inst. This can result in corrupted data. The ddr_renderer_top_inst/ddr3_arbiter_inst/phy_instance/genblk11[6].iserdes_dq_inst/OCLK / ddr_renderer_top_inst/ddr3_arbiter_inst/phy_instance/genblk11[6].iserdes_dq_inst/CLKDIV pins should be driven by the same source through the same buffer type or by a BUFIO / BUFR combination in order to have a proper phase relationship and the ddr_renderer_top_inst/ddr3_arbiter_inst/phy_instance/genblk11[6].iserdes_dq_inst/CLK pin should be driven similarly to the ddr_renderer_top_inst/ddr3_arbiter_inst/phy_instance/genblk11[6].iserdes_dq_inst/OCLK pin. Please refer to the Select I/O User Guide for supported clocking topologies of the chosen INTERFACE_TYPE mode.
Related violations: <none>

REQP-1580#14 Warning
Phase alignment  
Unsupported clocking topology used for ISERDESE2 ddr_renderer_top_inst/ddr3_arbiter_inst/phy_instance/genblk11[7].iserdes_dq_inst. This can result in corrupted data. The ddr_renderer_top_inst/ddr3_arbiter_inst/phy_instance/genblk11[7].iserdes_dq_inst/OCLK / ddr_renderer_top_inst/ddr3_arbiter_inst/phy_instance/genblk11[7].iserdes_dq_inst/CLKDIV pins should be driven by the same source through the same buffer type or by a BUFIO / BUFR combination in order to have a proper phase relationship and the ddr_renderer_top_inst/ddr3_arbiter_inst/phy_instance/genblk11[7].iserdes_dq_inst/CLK pin should be driven similarly to the ddr_renderer_top_inst/ddr3_arbiter_inst/phy_instance/genblk11[7].iserdes_dq_inst/OCLK pin. Please refer to the Select I/O User Guide for supported clocking topologies of the chosen INTERFACE_TYPE mode.
Related violations: <none>

REQP-1580#15 Warning
Phase alignment  
Unsupported clocking topology used for ISERDESE2 ddr_renderer_top_inst/ddr3_arbiter_inst/phy_instance/genblk11[8].iserdes_dq_inst. This can result in corrupted data. The ddr_renderer_top_inst/ddr3_arbiter_inst/phy_instance/genblk11[8].iserdes_dq_inst/OCLK / ddr_renderer_top_inst/ddr3_arbiter_inst/phy_instance/genblk11[8].iserdes_dq_inst/CLKDIV pins should be driven by the same source through the same buffer type or by a BUFIO / BUFR combination in order to have a proper phase relationship and the ddr_renderer_top_inst/ddr3_arbiter_inst/phy_instance/genblk11[8].iserdes_dq_inst/CLK pin should be driven similarly to the ddr_renderer_top_inst/ddr3_arbiter_inst/phy_instance/genblk11[8].iserdes_dq_inst/OCLK pin. Please refer to the Select I/O User Guide for supported clocking topologies of the chosen INTERFACE_TYPE mode.
Related violations: <none>

REQP-1580#16 Warning
Phase alignment  
Unsupported clocking topology used for ISERDESE2 ddr_renderer_top_inst/ddr3_arbiter_inst/phy_instance/genblk11[9].iserdes_dq_inst. This can result in corrupted data. The ddr_renderer_top_inst/ddr3_arbiter_inst/phy_instance/genblk11[9].iserdes_dq_inst/OCLK / ddr_renderer_top_inst/ddr3_arbiter_inst/phy_instance/genblk11[9].iserdes_dq_inst/CLKDIV pins should be driven by the same source through the same buffer type or by a BUFIO / BUFR combination in order to have a proper phase relationship and the ddr_renderer_top_inst/ddr3_arbiter_inst/phy_instance/genblk11[9].iserdes_dq_inst/CLK pin should be driven similarly to the ddr_renderer_top_inst/ddr3_arbiter_inst/phy_instance/genblk11[9].iserdes_dq_inst/OCLK pin. Please refer to the Select I/O User Guide for supported clocking topologies of the chosen INTERFACE_TYPE mode.
Related violations: <none>

REQP-1840#1 Warning
RAMB18 async control check  
The RAMB18E1 ddr_renderer_top_inst/frame_buffer_inst/bram0/U0/inst_blk_mem_gen/gnbram.gnativebmg.native_blk_mem_gen/valid.cstr/ramloop[0].ram.r/prim_noinit.ram/DEVICE_7SERIES.NO_BMM_INFO.TRUE_DP.SIMPLE_PRIM18.ram has an input control pin ddr_renderer_top_inst/frame_buffer_inst/bram0/U0/inst_blk_mem_gen/gnbram.gnativebmg.native_blk_mem_gen/valid.cstr/ramloop[0].ram.r/prim_noinit.ram/DEVICE_7SERIES.NO_BMM_INFO.TRUE_DP.SIMPLE_PRIM18.ram/ADDRBWRADDR[10] (net: ddr_renderer_top_inst/frame_buffer_inst/bram0/U0/inst_blk_mem_gen/gnbram.gnativebmg.native_blk_mem_gen/valid.cstr/ramloop[0].ram.r/prim_noinit.ram/addrb[6]) which is driven by a register (ddr_renderer_top_inst/vga_controller_inst/hc_reg[6]) that has an active asychronous set or reset. This may cause corruption of the memory contents and/or read values when the set/reset is asserted and is not analyzed by the default static timing analysis. It is suggested to eliminate the use of a set/reset to registers driving this RAMB pin or else use a synchronous reset in which the assertion of the reset is timed by default.
Related violations: <none>

REQP-1840#2 Warning
RAMB18 async control check  
The RAMB18E1 ddr_renderer_top_inst/frame_buffer_inst/bram0/U0/inst_blk_mem_gen/gnbram.gnativebmg.native_blk_mem_gen/valid.cstr/ramloop[0].ram.r/prim_noinit.ram/DEVICE_7SERIES.NO_BMM_INFO.TRUE_DP.SIMPLE_PRIM18.ram has an input control pin ddr_renderer_top_inst/frame_buffer_inst/bram0/U0/inst_blk_mem_gen/gnbram.gnativebmg.native_blk_mem_gen/valid.cstr/ramloop[0].ram.r/prim_noinit.ram/DEVICE_7SERIES.NO_BMM_INFO.TRUE_DP.SIMPLE_PRIM18.ram/ADDRBWRADDR[11] (net: ddr_renderer_top_inst/frame_buffer_inst/bram0/U0/inst_blk_mem_gen/gnbram.gnativebmg.native_blk_mem_gen/valid.cstr/ramloop[0].ram.r/prim_noinit.ram/addrb[7]) which is driven by a register (ddr_renderer_top_inst/vga_controller_inst/hc_reg[7]) that has an active asychronous set or reset. This may cause corruption of the memory contents and/or read values when the set/reset is asserted and is not analyzed by the default static timing analysis. It is suggested to eliminate the use of a set/reset to registers driving this RAMB pin or else use a synchronous reset in which the assertion of the reset is timed by default.
Related violations: <none>

REQP-1840#3 Warning
RAMB18 async control check  
The RAMB18E1 ddr_renderer_top_inst/frame_buffer_inst/bram0/U0/inst_blk_mem_gen/gnbram.gnativebmg.native_blk_mem_gen/valid.cstr/ramloop[0].ram.r/prim_noinit.ram/DEVICE_7SERIES.NO_BMM_INFO.TRUE_DP.SIMPLE_PRIM18.ram has an input control pin ddr_renderer_top_inst/frame_buffer_inst/bram0/U0/inst_blk_mem_gen/gnbram.gnativebmg.native_blk_mem_gen/valid.cstr/ramloop[0].ram.r/prim_noinit.ram/DEVICE_7SERIES.NO_BMM_INFO.TRUE_DP.SIMPLE_PRIM18.ram/ADDRBWRADDR[12] (net: ddr_renderer_top_inst/frame_buffer_inst/bram0/U0/inst_blk_mem_gen/gnbram.gnativebmg.native_blk_mem_gen/valid.cstr/ramloop[0].ram.r/prim_noinit.ram/addrb[8]) which is driven by a register (ddr_renderer_top_inst/vga_controller_inst/hc_reg[8]) that has an active asychronous set or reset. This may cause corruption of the memory contents and/or read values when the set/reset is asserted and is not analyzed by the default static timing analysis. It is suggested to eliminate the use of a set/reset to registers driving this RAMB pin or else use a synchronous reset in which the assertion of the reset is timed by default.
Related violations: <none>

REQP-1840#4 Warning
RAMB18 async control check  
The RAMB18E1 ddr_renderer_top_inst/frame_buffer_inst/bram0/U0/inst_blk_mem_gen/gnbram.gnativebmg.native_blk_mem_gen/valid.cstr/ramloop[0].ram.r/prim_noinit.ram/DEVICE_7SERIES.NO_BMM_INFO.TRUE_DP.SIMPLE_PRIM18.ram has an input control pin ddr_renderer_top_inst/frame_buffer_inst/bram0/U0/inst_blk_mem_gen/gnbram.gnativebmg.native_blk_mem_gen/valid.cstr/ramloop[0].ram.r/prim_noinit.ram/DEVICE_7SERIES.NO_BMM_INFO.TRUE_DP.SIMPLE_PRIM18.ram/ADDRBWRADDR[13] (net: ddr_renderer_top_inst/frame_buffer_inst/bram0/U0/inst_blk_mem_gen/gnbram.gnativebmg.native_blk_mem_gen/valid.cstr/ramloop[0].ram.r/prim_noinit.ram/addrb[9]) which is driven by a register (ddr_renderer_top_inst/vga_controller_inst/hc_reg[9]) that has an active asychronous set or reset. This may cause corruption of the memory contents and/or read values when the set/reset is asserted and is not analyzed by the default static timing analysis. It is suggested to eliminate the use of a set/reset to registers driving this RAMB pin or else use a synchronous reset in which the assertion of the reset is timed by default.
Related violations: <none>

REQP-1840#5 Warning
RAMB18 async control check  
The RAMB18E1 ddr_renderer_top_inst/frame_buffer_inst/bram0/U0/inst_blk_mem_gen/gnbram.gnativebmg.native_blk_mem_gen/valid.cstr/ramloop[0].ram.r/prim_noinit.ram/DEVICE_7SERIES.NO_BMM_INFO.TRUE_DP.SIMPLE_PRIM18.ram has an input control pin ddr_renderer_top_inst/frame_buffer_inst/bram0/U0/inst_blk_mem_gen/gnbram.gnativebmg.native_blk_mem_gen/valid.cstr/ramloop[0].ram.r/prim_noinit.ram/DEVICE_7SERIES.NO_BMM_INFO.TRUE_DP.SIMPLE_PRIM18.ram/ADDRBWRADDR[4] (net: ddr_renderer_top_inst/frame_buffer_inst/bram0/U0/inst_blk_mem_gen/gnbram.gnativebmg.native_blk_mem_gen/valid.cstr/ramloop[0].ram.r/prim_noinit.ram/addrb[0]) which is driven by a register (ddr_renderer_top_inst/vga_controller_inst/hc_reg[0]) that has an active asychronous set or reset. This may cause corruption of the memory contents and/or read values when the set/reset is asserted and is not analyzed by the default static timing analysis. It is suggested to eliminate the use of a set/reset to registers driving this RAMB pin or else use a synchronous reset in which the assertion of the reset is timed by default.
Related violations: <none>

REQP-1840#6 Warning
RAMB18 async control check  
The RAMB18E1 ddr_renderer_top_inst/frame_buffer_inst/bram0/U0/inst_blk_mem_gen/gnbram.gnativebmg.native_blk_mem_gen/valid.cstr/ramloop[0].ram.r/prim_noinit.ram/DEVICE_7SERIES.NO_BMM_INFO.TRUE_DP.SIMPLE_PRIM18.ram has an input control pin ddr_renderer_top_inst/frame_buffer_inst/bram0/U0/inst_blk_mem_gen/gnbram.gnativebmg.native_blk_mem_gen/valid.cstr/ramloop[0].ram.r/prim_noinit.ram/DEVICE_7SERIES.NO_BMM_INFO.TRUE_DP.SIMPLE_PRIM18.ram/ADDRBWRADDR[5] (net: ddr_renderer_top_inst/frame_buffer_inst/bram0/U0/inst_blk_mem_gen/gnbram.gnativebmg.native_blk_mem_gen/valid.cstr/ramloop[0].ram.r/prim_noinit.ram/addrb[1]) which is driven by a register (ddr_renderer_top_inst/vga_controller_inst/hc_reg[1]) that has an active asychronous set or reset. This may cause corruption of the memory contents and/or read values when the set/reset is asserted and is not analyzed by the default static timing analysis. It is suggested to eliminate the use of a set/reset to registers driving this RAMB pin or else use a synchronous reset in which the assertion of the reset is timed by default.
Related violations: <none>

REQP-1840#7 Warning
RAMB18 async control check  
The RAMB18E1 ddr_renderer_top_inst/frame_buffer_inst/bram0/U0/inst_blk_mem_gen/gnbram.gnativebmg.native_blk_mem_gen/valid.cstr/ramloop[0].ram.r/prim_noinit.ram/DEVICE_7SERIES.NO_BMM_INFO.TRUE_DP.SIMPLE_PRIM18.ram has an input control pin ddr_renderer_top_inst/frame_buffer_inst/bram0/U0/inst_blk_mem_gen/gnbram.gnativebmg.native_blk_mem_gen/valid.cstr/ramloop[0].ram.r/prim_noinit.ram/DEVICE_7SERIES.NO_BMM_INFO.TRUE_DP.SIMPLE_PRIM18.ram/ADDRBWRADDR[6] (net: ddr_renderer_top_inst/frame_buffer_inst/bram0/U0/inst_blk_mem_gen/gnbram.gnativebmg.native_blk_mem_gen/valid.cstr/ramloop[0].ram.r/prim_noinit.ram/addrb[2]) which is driven by a register (ddr_renderer_top_inst/vga_controller_inst/hc_reg[2]) that has an active asychronous set or reset. This may cause corruption of the memory contents and/or read values when the set/reset is asserted and is not analyzed by the default static timing analysis. It is suggested to eliminate the use of a set/reset to registers driving this RAMB pin or else use a synchronous reset in which the assertion of the reset is timed by default.
Related violations: <none>

REQP-1840#8 Warning
RAMB18 async control check  
The RAMB18E1 ddr_renderer_top_inst/frame_buffer_inst/bram0/U0/inst_blk_mem_gen/gnbram.gnativebmg.native_blk_mem_gen/valid.cstr/ramloop[0].ram.r/prim_noinit.ram/DEVICE_7SERIES.NO_BMM_INFO.TRUE_DP.SIMPLE_PRIM18.ram has an input control pin ddr_renderer_top_inst/frame_buffer_inst/bram0/U0/inst_blk_mem_gen/gnbram.gnativebmg.native_blk_mem_gen/valid.cstr/ramloop[0].ram.r/prim_noinit.ram/DEVICE_7SERIES.NO_BMM_INFO.TRUE_DP.SIMPLE_PRIM18.ram/ADDRBWRADDR[7] (net: ddr_renderer_top_inst/frame_buffer_inst/bram0/U0/inst_blk_mem_gen/gnbram.gnativebmg.native_blk_mem_gen/valid.cstr/ramloop[0].ram.r/prim_noinit.ram/addrb[3]) which is driven by a register (ddr_renderer_top_inst/vga_controller_inst/hc_reg[3]) that has an active asychronous set or reset. This may cause corruption of the memory contents and/or read values when the set/reset is asserted and is not analyzed by the default static timing analysis. It is suggested to eliminate the use of a set/reset to registers driving this RAMB pin or else use a synchronous reset in which the assertion of the reset is timed by default.
Related violations: <none>

REQP-1840#9 Warning
RAMB18 async control check  
The RAMB18E1 ddr_renderer_top_inst/frame_buffer_inst/bram0/U0/inst_blk_mem_gen/gnbram.gnativebmg.native_blk_mem_gen/valid.cstr/ramloop[0].ram.r/prim_noinit.ram/DEVICE_7SERIES.NO_BMM_INFO.TRUE_DP.SIMPLE_PRIM18.ram has an input control pin ddr_renderer_top_inst/frame_buffer_inst/bram0/U0/inst_blk_mem_gen/gnbram.gnativebmg.native_blk_mem_gen/valid.cstr/ramloop[0].ram.r/prim_noinit.ram/DEVICE_7SERIES.NO_BMM_INFO.TRUE_DP.SIMPLE_PRIM18.ram/ADDRBWRADDR[8] (net: ddr_renderer_top_inst/frame_buffer_inst/bram0/U0/inst_blk_mem_gen/gnbram.gnativebmg.native_blk_mem_gen/valid.cstr/ramloop[0].ram.r/prim_noinit.ram/addrb[4]) which is driven by a register (ddr_renderer_top_inst/vga_controller_inst/hc_reg[4]) that has an active asychronous set or reset. This may cause corruption of the memory contents and/or read values when the set/reset is asserted and is not analyzed by the default static timing analysis. It is suggested to eliminate the use of a set/reset to registers driving this RAMB pin or else use a synchronous reset in which the assertion of the reset is timed by default.
Related violations: <none>

REQP-1840#10 Warning
RAMB18 async control check  
The RAMB18E1 ddr_renderer_top_inst/frame_buffer_inst/bram0/U0/inst_blk_mem_gen/gnbram.gnativebmg.native_blk_mem_gen/valid.cstr/ramloop[0].ram.r/prim_noinit.ram/DEVICE_7SERIES.NO_BMM_INFO.TRUE_DP.SIMPLE_PRIM18.ram has an input control pin ddr_renderer_top_inst/frame_buffer_inst/bram0/U0/inst_blk_mem_gen/gnbram.gnativebmg.native_blk_mem_gen/valid.cstr/ramloop[0].ram.r/prim_noinit.ram/DEVICE_7SERIES.NO_BMM_INFO.TRUE_DP.SIMPLE_PRIM18.ram/ADDRBWRADDR[9] (net: ddr_renderer_top_inst/frame_buffer_inst/bram0/U0/inst_blk_mem_gen/gnbram.gnativebmg.native_blk_mem_gen/valid.cstr/ramloop[0].ram.r/prim_noinit.ram/addrb[5]) which is driven by a register (ddr_renderer_top_inst/vga_controller_inst/hc_reg[5]) that has an active asychronous set or reset. This may cause corruption of the memory contents and/or read values when the set/reset is asserted and is not analyzed by the default static timing analysis. It is suggested to eliminate the use of a set/reset to registers driving this RAMB pin or else use a synchronous reset in which the assertion of the reset is timed by default.
Related violations: <none>

AVAL-4#1 Advisory
enum_USE_DPORT_FALSE_enum_DREG_ADREG_0_connects_CED_CEAD_RSTD_GND  
ddr_renderer_top_inst/graphics_inst/projector_inst/divider/U0/i_synth/i_nonzero_fract.i_synth/opt_high_radix.i_nonzero_fract.i_high_radix/i_estimator/i_multadd/i_synth_option.i_synth_model/opt_vx7.i_uniwrap/i_primitive: DSP48E1 is not using the D port (USE_DPORT = FALSE). For improved power characteristics, set DREG and ADREG to '1', tie CED, CEAD, and RSTD to logic '0'.
Related violations: <none>

AVAL-4#2 Advisory
enum_USE_DPORT_FALSE_enum_DREG_ADREG_0_connects_CED_CEAD_RSTD_GND  
ddr_renderer_top_inst/graphics_inst/projector_inst/divider/U0/i_synth/i_nonzero_fract.i_synth/opt_high_radix.i_nonzero_fract.i_high_radix/i_iterative_unit/i_extra_digits.i_add/i_synth_option.i_synth_model/opt_vx7.i_uniwrap/i_primitive: DSP48E1 is not using the D port (USE_DPORT = FALSE). For improved power characteristics, set DREG and ADREG to '1', tie CED, CEAD, and RSTD to logic '0'.
Related violations: <none>

AVAL-4#3 Advisory
enum_USE_DPORT_FALSE_enum_DREG_ADREG_0_connects_CED_CEAD_RSTD_GND  
ddr_renderer_top_inst/graphics_inst/projector_inst/divider/U0/i_synth/i_nonzero_fract.i_synth/opt_high_radix.i_nonzero_fract.i_high_radix/i_iterative_unit/i_extra_digits.i_multadd/i_synth_option.i_synth_model/opt_vx7.i_uniwrap/i_primitive: DSP48E1 is not using the D port (USE_DPORT = FALSE). For improved power characteristics, set DREG and ADREG to '1', tie CED, CEAD, and RSTD to logic '0'.
Related violations: <none>

AVAL-4#4 Advisory
enum_USE_DPORT_FALSE_enum_DREG_ADREG_0_connects_CED_CEAD_RSTD_GND  
ddr_renderer_top_inst/graphics_inst/projector_inst/divider/U0/i_synth/i_nonzero_fract.i_synth/opt_high_radix.i_nonzero_fract.i_high_radix/i_iterative_unit/i_splice[1].i_add/i_synth_option.i_synth_model/opt_vx7.i_uniwrap/i_primitive: DSP48E1 is not using the D port (USE_DPORT = FALSE). For improved power characteristics, set DREG and ADREG to '1', tie CED, CEAD, and RSTD to logic '0'.
Related violations: <none>

AVAL-4#5 Advisory
enum_USE_DPORT_FALSE_enum_DREG_ADREG_0_connects_CED_CEAD_RSTD_GND  
ddr_renderer_top_inst/graphics_inst/projector_inst/divider/U0/i_synth/i_nonzero_fract.i_synth/opt_high_radix.i_nonzero_fract.i_high_radix/i_iterative_unit/i_splice[1].i_mult/i_synth_option.i_synth_model/opt_vx7.i_uniwrap/i_primitive: DSP48E1 is not using the D port (USE_DPORT = FALSE). For improved power characteristics, set DREG and ADREG to '1', tie CED, CEAD, and RSTD to logic '0'.
Related violations: <none>

AVAL-4#6 Advisory
enum_USE_DPORT_FALSE_enum_DREG_ADREG_0_connects_CED_CEAD_RSTD_GND  
ddr_renderer_top_inst/graphics_inst/projector_inst/divider/U0/i_synth/i_nonzero_fract.i_synth/opt_high_radix.i_nonzero_fract.i_high_radix/i_iterative_unit/i_splice[2].i_add/i_synth_option.i_synth_model/opt_vx7.i_uniwrap/i_primitive: DSP48E1 is not using the D port (USE_DPORT = FALSE). For improved power characteristics, set DREG and ADREG to '1', tie CED, CEAD, and RSTD to logic '0'.
Related violations: <none>

AVAL-4#7 Advisory
enum_USE_DPORT_FALSE_enum_DREG_ADREG_0_connects_CED_CEAD_RSTD_GND  
ddr_renderer_top_inst/graphics_inst/projector_inst/divider/U0/i_synth/i_nonzero_fract.i_synth/opt_high_radix.i_nonzero_fract.i_high_radix/i_iterative_unit/i_splice[2].i_mult/i_synth_option.i_synth_model/opt_vx7.i_uniwrap/i_primitive: DSP48E1 is not using the D port (USE_DPORT = FALSE). For improved power characteristics, set DREG and ADREG to '1', tie CED, CEAD, and RSTD to logic '0'.
Related violations: <none>

AVAL-4#8 Advisory
enum_USE_DPORT_FALSE_enum_DREG_ADREG_0_connects_CED_CEAD_RSTD_GND  
ddr_renderer_top_inst/graphics_inst/projector_inst/divider/U0/i_synth/i_nonzero_fract.i_synth/opt_high_radix.i_nonzero_fract.i_high_radix/i_iterative_unit/i_splice[3].i_add/i_synth_option.i_synth_model/opt_vx7.i_uniwrap/i_primitive: DSP48E1 is not using the D port (USE_DPORT = FALSE). For improved power characteristics, set DREG and ADREG to '1', tie CED, CEAD, and RSTD to logic '0'.
Related violations: <none>

AVAL-4#9 Advisory
enum_USE_DPORT_FALSE_enum_DREG_ADREG_0_connects_CED_CEAD_RSTD_GND  
ddr_renderer_top_inst/graphics_inst/projector_inst/divider/U0/i_synth/i_nonzero_fract.i_synth/opt_high_radix.i_nonzero_fract.i_high_radix/i_iterative_unit/i_splice[3].i_mult/i_synth_option.i_synth_model/opt_vx7.i_uniwrap/i_primitive: DSP48E1 is not using the D port (USE_DPORT = FALSE). For improved power characteristics, set DREG and ADREG to '1', tie CED, CEAD, and RSTD to logic '0'.
Related violations: <none>

AVAL-4#10 Advisory
enum_USE_DPORT_FALSE_enum_DREG_ADREG_0_connects_CED_CEAD_RSTD_GND  
ddr_renderer_top_inst/graphics_inst/projector_inst/divider/U0/i_synth/i_nonzero_fract.i_synth/opt_high_radix.i_nonzero_fract.i_high_radix/i_quotient_collector/i_typical_case.i_addsub/i_vx5_sp3.i_casc_dsp48.i_lower_addsub/i_synth_option.i_synth_model/opt_vx7.i_uniwrap/i_primitive: DSP48E1 is not using the D port (USE_DPORT = FALSE). For improved power characteristics, set DREG and ADREG to '1', tie CED, CEAD, and RSTD to logic '0'.
Related violations: <none>

AVAL-5#1 Advisory
enum_USE_MULT_NONE_enum_DREG_ADREG_0_connects_CED_CEAD_RSTD_GND  
ddr_renderer_top_inst/graphics_inst/projector_inst/divider/U0/i_synth/i_nonzero_fract.i_synth/opt_high_radix.i_nonzero_fract.i_high_radix/i_iterative_unit/i_extra_digits.i_add/i_synth_option.i_synth_model/opt_vx7.i_uniwrap/i_primitive: DSP48E1 is not using the Multiplier (USE_MULT = NONE). For improved power characteristics, set DREG and ADREG to '1', tie CED, CEAD, and RSTD to logic '0'.
Related violations: <none>

AVAL-5#2 Advisory
enum_USE_MULT_NONE_enum_DREG_ADREG_0_connects_CED_CEAD_RSTD_GND  
ddr_renderer_top_inst/graphics_inst/projector_inst/divider/U0/i_synth/i_nonzero_fract.i_synth/opt_high_radix.i_nonzero_fract.i_high_radix/i_iterative_unit/i_splice[1].i_add/i_synth_option.i_synth_model/opt_vx7.i_uniwrap/i_primitive: DSP48E1 is not using the Multiplier (USE_MULT = NONE). For improved power characteristics, set DREG and ADREG to '1', tie CED, CEAD, and RSTD to logic '0'.
Related violations: <none>

AVAL-5#3 Advisory
enum_USE_MULT_NONE_enum_DREG_ADREG_0_connects_CED_CEAD_RSTD_GND  
ddr_renderer_top_inst/graphics_inst/projector_inst/divider/U0/i_synth/i_nonzero_fract.i_synth/opt_high_radix.i_nonzero_fract.i_high_radix/i_iterative_unit/i_splice[2].i_add/i_synth_option.i_synth_model/opt_vx7.i_uniwrap/i_primitive: DSP48E1 is not using the Multiplier (USE_MULT = NONE). For improved power characteristics, set DREG and ADREG to '1', tie CED, CEAD, and RSTD to logic '0'.
Related violations: <none>

AVAL-5#4 Advisory
enum_USE_MULT_NONE_enum_DREG_ADREG_0_connects_CED_CEAD_RSTD_GND  
ddr_renderer_top_inst/graphics_inst/projector_inst/divider/U0/i_synth/i_nonzero_fract.i_synth/opt_high_radix.i_nonzero_fract.i_high_radix/i_iterative_unit/i_splice[3].i_add/i_synth_option.i_synth_model/opt_vx7.i_uniwrap/i_primitive: DSP48E1 is not using the Multiplier (USE_MULT = NONE). For improved power characteristics, set DREG and ADREG to '1', tie CED, CEAD, and RSTD to logic '0'.
Related violations: <none>

AVAL-5#5 Advisory
enum_USE_MULT_NONE_enum_DREG_ADREG_0_connects_CED_CEAD_RSTD_GND  
ddr_renderer_top_inst/graphics_inst/projector_inst/divider/U0/i_synth/i_nonzero_fract.i_synth/opt_high_radix.i_nonzero_fract.i_high_radix/i_quotient_collector/i_typical_case.i_addsub/i_vx5_sp3.i_casc_dsp48.i_lower_addsub/i_synth_option.i_synth_model/opt_vx7.i_uniwrap/i_primitive: DSP48E1 is not using the Multiplier (USE_MULT = NONE). For improved power characteristics, set DREG and ADREG to '1', tie CED, CEAD, and RSTD to logic '0'.
Related violations: <none>


