Copyright 1986-2022 Xilinx, Inc. All Rights Reserved.
---------------------------------------------------------------------------------------------------------------------------
| Tool Version : Vivado v.2022.2 (win64) Build 3671981 Fri Oct 14 05:00:03 MDT 2022
| Date         : Wed Nov 19 16:23:00 2025
| Host         : Aniketh_x86-64 running 64-bit major release  (build 9200)
| Command      : report_utilization -file ddr_renderer_top_utilization_synth.rpt -pb ddr_renderer_top_utilization_synth.pb
| Design       : ddr_renderer_top
| Device       : xc7s50csga324-1
| Speed File   : -1
| Design State : Synthesized
---------------------------------------------------------------------------------------------------------------------------

Utilization Design Information

Table of Contents
-----------------
1. Slice Logic
1.1 Summary of Registers by Type
2. Memory
3. DSP
4. IO and GT Specific
5. Clocking
6. Specific Feature
7. Primitives
8. Black Boxes
9. Instantiated Netlists

1. Slice Logic
--------------

+----------------------------+------+-------+------------+-----------+-------+
|          Site Type         | Used | Fixed | Prohibited | Available | Util% |
+----------------------------+------+-------+------------+-----------+-------+
| Slice LUTs*                | 1094 |     0 |          0 |     32600 |  3.36 |
|   LUT as Logic             |  947 |     0 |          0 |     32600 |  2.90 |
|   LUT as Memory            |  147 |     0 |          0 |      9600 |  1.53 |
|     LUT as Distributed RAM |    0 |     0 |            |           |       |
|     LUT as Shift Register  |  147 |     0 |            |           |       |
| Slice Registers            | 1849 |     0 |          0 |     65200 |  2.84 |
|   Register as Flip Flop    | 1848 |     0 |          0 |     65200 |  2.83 |
|   Register as Latch        |    1 |     0 |          0 |     65200 | <0.01 |
| F7 Muxes                   |   33 |     0 |          0 |     16300 |  0.20 |
| F8 Muxes                   |   10 |     0 |          0 |      8150 |  0.12 |
+----------------------------+------+-------+------------+-----------+-------+
* Warning! The Final LUT count, after physical optimizations and full implementation, is typically lower. Run opt_design after synthesis, if not already completed, for a more realistic count.
Warning! LUT value is adjusted to account for LUT combining.


1.1 Summary of Registers by Type
--------------------------------

+-------+--------------+-------------+--------------+
| Total | Clock Enable | Synchronous | Asynchronous |
+-------+--------------+-------------+--------------+
| 0     |            _ |           - |            - |
| 0     |            _ |           - |          Set |
| 0     |            _ |           - |        Reset |
| 0     |            _ |         Set |            - |
| 0     |            _ |       Reset |            - |
| 0     |          Yes |           - |            - |
| 0     |          Yes |           - |          Set |
| 23    |          Yes |           - |        Reset |
| 28    |          Yes |         Set |            - |
| 1798  |          Yes |       Reset |            - |
+-------+--------------+-------------+--------------+


2. Memory
---------

+-------------------+------+-------+------------+-----------+-------+
|     Site Type     | Used | Fixed | Prohibited | Available | Util% |
+-------------------+------+-------+------------+-----------+-------+
| Block RAM Tile    |    2 |     0 |          0 |        75 |  2.67 |
|   RAMB36/FIFO*    |    2 |     0 |          0 |        75 |  2.67 |
|     RAMB36E1 only |    2 |       |            |           |       |
|   RAMB18          |    0 |     0 |          0 |       150 |  0.00 |
+-------------------+------+-------+------------+-----------+-------+
* Note: Each Block RAM Tile only has one FIFO logic available and therefore can accommodate only one FIFO36E1 or one FIFO18E1. However, if a FIFO18E1 occupies a Block RAM Tile, that tile can still accommodate a RAMB18E1


3. DSP
------

+-----------+------+-------+------------+-----------+-------+
| Site Type | Used | Fixed | Prohibited | Available | Util% |
+-----------+------+-------+------------+-----------+-------+
| DSPs      |    0 |     0 |          0 |       120 |  0.00 |
+-----------+------+-------+------------+-----------+-------+


4. IO and GT Specific
---------------------

+-----------------------------+------+-------+------------+-----------+-------+
|          Site Type          | Used | Fixed | Prohibited | Available | Util% |
+-----------------------------+------+-------+------------+-----------+-------+
| Bonded IOB                  |   62 |     0 |          0 |       210 | 29.52 |
| Bonded IPADs                |    0 |     0 |          0 |         2 |  0.00 |
| PHY_CONTROL                 |    0 |     0 |          0 |         5 |  0.00 |
| PHASER_REF                  |    0 |     0 |          0 |         5 |  0.00 |
| OUT_FIFO                    |    0 |     0 |          0 |        20 |  0.00 |
| IN_FIFO                     |    0 |     0 |          0 |        20 |  0.00 |
| IDELAYCTRL                  |    1 |     0 |          0 |         5 | 20.00 |
| IBUFDS                      |    2 |     0 |          0 |       202 |  0.99 |
| PHASER_OUT/PHASER_OUT_PHY   |    0 |     0 |          0 |        20 |  0.00 |
| PHASER_IN/PHASER_IN_PHY     |    0 |     0 |          0 |        20 |  0.00 |
| IDELAYE2/IDELAYE2_FINEDELAY |   18 |     0 |          0 |       250 |  7.20 |
|   IDELAYE2 only             |   18 |     0 |            |           |       |
| ILOGIC                      |   16 |     0 |          0 |       210 |  7.62 |
|   ISERDES                   |   16 |       |          0 |       210 |       |
| OLOGIC                      |   41 |     0 |          0 |       210 | 19.52 |
|   OSERDES                   |   41 |       |          0 |       210 |       |
+-----------------------------+------+-------+------------+-----------+-------+


5. Clocking
-----------

+------------+------+-------+------------+-----------+-------+
|  Site Type | Used | Fixed | Prohibited | Available | Util% |
+------------+------+-------+------------+-----------+-------+
| BUFGCTRL   |    1 |     0 |          0 |        32 |  3.13 |
| BUFIO      |    0 |     0 |          0 |        20 |  0.00 |
| MMCME2_ADV |    0 |     0 |          0 |         5 |  0.00 |
| PLLE2_ADV  |    0 |     0 |          0 |         5 |  0.00 |
| BUFMRCE    |    0 |     0 |          0 |        10 |  0.00 |
| BUFHCE     |    0 |     0 |          0 |        72 |  0.00 |
| BUFR       |    0 |     0 |          0 |        20 |  0.00 |
+------------+------+-------+------------+-----------+-------+


6. Specific Feature
-------------------

+-------------+------+-------+------------+-----------+-------+
|  Site Type  | Used | Fixed | Prohibited | Available | Util% |
+-------------+------+-------+------------+-----------+-------+
| BSCANE2     |    0 |     0 |          0 |         4 |  0.00 |
| CAPTUREE2   |    0 |     0 |          0 |         1 |  0.00 |
| DNA_PORT    |    0 |     0 |          0 |         1 |  0.00 |
| EFUSE_USR   |    0 |     0 |          0 |         1 |  0.00 |
| FRAME_ECCE2 |    0 |     0 |          0 |         1 |  0.00 |
| ICAPE2      |    0 |     0 |          0 |         2 |  0.00 |
| STARTUPE2   |    0 |     0 |          0 |         1 |  0.00 |
| XADC        |    0 |     0 |          0 |         1 |  0.00 |
+-------------+------+-------+------------+-----------+-------+


7. Primitives
-------------

+------------+------+---------------------+
|  Ref Name  | Used | Functional Category |
+------------+------+---------------------+
| FDRE       | 1798 |        Flop & Latch |
| LUT6       |  325 |                 LUT |
| LUT3       |  262 |                 LUT |
| LUT2       |  233 |                 LUT |
| LUT4       |  183 |                 LUT |
| SRL16E     |  147 |  Distributed Memory |
| LUT5       |  134 |                 LUT |
| CARRY4     |   72 |          CarryLogic |
| OSERDESE2  |   41 |                  IO |
| LUT1       |   40 |                 LUT |
| OBUF       |   33 |                  IO |
| MUXF7      |   33 |               MuxFx |
| FDSE       |   28 |        Flop & Latch |
| FDCE       |   22 |        Flop & Latch |
| IBUF       |   20 |                  IO |
| OBUFT      |   19 |                  IO |
| IDELAYE2   |   18 |                  IO |
| ISERDESE2  |   16 |                  IO |
| MUXF8      |   10 |               MuxFx |
| OBUFTDS    |    4 |                  IO |
| INV        |    3 |                 LUT |
| RAMB36E1   |    2 |        Block Memory |
| OBUFDS     |    2 |                  IO |
| IBUFDS     |    2 |                  IO |
| LDCE       |    1 |        Flop & Latch |
| IDELAYCTRL |    1 |                  IO |
| BUFG       |    1 |               Clock |
+------------+------+---------------------+


8. Black Boxes
--------------

+------------------+------+
|     Ref Name     | Used |
+------------------+------+
| hdmi_tx_0        |    1 |
| fifo_generator_0 |    1 |
| clk_wiz_1        |    1 |
| clk_wiz_0        |    1 |
| blk_mem_gen_0    |    1 |
+------------------+------+


9. Instantiated Netlists
------------------------

+----------+------+
| Ref Name | Used |
+----------+------+


